real-time non-blocking time  (microseconds, -R) unlimited
core file size              (blocks, -c) 0
data seg size               (kbytes, -d) unlimited
scheduling priority                 (-e) 0
file size                   (blocks, -f) unlimited
pending signals                     (-i) 16512639
max locked memory           (kbytes, -l) 528414700
max memory size             (kbytes, -m) unlimited
open files                          (-n) 8192
pipe size                (512 bytes, -p) 8
POSIX message queues         (bytes, -q) 819200
real-time priority                  (-r) 0
stack size                  (kbytes, -s) 8192
cpu time                   (seconds, -t) unlimited
max user processes                  (-u) 16512639
virtual memory              (kbytes, -v) unlimited
file locks                          (-x) unlimited
Virtual environment activated
Python executable: /home/Shared/UniBe-swiss-ndvi/GitHub/swiss-ndvi-processing/.venv/bin/python
Python version: Python 3.12.3

2017-04-01
2025-11-30
Current commit:
b249e89d196ff19d0ca006b76f52ad4898f70171

Commit details:
* b249e89 (HEAD -> rerun-old-version-without-7-day-window) refactor: make function for TIFF generation (reuse for report plotting)
* 4e4c6fc (origin/rerun-old-version-without-7-day-window) docs: fix python table
* aa9211a docs: copy (but outcomment) aerial views from old report into appendix
* 95bd0b3 docs: copy paste section 1-4 from old report to appendix
* 219419b docs: add figure of data coverage to report
* cd21fd4 docs: add file for new report structure
* 9af8bd7 chore: Move scripts for report into ./report/
* 27d1061 Upload images for report
| *   7cd20a1 (refs/stash) On rerun-old-version-without-7-day-window: gifs generated
|/|\  
| | * a9d9965 untracked files on rerun-old-version-without-7-day-window: 3d772f3 finalize report

Working tree status:
On branch rerun-old-version-without-7-day-window
Your branch is ahead of 'origin/rerun-old-version-without-7-day-window' by 1 commit.
  (use "git push" to publish your local commits)

Changes not staged for commit:
  (use "git add <file>..." to update what will be committed)
  (use "git restore <file>..." to discard changes in working directory)
	modified:   ../../../report/method_report_v2.ipynb
	modified:   ../../../report/new_method_report.ipynb
	modified:   ../../../report/tmp_area_visualization.py
	modified:   0_1_run_historic_analysis.sh
	modified:   2b_crop_to_2025-11-30.py
	modified:   3_check_historical_ndvi.py
	modified:   4_plot_historic_tiff.py

Untracked files:
  (use "git add <file>..." to include in what will be committed)
	../../../gifs/
	../../../report/fig/flowchart_continous.png
	../../../report/fig/flowchart_historical.png
	../../../report/fig/historical_2026-04-04_18h16_historical_v7c.zarr-TESTSUITE_Fig0_evaluationSites.png
	../../../report/fig/historical_2026-04-04_18h16_historical_v7c.zarr-TESTSUITE_Fig0_toughSites.png
	../../../report/fig/prova_3/
	NDVI_utils/__pycache__/
	__pycache__/

no changes added to commit (use "git add" and/or "git commit -a")

============================================================
Historic processing started at: 2026-05-20 05:56:33
Log file: /home/Shared/UniBe-swiss-ndvi/GitHub/swiss-ndvi-processing/logs/historic_analysis_2026-05-20_05h56m33.log
============================================================

Running: with arguments: 2017-04-01 2025-11-30
------------------------------------------------------------
------------------------------------------------------------
Running: /home/Shared/UniBe-swiss-ndvi/GitHub/swiss-ndvi-processing/workflow_implementation/MS1_script_for_historical_NDVI/new_historical_processing/1_download_satellite_images.py
Start time: 2026-05-20 05:56:33
Finished: /home/Shared/UniBe-swiss-ndvi/GitHub/swiss-ndvi-processing/workflow_implementation/MS1_script_for_historical_NDVI/new_historical_processing/1_download_satellite_images.py
Duration: 00:00:00 (hh:mm:ss)
Download script returned value: /mnt/data2/UniBe-swiss-ndvi/historic_data/tmp_2026-04-04_18h16_ndvi_01_downloaded_2017-01-01_2025-12-31.zarr

------------------------------------------------------------
Running: /home/Shared/UniBe-swiss-ndvi/GitHub/swiss-ndvi-processing/workflow_implementation/MS1_script_for_historical_NDVI/new_historical_processing/4_plot_historic_tiff.py
Start time: 2026-05-20 05:56:33
<Client: 'tcp://127.0.0.1:35501' processes=60 threads=60, memory=670.55 GiB>
http://127.0.0.1:8346/status
/home/Shared/UniBe-swiss-ndvi/GitHub/swiss-ndvi-processing/.venv/lib/python3.12/site-packages/numcodecs/zarr3.py:94: UserWarning: Numcodecs codecs are not in the Zarr version 3 specification and may not be supported by other zarr implementations.
  warn(
/home/Shared/UniBe-swiss-ndvi/GitHub/swiss-ndvi-processing/.venv/lib/python3.12/site-packages/numcodecs/zarr3.py:94: UserWarning: Numcodecs codecs are not in the Zarr version 3 specification and may not be supported by other zarr implementations.
  warn(
/home/Shared/UniBe-swiss-ndvi/GitHub/swiss-ndvi-processing/.venv/lib/python3.12/site-packages/pyproj/crs/_cf1x8.py:514: UserWarning: angle from rectified to skew grid parameter lost in conversion to CF
  warnings.warn(
/home/Shared/UniBe-swiss-ndvi/GitHub/swiss-ndvi-processing/.venv/lib/python3.12/site-packages/rioxarray/raster_writer.py:301: RuntimeWarning: invalid value encountered in cast
  data = encode_cf_variable(out_data.variable).values.astype(
[2026-05-20 05:59:45]
Created /mnt/data1/UniBe-swiss-ndvi/data/tiffs_historic_v7final2/20170703_historic.tiff
Created /mnt/data1/UniBe-swiss-ndvi/data/tiffs_historic_v7final2/20170703_historic_mask.tiff
Finished: /home/Shared/UniBe-swiss-ndvi/GitHub/swiss-ndvi-processing/workflow_implementation/MS1_script_for_historical_NDVI/new_historical_processing/4_plot_historic_tiff.py
Duration: 00:03:14 (hh:mm:ss)
