real-time non-blocking time  (microseconds, -R) unlimited
core file size              (blocks, -c) 0
data seg size               (kbytes, -d) unlimited
scheduling priority                 (-e) 0
file size                   (blocks, -f) unlimited
pending signals                     (-i) 16512639
max locked memory           (kbytes, -l) 528414700
max memory size             (kbytes, -m) unlimited
open files                          (-n) 8192
pipe size                (512 bytes, -p) 8
POSIX message queues         (bytes, -q) 819200
real-time priority                  (-r) 0
stack size                  (kbytes, -s) 8192
cpu time                   (seconds, -t) unlimited
max user processes                  (-u) 16512639
virtual memory              (kbytes, -v) unlimited
file locks                          (-x) unlimited
Virtual environment activated
Python executable: /home/Shared/UniBe-swiss-ndvi/GitHub/swiss-ndvi-processing/.venv/bin/python
Python version: Python 3.12.3

2017-04-01
2025-11-30
Current commit:
4e4c6fc66ead5930091a64305e9c4cd52a91acc0

Commit details:
* 4e4c6fc (HEAD -> rerun-old-version-without-7-day-window, origin/rerun-old-version-without-7-day-window) docs: fix python table
* aa9211a docs: copy (but outcomment) aerial views from old report into appendix
* 95bd0b3 docs: copy paste section 1-4 from old report to appendix
* 219419b docs: add figure of data coverage to report
* cd21fd4 docs: add file for new report structure
* 9af8bd7 chore: Move scripts for report into ./report/
* 27d1061 Upload images for report
| *   7cd20a1 (refs/stash) On rerun-old-version-without-7-day-window: gifs generated
|/|\  
| | * a9d9965 untracked files on rerun-old-version-without-7-day-window: 3d772f3 finalize report
| * a8dd3d4 index on rerun-old-version-without-7-day-window: 3d772f3 finalize report
|/  

Working tree status:
On branch rerun-old-version-without-7-day-window
Your branch is up to date with 'origin/rerun-old-version-without-7-day-window'.

Changes not staged for commit:
  (use "git add <file>..." to update what will be committed)
  (use "git restore <file>..." to discard changes in working directory)
	modified:   ../../../report/method_report_v2.ipynb
	modified:   ../../../report/new_method_report.ipynb
	modified:   0_1_run_historic_analysis.sh
	modified:   2b_crop_to_2025-11-30.py
	modified:   3_check_historical_ndvi.py

Untracked files:
  (use "git add <file>..." to include in what will be committed)
	../../../gifs/
	../../../report/fig/flowchart_continous.png
	../../../report/fig/flowchart_historical.png
	../../../report/fig/historical_2026-04-04_18h16_historical_v7c.zarr-TESTSUITE_Fig0_evaluationSites.png
	../../../report/fig/historical_2026-04-04_18h16_historical_v7c.zarr-TESTSUITE_Fig0_toughSites.png
	../../../report/fig/prova_3/

no changes added to commit (use "git add" and/or "git commit -a")

============================================================
Historic processing started at: 2026-05-19 13:20:29
Log file: /home/Shared/UniBe-swiss-ndvi/GitHub/swiss-ndvi-processing/logs/historic_analysis_2026-05-19_13h20m29.log
============================================================

Running: with arguments: 2017-04-01 2025-11-30
------------------------------------------------------------
------------------------------------------------------------
Running: /home/Shared/UniBe-swiss-ndvi/GitHub/swiss-ndvi-processing/workflow_implementation/MS1_script_for_historical_NDVI/new_historical_processing/1_download_satellite_images.py
Start time: 2026-05-19 13:20:29
Finished: /home/Shared/UniBe-swiss-ndvi/GitHub/swiss-ndvi-processing/workflow_implementation/MS1_script_for_historical_NDVI/new_historical_processing/1_download_satellite_images.py
Duration: 00:00:00 (hh:mm:ss)
Download script returned value: /mnt/data2/UniBe-swiss-ndvi/historic_data/tmp_2026-04-04_18h16_ndvi_01_downloaded_2017-01-01_2025-12-31.zarr

------------------------------------------------------------
Running: /home/Shared/UniBe-swiss-ndvi/GitHub/swiss-ndvi-processing/workflow_implementation/MS1_script_for_historical_NDVI/new_historical_processing/2b_crop_to_2025-11-30.py
Start time: 2026-05-19 13:20:29
/home/Shared/UniBe-swiss-ndvi/GitHub/swiss-ndvi-processing/.venv/lib/python3.12/site-packages/zarr/api/asynchronous.py:203: UserWarning: Consolidated metadata is currently not part in the Zarr format 3 specification. It may not be supported by other zarr implementations and may change in the future.
  warnings.warn(
Finished: /home/Shared/UniBe-swiss-ndvi/GitHub/swiss-ndvi-processing/workflow_implementation/MS1_script_for_historical_NDVI/new_historical_processing/2b_crop_to_2025-11-30.py
Duration: 00:22:55 (hh:mm:ss)
