nohup: ignoring input
Virtual environment activated
Python executable: /home/Shared/UniBe-swiss-ndvi/GitHub/swiss-ndvi-processing/.venv/bin/python
Python version: Python 3.12.3

2026-01-03
2026-01-03
============================================================
Pipeline started at: 2026-04-29 07:16:55
Log file: /home/Shared/UniBe-swiss-ndvi/GitHub/swiss-ndvi-processing/workflow_implementation/demo/test_all_pixels/pipeline_FG_2026-04-29_07h16m52.log
============================================================

Running: with arguments: 2026-01-03 2026-01-03
------------------------------------------------------------
------------------------------------------------------------
Running: /home/Shared/UniBe-swiss-ndvi/GitHub/swiss-ndvi-processing/workflow_implementation/demo/test_all_pixels/1_extract_swisstopo_dataset.py
Start time: 2026-04-29 07:16:55
Starting download for:
2026-01-03_10h34
bbox_swisstopo_2056, width_swisstopo, height_swisstopo
BoundingBox(left=2474090.0, bottom=1065110.0, right=2851370.0, top=1310530.0)
37728
24542
Total of global grid used for pixel ID (based on forest mask): 
Box: BoundingBox(left=2474090.0, bottom=1065110.0, right=2851370.0, top=1310530.0) pixels
Grid: (24542, 37728) = 925_920_576 pixels, of which 105_715_396 are identified as forest pixels.
Reference raster metadata:
{'transform': Affine(10.0, 0.0, 2474090.0,
       0.0, -10.0, 1310530.0), 'crs': CRS.from_wkt('PROJCS["CH1903+ / LV95",GEOGCS["CH1903+",DATUM["CH1903+",SPHEROID["Bessel 1841",6377397.155,299.1528128,AUTHORITY["EPSG","7004"]],AUTHORITY["EPSG","6150"]],PRIMEM["Greenwich",0,AUTHORITY["EPSG","8901"]],UNIT["degree",0.0174532925199433,AUTHORITY["EPSG","9122"]],AUTHORITY["EPSG","4150"]],PROJECTION["Hotine_Oblique_Mercator_Azimuth_Center"],PARAMETER["latitude_of_center",46.9524055555556],PARAMETER["longitude_of_center",7.43958333333333],PARAMETER["azimuth",90],PARAMETER["rectified_grid_angle",90],PARAMETER["scale_factor",1],PARAMETER["false_easting",2600000],PARAMETER["false_northing",1200000],UNIT["metre",1,AUTHORITY["EPSG","9001"]],AXIS["Easting",EAST],AXIS["Northing",NORTH],AUTHORITY["EPSG","2056"]]'), 'width': np.float64(37728.0), 'height': np.float64(24542.0)}
  0%|          | 0/1 [00:00<?, ?it/s]/home/Shared/UniBe-swiss-ndvi/GitHub/swiss-ndvi-processing/workflow_implementation/demo/test_all_pixels/1_extract_swisstopo_dataset.py:371: RuntimeWarning: invalid value encountered in divide
  ndvi = (nir - red) / (nir + red)
/home/Shared/UniBe-swiss-ndvi/GitHub/swiss-ndvi-processing/workflow_implementation/demo/test_all_pixels/1_extract_swisstopo_dataset.py:398: RuntimeWarning: invalid value encountered in divide
  ndsi = (green - swir_10m) / (green + swir_10m)
/home/Shared/UniBe-swiss-ndvi/GitHub/swiss-ndvi-processing/workflow_implementation/demo/test_all_pixels/1_extract_swisstopo_dataset.py:428: UserWarning: no explicit representation of timezones available for np.datetime64
  timesteps_ds[t] = np.datetime64(timestep_dttm).astype("datetime64[ns]").astype("int64")
Time step 0 processed successfully.
100%|██████████| 1/1 [08:37<00:00, 517.48s/it]100%|██████████| 1/1 [08:37<00:00, 517.48s/it]
/home/Shared/UniBe-swiss-ndvi/GitHub/swiss-ndvi-processing/.venv/lib/python3.12/site-packages/zarr/api/asynchronous.py:203: UserWarning: Consolidated metadata is currently not part in the Zarr format 3 specification. It may not be supported by other zarr implementations and may change in the future.
  warnings.warn(
/mnt/data2/UniBe-swiss-ndvi/data/tmp_2026-04-29_07h16_ndvi_01_downloaded_2026-01-03_2026-01-03.zarr
Finished: /home/Shared/UniBe-swiss-ndvi/GitHub/swiss-ndvi-processing/workflow_implementation/demo/test_all_pixels/1_extract_swisstopo_dataset.py
Duration: 00:11:01 (hh:mm:ss)
Download script returned value: /mnt/data2/UniBe-swiss-ndvi/data/tmp_2026-04-29_07h16_ndvi_01_downloaded_2026-01-03_2026-01-03.zarr

New satellite image download found. Continuing with full pipeline...

------------------------------------------------------------
Running: /home/Shared/UniBe-swiss-ndvi/GitHub/swiss-ndvi-processing/workflow_implementation/demo/test_all_pixels/4_merge_zarr.py
Start time: 2026-04-29 07:27:56
<Client: 'tcp://127.0.0.1:35387' processes=50 threads=50, memory=1.09 TiB>
http://127.0.0.1:8343/status
Initialized n=1 daily dates:
       daily   obs_date obs_times
0 2026-01-03 2026-01-03  10:34:41
/home/Shared/UniBe-swiss-ndvi/GitHub/swiss-ndvi-processing/.venv/lib/python3.12/site-packages/zarr/api/asynchronous.py:203: UserWarning: Consolidated metadata is currently not part in the Zarr format 3 specification. It may not be supported by other zarr implementations and may change in the future.
  warnings.warn(
All done
Created file: 
/mnt/data2/UniBe-swiss-ndvi/data/tmp_2026-04-29_07h16_ndvi_01_downloaded_2026-01-03_2026-01-03_processed.zarr
Finished: /home/Shared/UniBe-swiss-ndvi/GitHub/swiss-ndvi-processing/workflow_implementation/demo/test_all_pixels/4_merge_zarr.py
Duration: 00:01:55 (hh:mm:ss)
Merging script returned value: /mnt/data2/UniBe-swiss-ndvi/data/tmp_2026-04-29_07h16_ndvi_01_downloaded_2026-01-03_2026-01-03_processed.zarr
------------------------------------------------------------
Running: /home/Shared/UniBe-swiss-ndvi/GitHub/swiss-ndvi-processing/workflow_implementation/demo/test_all_pixels/5_analyse_demo_francesco.py
Start time: 2026-04-29 07:29:51
<Client: 'tcp://127.0.0.1:35613' processes=30 threads=30, memory=3.27 TiB>
http://127.0.0.1:8343/status
Last dates in historic_ds:
  2025-12-25
  2025-12-26
  2025-12-27
  2025-12-28
  2025-12-29
  2025-12-30
  2025-12-31
  2026-01-01
  2026-01-02
  2026-01-03
First dates in newly downloaded:
  2026-01-03
Current historic dataset:
<xarray.Dataset> Size: 1TB
Dimensions:         (pixel: 105715396, date: 3198)
Coordinates:
  * pixel           (pixel) int32 423MB 0 1 2 ... 105715393 105715394 105715395
  * date            (date) datetime64[ns] 26kB 2017-04-03 ... 2026-01-03
    x               (pixel) int32 423MB dask.array<chunksize=(40000,), meta=np.ndarray>
    doy             (date) int32 13kB dask.array<chunksize=(3198,), meta=np.ndarray>
    x_idx           (pixel) int32 423MB dask.array<chunksize=(40000,), meta=np.ndarray>
    y               (pixel) int32 423MB dask.array<chunksize=(40000,), meta=np.ndarray>
    y_idx           (pixel) int32 423MB dask.array<chunksize=(40000,), meta=np.ndarray>
Data variables:
    ndvi_processed  (pixel, date) int16 676GB dask.array<chunksize=(40000, 3198), meta=np.ndarray>
    mask_array      (pixel, date) int8 338GB dask.array<chunksize=(40000, 3198), meta=np.ndarray>
Attributes:
    pixel_definition:  Total of global grid used for pixel ID (based on fores...
Newly downloaded dataset:
<xarray.Dataset> Size: 3GB
Dimensions:   (pixel: 105715396, date: 1)
Coordinates:
    y_idx     (pixel) int32 423MB dask.array<chunksize=(40000,), meta=np.ndarray>
    x         (pixel) int32 423MB dask.array<chunksize=(40000,), meta=np.ndarray>
    x_idx     (pixel) int32 423MB dask.array<chunksize=(40000,), meta=np.ndarray>
  * pixel     (pixel) int32 423MB 0 1 2 3 ... 105715393 105715394 105715395
    doy       (date) int32 4B dask.array<chunksize=(1,), meta=np.ndarray>
    y         (pixel) int32 423MB dask.array<chunksize=(40000,), meta=np.ndarray>
  * date      (date) datetime64[ns] 8B 2026-01-03
Data variables:
    obs_date  (date) bool 1B dask.array<chunksize=(1,), meta=np.ndarray>
    ndvi_obs  (date, pixel) int16 211MB dask.array<chunksize=(1, 40000), meta=np.ndarray>
    ndsi_obs  (date, pixel) int16 211MB dask.array<chunksize=(1, 40000), meta=np.ndarray>
Attributes:
    transform_note:    | 10.00, 0.00, 2474090.00|\n| 0.00,-10.00, 1310530.00|...
    transform_coeffs:  [10.0, 0.0, 2474090.0, 0.0, -10.0, 1310530.0, 0.0, 0.0...
    transform_instr:   from affine import Affine; t = Affine(*ds.attrs['trans...
    description_ndvi:  NDVI (scaled int16: -10000 to 10000)
    description_ndsi:  NDSI (scaled int16: -10000 to 10000)
    nodata:            32767
    cloud_shadow:      -32768
    pixel_definition:  Total of global grid used for pixel ID (based on fores...
Constructed graph with 60 layers, and 177114 tasks.
/home/Shared/UniBe-swiss-ndvi/GitHub/swiss-ndvi-processing/workflow_implementation/demo/test_all_pixels/5_analyse_demo_francesco.py:413: UserWarning: Did not modify historic NDVI — no new dates found.
  warnings.warn("Did not modify historic NDVI — no new dates found.")
Traceback (most recent call last):
  File "/home/Shared/UniBe-swiss-ndvi/GitHub/swiss-ndvi-processing/workflow_implementation/demo/test_all_pixels/5_analyse_demo_francesco.py", line 414, in <module>
    raise ValueError("Did not modify historic NDVI — no new dates found.")
ValueError: Did not modify historic NDVI — no new dates found.
2026-04-29 07:31:05,957 - distributed.scheduler - ERROR - cannot schedule new futures after shutdown
[ERROR] Script failed: N/A | Time: Wed Apr 29 07:31:08 AM UTC 2026
