Virtual environment activated
Python executable: /home/Shared/UniBe-swiss-ndvi/GitHub/swiss-ndvi-processing/.venv/bin/python
Python version: Python 3.12.3

2017-04-01
2025-11-30
Current commit:
52c3f15b76b8958a285d3a1ad9d44414c25341b7

Commit details:
* 52c3f15 (HEAD -> setup-tunder-FB, origin/setup-tunder-FB) Update bash script for historic to run only processing (temp. deactivate tiffs)
* 7acb879 Close dask client cleanly for tiff-generation
* 5dacadf Update timeseries plot for validation
* 85df6a0 Make tiff generation loop through all dates
* 8aa07d5 Fix: rotated GeoTiff (fixing downstream at tiff generation, keeping wrong x_idx, y_idx)
* 99474a9 Add tiff generation (BUG: rotated)
| * ea8c9ef (refs/stash) On setup-tunder-FB: avoiding storage leads to large reshuffles
|/| 
| * 744b18e index on setup-tunder-FB: 9a9f193 Improve performance again with storing and "allow_rechunk"
|/  
| * 26b27a7 (temp2) Control chunking and remove "allow_rechunk"
|/  
* 9a9f193 Improve performance again with storing and "allow_rechunk"

Working tree status:
On branch setup-tunder-FB
Your branch is up to date with 'origin/setup-tunder-FB'.

Changes not staged for commit:
  (use "git add <file>..." to update what will be committed)
  (use "git restore <file>..." to discard changes in working directory)
	modified:   0_1_run_historic_analysis.sh
	modified:   2_historical_ndvi_test.py

no changes added to commit (use "git add" and/or "git commit -a")

============================================================
Historic processing started at: 2026-04-07 13:24:44
Log file: /home/Shared/UniBe-swiss-ndvi/GitHub/swiss-ndvi-processing/logs/historic_analysis_2026-04-07_13h24m44.log
============================================================

Running: with arguments: 2017-04-01 2025-11-30
------------------------------------------------------------
------------------------------------------------------------
Running: /home/Shared/UniBe-swiss-ndvi/GitHub/swiss-ndvi-processing/workflow_implementation/MS1_script_for_historical_NDVI/new_historical_processing/1_download_satellite_images.py
Start time: 2026-04-07 13:24:44
Finished: /home/Shared/UniBe-swiss-ndvi/GitHub/swiss-ndvi-processing/workflow_implementation/MS1_script_for_historical_NDVI/new_historical_processing/1_download_satellite_images.py
Duration: 00:00:00 (hh:mm:ss)
Download script returned value: /mnt/data2/UniBe-swiss-ndvi/historic_data/tmp_2026-04-04_18h16_ndvi_01_downloaded_2017-01-01_2025-12-31.zarr

------------------------------------------------------------
Running: /home/Shared/UniBe-swiss-ndvi/GitHub/swiss-ndvi-processing/workflow_implementation/MS1_script_for_historical_NDVI/new_historical_processing/2_historical_ndvi_test.py
Start time: 2026-04-07 13:24:44
http://127.0.0.1:1239/status
Initialized n=3195 daily dates:
          daily   obs_date          obs_times
0    2017-04-03 2017-04-03           10:40:21
1    2017-04-04        NaT                   
2    2017-04-05        NaT                   
3    2017-04-06        NaT                   
4    2017-04-07        NaT                   
...         ...        ...                ...
3190 2025-12-27 2025-12-27           10:44:51
3191 2025-12-28 2025-12-28           10:14:41
3192 2025-12-29 2025-12-29  10:33:39,10:45:01
3193 2025-12-30 2025-12-30           10:14:51
3194 2025-12-31 2025-12-31           10:24:41

[3195 rows x 3 columns]
In total: 3195 days, 1160 obs_dates, 1190 obs_times. 
First dates in newly downloaded:
  2017-04-03
  2017-04-04
  2017-04-05
  2017-04-06
  2017-04-07
  2017-04-08
  2017-04-09
  2017-04-10
  2017-04-11
  2017-04-12
Last dates in newly downloaded:
  2025-12-22
  2025-12-23
  2025-12-24
  2025-12-25
  2025-12-26
  2025-12-27
  2025-12-28
  2025-12-29
  2025-12-30
  2025-12-31
Newly downloaded dataset:
<xarray.Dataset> Size: 6MB
Dimensions:   (date: 3195, pixel: 1000)
Coordinates:
  * pixel     (pixel) int32 4kB 0 1 2 3 4 5 6 7 ... 993 994 995 996 997 998 999
  * date      (date) datetime64[ns] 26kB 2017-04-03 2017-04-04 ... 2025-12-31
    x_idx     (pixel) int32 4kB dask.array<chunksize=(1000,), meta=np.ndarray>
    y_idx     (pixel) int32 4kB dask.array<chunksize=(1000,), meta=np.ndarray>
    x         (pixel) int32 4kB dask.array<chunksize=(1000,), meta=np.ndarray>
    y         (pixel) int32 4kB dask.array<chunksize=(1000,), meta=np.ndarray>
    doy       (date) int32 13kB 93 94 95 96 97 98 99 ... 360 361 362 363 364 365
Data variables:
    ndvi      (date, pixel) int16 6MB dask.array<chunksize=(1, 1000), meta=np.ndarray>
    obs_date  (date) bool 3kB True False False False ... True True True True
Attributes:
    transform_note:    | 10.00, 0.00, 2474090.00|\n| 0.00,-10.00, 1310530.00|...
    transform_coeffs:  [10.0, 0.0, 2474090.0, 0.0, -10.0, 1310530.0, 0.0, 0.0...
    transform_instr:   from affine import Affine; t = Affine(*ds.attrs['trans...
    description_ndvi:  NDVI (scaled int16: -10000 to 10000)
    description_ndsi:  NDSI (scaled int16: -10000 to 10000)
    nodata:            32767
    cloud_shadow:      -32768
    pixel_definition:  Total of global grid used for pixel ID (based on fores...
/home/Shared/UniBe-swiss-ndvi/GitHub/swiss-ndvi-processing/.venv/lib/python3.12/site-packages/zarr/api/asynchronous.py:203: UserWarning: Consolidated metadata is currently not part in the Zarr format 3 specification. It may not be supported by other zarr implementations and may change in the future.
  warnings.warn(
Constructed graph with 6 layers, and 14 tasks.
writing to new file: /mnt/data2/UniBe-swiss-ndvi/historic_data/historical_2026-04-04_18h16_historical_v7.zarr
/home/Shared/UniBe-swiss-ndvi/GitHub/swiss-ndvi-processing/.venv/lib/python3.12/site-packages/zarr/api/asynchronous.py:203: UserWarning: Consolidated metadata is currently not part in the Zarr format 3 specification. It may not be supported by other zarr implementations and may change in the future.
  warnings.warn(
2026-04-07 13:26:27,852 - distributed.shuffle._scheduler_plugin - WARNING - Shuffle 4255ad14280f548c7b48536182badc5d initialized by task ('rechunk-merge-rechunk-transfer-55197abe2cfba413e5d90d886766e617', 0, 0, 0, 0) executed on worker tcp://127.0.0.1:40959
2026-04-07 13:26:27,861 - distributed.shuffle._scheduler_plugin - WARNING - Shuffle 4b006fcf48f39666245eb597fdbad977 initialized by task ('rechunk-merge-rechunk-transfer-e9754242a8ec0aa1357200d3f003aecc', 0, 0, 0, 0) executed on worker tcp://127.0.0.1:39857
2026-04-07 13:26:28,395 - distributed.shuffle._scheduler_plugin - WARNING - Shuffle 4b006fcf48f39666245eb597fdbad977 deactivated due to stimulus 'task-finished-1775568388.3903072'
2026-04-07 13:26:28,426 - distributed.shuffle._scheduler_plugin - WARNING - Shuffle 4255ad14280f548c7b48536182badc5d deactivated due to stimulus 'task-finished-1775568388.4186363'
/mnt/data2/UniBe-swiss-ndvi/historic_data/historical_2026-04-04_18h16_historical_v7.zarr
Finished: /home/Shared/UniBe-swiss-ndvi/GitHub/swiss-ndvi-processing/workflow_implementation/MS1_script_for_historical_NDVI/new_historical_processing/2_historical_ndvi_test.py
Duration: 00:01:49 (hh:mm:ss)
Processing script returned value: /mnt/data2/UniBe-swiss-ndvi/historic_data/historical_2026-04-04_18h16_historical_v7.zarr
