Virtual environment activated
Python executable: /home/Shared/UniBe-swiss-ndvi/GitHub/swiss-ndvi-processing/.venv/bin/python
Python version: Python 3.12.3

2017-04-01
2025-11-30
Current commit:
859efe0cb4484c03992f2319d08ea035d2519550

Commit details:
* 859efe0 (HEAD -> setup-tunder-FB) perf: Improve performance by manual looping through chunks for apply_ufunc()
* c456659 docs: Streamline hist_script 2 by removing comments
* 0bbc09d Attempt to fix: "OSError: [Errno 24] Too many open files"
* 52c3f15 (origin/setup-tunder-FB) Update bash script for historic to run only processing (temp. deactivate tiffs)
* 7acb879 Close dask client cleanly for tiff-generation
* 5dacadf Update timeseries plot for validation
* 85df6a0 Make tiff generation loop through all dates
* 8aa07d5 Fix: rotated GeoTiff (fixing downstream at tiff generation, keeping wrong x_idx, y_idx)
* 99474a9 Add tiff generation (BUG: rotated)
| * ea8c9ef (refs/stash) On setup-tunder-FB: avoiding storage leads to large reshuffles
|/| 

Working tree status:
On branch setup-tunder-FB
Your branch is ahead of 'origin/setup-tunder-FB' by 3 commits.
  (use "git push" to publish your local commits)

Changes not staged for commit:
  (use "git add <file>..." to update what will be committed)
  (use "git restore <file>..." to discard changes in working directory)
	modified:   2_historical_ndvi_test.py

no changes added to commit (use "git add" and/or "git commit -a")

============================================================
Historic processing started at: 2026-04-07 14:47:03
Log file: /home/Shared/UniBe-swiss-ndvi/GitHub/swiss-ndvi-processing/logs/historic_analysis_2026-04-07_14h47m03.log
============================================================

Running: with arguments: 2017-04-01 2025-11-30
------------------------------------------------------------
------------------------------------------------------------
Running: /home/Shared/UniBe-swiss-ndvi/GitHub/swiss-ndvi-processing/workflow_implementation/MS1_script_for_historical_NDVI/new_historical_processing/1_download_satellite_images.py
Start time: 2026-04-07 14:47:03
Finished: /home/Shared/UniBe-swiss-ndvi/GitHub/swiss-ndvi-processing/workflow_implementation/MS1_script_for_historical_NDVI/new_historical_processing/1_download_satellite_images.py
Duration: 00:00:00 (hh:mm:ss)
Download script returned value: /mnt/data2/UniBe-swiss-ndvi/historic_data/tmp_2026-04-04_18h16_ndvi_01_downloaded_2017-01-01_2025-12-31.zarr

------------------------------------------------------------
Running: /home/Shared/UniBe-swiss-ndvi/GitHub/swiss-ndvi-processing/workflow_implementation/MS1_script_for_historical_NDVI/new_historical_processing/2_historical_ndvi_test.py
Start time: 2026-04-07 14:47:03
http://127.0.0.1:1235/status
/home/Shared/UniBe-swiss-ndvi/GitHub/swiss-ndvi-processing/.venv/lib/python3.12/site-packages/dask/array/core.py:4997: PerformanceWarning: Increasing number of chunks by factor of 25
  result = blockwise(
Initialized n=3195 daily dates:
          daily   obs_date          obs_times
0    2017-04-03 2017-04-03           10:40:21
1    2017-04-04        NaT                   
2    2017-04-05        NaT                   
3    2017-04-06        NaT                   
4    2017-04-07        NaT                   
...         ...        ...                ...
3190 2025-12-27 2025-12-27           10:44:51
3191 2025-12-28 2025-12-28           10:14:41
3192 2025-12-29 2025-12-29  10:33:39,10:45:01
3193 2025-12-30 2025-12-30           10:14:51
3194 2025-12-31 2025-12-31           10:24:41

[3195 rows x 3 columns]
In total: 3195 days, 1160 obs_dates, 1190 obs_times. 
First dates in newly downloaded:
  2017-04-03
  2017-04-04
  2017-04-05
  2017-04-06
  2017-04-07
  2017-04-08
  2017-04-09
  2017-04-10
  2017-04-11
  2017-04-12
Last dates in newly downloaded:
  2025-12-22
  2025-12-23
  2025-12-24
  2025-12-25
  2025-12-26
  2025-12-27
  2025-12-28
  2025-12-29
  2025-12-30
  2025-12-31
Newly downloaded dataset:
<xarray.Dataset> Size: 6GB
Dimensions:   (date: 3195, pixel: 1000000)
Coordinates:
  * pixel     (pixel) int32 4MB 0 1 2 3 4 ... 999995 999996 999997 999998 999999
  * date      (date) datetime64[ns] 26kB 2017-04-03 2017-04-04 ... 2025-12-31
    x_idx     (pixel) int32 4MB dask.array<chunksize=(40000,), meta=np.ndarray>
    y_idx     (pixel) int32 4MB dask.array<chunksize=(40000,), meta=np.ndarray>
    x         (pixel) int32 4MB dask.array<chunksize=(40000,), meta=np.ndarray>
    y         (pixel) int32 4MB dask.array<chunksize=(40000,), meta=np.ndarray>
    doy       (date) int32 13kB 93 94 95 96 97 98 99 ... 360 361 362 363 364 365
Data variables:
    ndvi      (date, pixel) int16 6GB dask.array<chunksize=(1, 40000), meta=np.ndarray>
    obs_date  (date) bool 3kB True False False False ... True True True True
Attributes:
    transform_note:    | 10.00, 0.00, 2474090.00|\n| 0.00,-10.00, 1310530.00|...
    transform_coeffs:  [10.0, 0.0, 2474090.0, 0.0, -10.0, 1310530.0, 0.0, 0.0...
    transform_instr:   from affine import Affine; t = Affine(*ds.attrs['trans...
    description_ndvi:  NDVI (scaled int16: -10000 to 10000)
    description_ndsi:  NDSI (scaled int16: -10000 to 10000)
    nodata:            32767
    cloud_shadow:      -32768
    pixel_definition:  Total of global grid used for pixel ID (based on fores...
/home/Shared/UniBe-swiss-ndvi/GitHub/swiss-ndvi-processing/.venv/lib/python3.12/site-packages/zarr/api/asynchronous.py:203: UserWarning: Consolidated metadata is currently not part in the Zarr format 3 specification. It may not be supported by other zarr implementations and may change in the future.
  warnings.warn(
/home/Shared/UniBe-swiss-ndvi/GitHub/swiss-ndvi-processing/.venv/lib/python3.12/site-packages/distributed/client.py:3370: UserWarning: Sending large graph of size 30.66 MiB.
This may cause some slowdown.
Consider loading the data with Dask directly
 or using futures or delayed objects to embed the data into the graph without repetition.
See also https://docs.dask.org/en/stable/best-practices.html#load-data-with-dask for more information.
  warnings.warn(
2026-04-07 14:52:57,298 - bokeh.server.protocol_handler - ERROR - error handling message
 message: Message 'PATCH-DOC' content: {'events': [{'kind': 'MessageSent', 'msg_type': 'bokeh_event', 'msg_data': {'type': 'event', 'name': 'document_ready', 'values': {'type': 'map'}}}]} 
 error: AssertionError()
Traceback (most recent call last):
  File "/home/Shared/UniBe-swiss-ndvi/GitHub/swiss-ndvi-processing/.venv/lib/python3.12/site-packages/bokeh/server/protocol_handler.py", line 94, in handle
    work = await handler(message, connection)
                 ^^^^^^^^^^^^^^^^^^^^^^^^^^^^
  File "/home/Shared/UniBe-swiss-ndvi/GitHub/swiss-ndvi-processing/.venv/lib/python3.12/site-packages/bokeh/server/session.py", line 295, in patch
    return connection.session._handle_patch(message, connection)
           ^^^^^^^^^^^^^^^^^^
  File "/home/Shared/UniBe-swiss-ndvi/GitHub/swiss-ndvi-processing/.venv/lib/python3.12/site-packages/bokeh/server/connection.py", line 65, in session
    assert self._session is not None
           ^^^^^^^^^^^^^^^^^^^^^^^^^
AssertionError
2026-04-07 14:52:57,476 - bokeh.server.protocol_handler - ERROR - error handling message
 message: Message 'PATCH-DOC' content: {'events': [{'kind': 'ModelChanged', 'model': {'id': 'p1092'}, 'attr': 'end', 'new': 4655.700000000001}]} 
 error: AssertionError()
Traceback (most recent call last):
  File "/home/Shared/UniBe-swiss-ndvi/GitHub/swiss-ndvi-processing/.venv/lib/python3.12/site-packages/bokeh/server/protocol_handler.py", line 94, in handle
    work = await handler(message, connection)
                 ^^^^^^^^^^^^^^^^^^^^^^^^^^^^
  File "/home/Shared/UniBe-swiss-ndvi/GitHub/swiss-ndvi-processing/.venv/lib/python3.12/site-packages/bokeh/server/session.py", line 295, in patch
    return connection.session._handle_patch(message, connection)
           ^^^^^^^^^^^^^^^^^^
  File "/home/Shared/UniBe-swiss-ndvi/GitHub/swiss-ndvi-processing/.venv/lib/python3.12/site-packages/bokeh/server/connection.py", line 65, in session
    assert self._session is not None
           ^^^^^^^^^^^^^^^^^^^^^^^^^
AssertionError
2026-04-07 14:52:57,501 - tornado.application - ERROR - Uncaught exception GET /status/ws (127.0.0.1)
HTTPServerRequest(protocol='http', host='localhost:1235', method='GET', uri='/status/ws', version='HTTP/1.1', remote_ip='127.0.0.1')
Traceback (most recent call last):
  File "/home/Shared/UniBe-swiss-ndvi/GitHub/swiss-ndvi-processing/.venv/lib/python3.12/site-packages/tornado/web.py", line 1848, in _execute
    result = await result
             ^^^^^^^^^^^^
  File "/home/Shared/UniBe-swiss-ndvi/GitHub/swiss-ndvi-processing/.venv/lib/python3.12/site-packages/tornado/websocket.py", line 277, in get
    await self.ws_connection.accept_connection(self)
  File "/home/Shared/UniBe-swiss-ndvi/GitHub/swiss-ndvi-processing/.venv/lib/python3.12/site-packages/tornado/websocket.py", line 890, in accept_connection
    await self._accept_connection(handler)
  File "/home/Shared/UniBe-swiss-ndvi/GitHub/swiss-ndvi-processing/.venv/lib/python3.12/site-packages/tornado/websocket.py", line 973, in _accept_connection
    await self._receive_frame_loop()
  File "/home/Shared/UniBe-swiss-ndvi/GitHub/swiss-ndvi-processing/.venv/lib/python3.12/site-packages/tornado/websocket.py", line 1130, in _receive_frame_loop
    self.handler.on_ws_connection_close(self.close_code, self.close_reason)
  File "/home/Shared/UniBe-swiss-ndvi/GitHub/swiss-ndvi-processing/.venv/lib/python3.12/site-packages/tornado/websocket.py", line 599, in on_ws_connection_close
    self.on_connection_close()
  File "/home/Shared/UniBe-swiss-ndvi/GitHub/swiss-ndvi-processing/.venv/lib/python3.12/site-packages/tornado/websocket.py", line 591, in on_connection_close
    self.on_close()
  File "/home/Shared/UniBe-swiss-ndvi/GitHub/swiss-ndvi-processing/.venv/lib/python3.12/site-packages/bokeh/server/views/ws.py", line 308, in on_close
    self.connection.session.notify_connection_lost()
    ^^^^^^^^^^^^^^^^^^^^^^^
  File "/home/Shared/UniBe-swiss-ndvi/GitHub/swiss-ndvi-processing/.venv/lib/python3.12/site-packages/bokeh/server/connection.py", line 65, in session
    assert self._session is not None
           ^^^^^^^^^^^^^^^^^^^^^^^^^
AssertionError
[2026-04-07 14:54:35]  Starting Batch 1/5
Constructed graph with 37 layers, and 4912 tasks.
Partial writing to new file: /mnt/data2/UniBe-swiss-ndvi/historic_data/historical_2026-04-04_18h16_historical_v7.zarr
/home/Shared/UniBe-swiss-ndvi/GitHub/swiss-ndvi-processing/.venv/lib/python3.12/site-packages/zarr/api/asynchronous.py:203: UserWarning: Consolidated metadata is currently not part in the Zarr format 3 specification. It may not be supported by other zarr implementations and may change in the future.
  warnings.warn(
/home/Shared/UniBe-swiss-ndvi/GitHub/swiss-ndvi-processing/.venv/lib/python3.12/site-packages/distributed/client.py:3370: UserWarning: Sending large graph of size 1.79 GiB.
This may cause some slowdown.
Consider loading the data with Dask directly
 or using futures or delayed objects to embed the data into the graph without repetition.
See also https://docs.dask.org/en/stable/best-practices.html#load-data-with-dask for more information.
  warnings.warn(
[2026-04-07 15:09:18]  Batch 1/5  pixels 0–200,000  elapsed 14.7min  ETA 59min
[2026-04-07 15:09:19]  Starting Batch 2/5
Constructed graph with 37 layers, and 4912 tasks.
Partial writing to new file: /mnt/data2/UniBe-swiss-ndvi/historic_data/historical_2026-04-04_18h16_historical_v7.zarr
/home/Shared/UniBe-swiss-ndvi/GitHub/swiss-ndvi-processing/.venv/lib/python3.12/site-packages/zarr/api/asynchronous.py:203: UserWarning: Consolidated metadata is currently not part in the Zarr format 3 specification. It may not be supported by other zarr implementations and may change in the future.
  warnings.warn(
/home/Shared/UniBe-swiss-ndvi/GitHub/swiss-ndvi-processing/.venv/lib/python3.12/site-packages/distributed/client.py:3370: UserWarning: Sending large graph of size 1.79 GiB.
This may cause some slowdown.
Consider loading the data with Dask directly
 or using futures or delayed objects to embed the data into the graph without repetition.
See also https://docs.dask.org/en/stable/best-practices.html#load-data-with-dask for more information.
  warnings.warn(
[2026-04-07 15:34:51]  Batch 2/5  pixels 200,000–400,000  elapsed 25.5min  ETA 38min
[2026-04-07 15:34:51]  Starting Batch 3/5
Constructed graph with 37 layers, and 4912 tasks.
Partial writing to new file: /mnt/data2/UniBe-swiss-ndvi/historic_data/historical_2026-04-04_18h16_historical_v7.zarr
/home/Shared/UniBe-swiss-ndvi/GitHub/swiss-ndvi-processing/.venv/lib/python3.12/site-packages/zarr/api/asynchronous.py:203: UserWarning: Consolidated metadata is currently not part in the Zarr format 3 specification. It may not be supported by other zarr implementations and may change in the future.
  warnings.warn(
/home/Shared/UniBe-swiss-ndvi/GitHub/swiss-ndvi-processing/.venv/lib/python3.12/site-packages/distributed/client.py:3370: UserWarning: Sending large graph of size 1.79 GiB.
This may cause some slowdown.
Consider loading the data with Dask directly
 or using futures or delayed objects to embed the data into the graph without repetition.
See also https://docs.dask.org/en/stable/best-practices.html#load-data-with-dask for more information.
  warnings.warn(
[2026-04-07 15:50:09]  Batch 3/5  pixels 400,000–600,000  elapsed 15.3min  ETA 10min
[2026-04-07 15:50:09]  Starting Batch 4/5
Constructed graph with 37 layers, and 4912 tasks.
Partial writing to new file: /mnt/data2/UniBe-swiss-ndvi/historic_data/historical_2026-04-04_18h16_historical_v7.zarr
/home/Shared/UniBe-swiss-ndvi/GitHub/swiss-ndvi-processing/.venv/lib/python3.12/site-packages/zarr/api/asynchronous.py:203: UserWarning: Consolidated metadata is currently not part in the Zarr format 3 specification. It may not be supported by other zarr implementations and may change in the future.
  warnings.warn(
/home/Shared/UniBe-swiss-ndvi/GitHub/swiss-ndvi-processing/.venv/lib/python3.12/site-packages/distributed/client.py:3370: UserWarning: Sending large graph of size 1.79 GiB.
This may cause some slowdown.
Consider loading the data with Dask directly
 or using futures or delayed objects to embed the data into the graph without repetition.
See also https://docs.dask.org/en/stable/best-practices.html#load-data-with-dask for more information.
  warnings.warn(
[2026-04-07 16:05:52]  Batch 4/5  pixels 600,000–800,000  elapsed 15.7min  ETA 4min
[2026-04-07 16:05:52]  Starting Batch 5/5
Constructed graph with 37 layers, and 4912 tasks.
Partial writing to new file: /mnt/data2/UniBe-swiss-ndvi/historic_data/historical_2026-04-04_18h16_historical_v7.zarr
/home/Shared/UniBe-swiss-ndvi/GitHub/swiss-ndvi-processing/.venv/lib/python3.12/site-packages/zarr/api/asynchronous.py:203: UserWarning: Consolidated metadata is currently not part in the Zarr format 3 specification. It may not be supported by other zarr implementations and may change in the future.
  warnings.warn(
/home/Shared/UniBe-swiss-ndvi/GitHub/swiss-ndvi-processing/.venv/lib/python3.12/site-packages/distributed/client.py:3370: UserWarning: Sending large graph of size 1.79 GiB.
This may cause some slowdown.
Consider loading the data with Dask directly
 or using futures or delayed objects to embed the data into the graph without repetition.
See also https://docs.dask.org/en/stable/best-practices.html#load-data-with-dask for more information.
  warnings.warn(
[2026-04-07 16:32:36]  Batch 5/5  pixels 800,000–1,000,000  elapsed 26.7min  ETA 0min
/mnt/data2/UniBe-swiss-ndvi/historic_data/historical_2026-04-04_18h16_historical_v7.zarr
Finished: /home/Shared/UniBe-swiss-ndvi/GitHub/swiss-ndvi-processing/workflow_implementation/MS1_script_for_historical_NDVI/new_historical_processing/2_historical_ndvi_test.py
Duration: 01:45:42 (hh:mm:ss)
Processing script returned value: /mnt/data2/UniBe-swiss-ndvi/historic_data/historical_2026-04-04_18h16_historical_v7.zarr
