Virtual environment activated
Python executable: /home/Shared/UniBe-swiss-ndvi/GitHub/swiss-ndvi-processing/.venv/bin/python
Python version: Python 3.12.3

2025-04-01
2025-04-30
Current commit:
4e1a9f40a09b1590ec7f4a2ce9cbf7092a1107ab

Commit details:
* 4e1a9f4 (HEAD -> setup-tunder-FB) On TUNDER: Move to new data2 disk
* 12680c5 (origin/setup-tunder-FB) Ensure historic satellite download is ordered in time
* e6e0603 Use continuous download script for historic
* d669eb1 Add bash script for historic analysis
* 9adcd33 Pull in Francescos latest changes from 03.04
| *   6dc59d6 (refs/stash) On setup-tunder: WIP: bd7ab66 Move to new data2 disk
| |\  
| | * 96c04c0 index on setup-tunder: 4a492a9 On TUNDER: Move to new data2 disk
| |/  
| * 4a492a9 (setup-tunder) On TUNDER: Move to new data2 disk
|/  
* 89d0207 (origin/setup-tunder) add script for historical processing
* 84489dc test new historical processing

Working tree status:
On branch setup-tunder-FB
Your branch is ahead of 'origin/setup-tunder-FB' by 1 commit.
  (use "git push" to publish your local commits)

Changes not staged for commit:
  (use "git add/rm <file>..." to update what will be committed)
  (use "git restore <file>..." to discard changes in working directory)
	modified:   ../../../.gitignore
	modified:   ../../../report/histrocal_processing.md
	modified:   ../../../report/report_tunder_implementation.ipynb
	deleted:    ../../../report/workflow_report.md
	modified:   ../6_append_coords_to_historic_ndvi.py
	modified:   ../7_create_historic_tiff.py
	modified:   0_1_run_historic_analysis.sh
	modified:   1_download_satellite_images.py
	modified:   ../../demo/test_all_pixels/0_1_run_pipeline.sh
	modified:   ../../demo/test_all_pixels/1_extract_swisstopo_dataset.py
	modified:   ../../demo/test_all_pixels/5_analyse_demo_efficient.py
	modified:   ../../demo/test_all_pixels/6_create_cogtiff.py
	modified:   ../../demo/test_all_pixels/7_create_png_for_demo.py

Untracked files:
  (use "git add <file>..." to include in what will be committed)
	../../../data_for_demo_2/
	../../../report/fig/prova2/
	../test.ipynb
	../../demo/test_all_pixels/0_1_run_pipeline copy.sh
	../../demo/test_all_pixels/1_extract_swisstopo_dataset_DEBUG.py
	../../demo/test_all_pixels/5a_debug_historical_ndvi.py.py
	../../demo/test_all_pixels/6_create_cogtiff copy.py

no changes added to commit (use "git add" and/or "git commit -a")

============================================================
Historic processing started at: 2026-04-04 15:45:10
Log file: /home/Shared/UniBe-swiss-ndvi/GitHub/swiss-ndvi-processing/logs/historic_analysis_2026-04-04_15h45m10.log
============================================================

Running: with arguments: 2025-04-01 2025-04-30
------------------------------------------------------------
------------------------------------------------------------
Running: /home/Shared/UniBe-swiss-ndvi/GitHub/swiss-ndvi-processing/workflow_implementation/MS1_script_for_historical_NDVI/new_historical_processing/1_download_satellite_images.py
Start time: 2026-04-04 15:45:10
Starting download for:
2025-04-01_10h40
2025-04-02_10h10
2025-04-03_10h25
2025-04-04_10h10
2025-04-05_10h20
2025-04-06_10h36
2025-04-07_10h05
2025-04-07_10h17
2025-04-08_10h30
2025-04-12_10h10
2025-04-22_10h10
2025-04-23_10h25
2025-04-26_10h36
2025-04-28_10h30
2025-04-30_10h15
2025-04-30_10h27
bbox_swisstopo_2056, width_swisstopo, height_swisstopo
BoundingBox(left=2474090.0, bottom=1065110.0, right=2851370.0, top=1310530.0)
37728
24542
Total of global grid used for pixel ID (based on forest mask): 
Box: BoundingBox(left=2474090.0, bottom=1065110.0, right=2851370.0, top=1310530.0) pixels
Grid: (24542, 37728) = 925_920_576 pixels, of which 105_715_396 are identified as forest pixels.
Reference raster metadata:
{'transform': Affine(10.0, 0.0, 2474090.0,
       0.0, -10.0, 1310530.0), 'crs': CRS.from_wkt('PROJCS["CH1903+ / LV95",GEOGCS["CH1903+",DATUM["CH1903+",SPHEROID["Bessel 1841",6377397.155,299.1528128,AUTHORITY["EPSG","7004"]],AUTHORITY["EPSG","6150"]],PRIMEM["Greenwich",0,AUTHORITY["EPSG","8901"]],UNIT["degree",0.0174532925199433,AUTHORITY["EPSG","9122"]],AUTHORITY["EPSG","4150"]],PROJECTION["Hotine_Oblique_Mercator_Azimuth_Center"],PARAMETER["latitude_of_center",46.9524055555556],PARAMETER["longitude_of_center",7.43958333333333],PARAMETER["azimuth",90],PARAMETER["rectified_grid_angle",90],PARAMETER["scale_factor",1],PARAMETER["false_easting",2600000],PARAMETER["false_northing",1200000],UNIT["metre",1,AUTHORITY["EPSG","9001"]],AXIS["Easting",EAST],AXIS["Northing",NORTH],AUTHORITY["EPSG","2056"]]'), 'width': np.float64(37728.0), 'height': np.float64(24542.0)}

  0%|          | 0/16 [00:00<?, ?it/s]/home/Shared/UniBe-swiss-ndvi/GitHub/swiss-ndvi-processing/workflow_implementation/MS1_script_for_historical_NDVI/new_historical_processing/1_download_satellite_images.py:371: RuntimeWarning: invalid value encountered in divide
  ndvi = (nir - red) / (nir + red)
/home/Shared/UniBe-swiss-ndvi/GitHub/swiss-ndvi-processing/workflow_implementation/MS1_script_for_historical_NDVI/new_historical_processing/1_download_satellite_images.py:398: RuntimeWarning: invalid value encountered in divide
  ndsi = (green - swir_10m) / (green + swir_10m)
/home/Shared/UniBe-swiss-ndvi/GitHub/swiss-ndvi-processing/workflow_implementation/MS1_script_for_historical_NDVI/new_historical_processing/1_download_satellite_images.py:433: UserWarning: no explicit representation of timezones available for np.datetime64
  timesteps_ds[t] = np.datetime64(timestep_dttm).astype("datetime64[ns]").astype("int64")
Time step 0 (2025-04-01 10:40:41+00:00) processed successfully.

  6%|▋         | 1/16 [01:13<18:24, 73.65s/it]/home/Shared/UniBe-swiss-ndvi/GitHub/swiss-ndvi-processing/workflow_implementation/MS1_script_for_historical_NDVI/new_historical_processing/1_download_satellite_images.py:371: RuntimeWarning: invalid value encountered in divide
  ndvi = (nir - red) / (nir + red)
/home/Shared/UniBe-swiss-ndvi/GitHub/swiss-ndvi-processing/workflow_implementation/MS1_script_for_historical_NDVI/new_historical_processing/1_download_satellite_images.py:398: RuntimeWarning: invalid value encountered in divide
  ndsi = (green - swir_10m) / (green + swir_10m)
/home/Shared/UniBe-swiss-ndvi/GitHub/swiss-ndvi-processing/workflow_implementation/MS1_script_for_historical_NDVI/new_historical_processing/1_download_satellite_images.py:433: UserWarning: no explicit representation of timezones available for np.datetime64
  timesteps_ds[t] = np.datetime64(timestep_dttm).astype("datetime64[ns]").astype("int64")
Time step 1 (2025-04-02 10:10:51+00:00) processed successfully.

 12%|█▎        | 2/16 [02:07<14:27, 61.99s/it]/home/Shared/UniBe-swiss-ndvi/GitHub/swiss-ndvi-processing/workflow_implementation/MS1_script_for_historical_NDVI/new_historical_processing/1_download_satellite_images.py:371: RuntimeWarning: invalid value encountered in divide
  ndvi = (nir - red) / (nir + red)
/home/Shared/UniBe-swiss-ndvi/GitHub/swiss-ndvi-processing/workflow_implementation/MS1_script_for_historical_NDVI/new_historical_processing/1_download_satellite_images.py:398: RuntimeWarning: invalid value encountered in divide
  ndsi = (green - swir_10m) / (green + swir_10m)
/home/Shared/UniBe-swiss-ndvi/GitHub/swiss-ndvi-processing/workflow_implementation/MS1_script_for_historical_NDVI/new_historical_processing/1_download_satellite_images.py:433: UserWarning: no explicit representation of timezones available for np.datetime64
  timesteps_ds[t] = np.datetime64(timestep_dttm).astype("datetime64[ns]").astype("int64")
Time step 2 (2025-04-03 10:25:59+00:00) processed successfully.

 19%|█▉        | 3/16 [09:48<52:54, 244.15s/it]/home/Shared/UniBe-swiss-ndvi/GitHub/swiss-ndvi-processing/workflow_implementation/MS1_script_for_historical_NDVI/new_historical_processing/1_download_satellite_images.py:371: RuntimeWarning: invalid value encountered in divide
  ndvi = (nir - red) / (nir + red)
/home/Shared/UniBe-swiss-ndvi/GitHub/swiss-ndvi-processing/workflow_implementation/MS1_script_for_historical_NDVI/new_historical_processing/1_download_satellite_images.py:398: RuntimeWarning: invalid value encountered in divide
  ndsi = (green - swir_10m) / (green + swir_10m)
/home/Shared/UniBe-swiss-ndvi/GitHub/swiss-ndvi-processing/workflow_implementation/MS1_script_for_historical_NDVI/new_historical_processing/1_download_satellite_images.py:433: UserWarning: no explicit representation of timezones available for np.datetime64
  timesteps_ds[t] = np.datetime64(timestep_dttm).astype("datetime64[ns]").astype("int64")
Time step 3 (2025-04-04 10:10:41+00:00) processed successfully.

 25%|██▌       | 4/16 [10:40<33:41, 168.46s/it]/home/Shared/UniBe-swiss-ndvi/GitHub/swiss-ndvi-processing/workflow_implementation/MS1_script_for_historical_NDVI/new_historical_processing/1_download_satellite_images.py:371: RuntimeWarning: invalid value encountered in divide
  ndvi = (nir - red) / (nir + red)
/home/Shared/UniBe-swiss-ndvi/GitHub/swiss-ndvi-processing/workflow_implementation/MS1_script_for_historical_NDVI/new_historical_processing/1_download_satellite_images.py:398: RuntimeWarning: invalid value encountered in divide
  ndsi = (green - swir_10m) / (green + swir_10m)
/home/Shared/UniBe-swiss-ndvi/GitHub/swiss-ndvi-processing/workflow_implementation/MS1_script_for_historical_NDVI/new_historical_processing/1_download_satellite_images.py:433: UserWarning: no explicit representation of timezones available for np.datetime64
  timesteps_ds[t] = np.datetime64(timestep_dttm).astype("datetime64[ns]").astype("int64")
Time step 4 (2025-04-05 10:20:41+00:00) processed successfully.

 31%|███▏      | 5/16 [17:53<48:22, 263.89s/it]/home/Shared/UniBe-swiss-ndvi/GitHub/swiss-ndvi-processing/workflow_implementation/MS1_script_for_historical_NDVI/new_historical_processing/1_download_satellite_images.py:371: RuntimeWarning: invalid value encountered in divide
  ndvi = (nir - red) / (nir + red)
/home/Shared/UniBe-swiss-ndvi/GitHub/swiss-ndvi-processing/workflow_implementation/MS1_script_for_historical_NDVI/new_historical_processing/1_download_satellite_images.py:398: RuntimeWarning: invalid value encountered in divide
  ndsi = (green - swir_10m) / (green + swir_10m)
/home/Shared/UniBe-swiss-ndvi/GitHub/swiss-ndvi-processing/workflow_implementation/MS1_script_for_historical_NDVI/new_historical_processing/1_download_satellite_images.py:433: UserWarning: no explicit representation of timezones available for np.datetime64
  timesteps_ds[t] = np.datetime64(timestep_dttm).astype("datetime64[ns]").astype("int64")
Time step 5 (2025-04-06 10:36:29+00:00) processed successfully.

 38%|███▊      | 6/16 [19:07<33:12, 199.26s/it]/home/Shared/UniBe-swiss-ndvi/GitHub/swiss-ndvi-processing/workflow_implementation/MS1_script_for_historical_NDVI/new_historical_processing/1_download_satellite_images.py:371: RuntimeWarning: invalid value encountered in divide
  ndvi = (nir - red) / (nir + red)
/home/Shared/UniBe-swiss-ndvi/GitHub/swiss-ndvi-processing/workflow_implementation/MS1_script_for_historical_NDVI/new_historical_processing/1_download_satellite_images.py:398: RuntimeWarning: invalid value encountered in divide
  ndsi = (green - swir_10m) / (green + swir_10m)
/home/Shared/UniBe-swiss-ndvi/GitHub/swiss-ndvi-processing/workflow_implementation/MS1_script_for_historical_NDVI/new_historical_processing/1_download_satellite_images.py:433: UserWarning: no explicit representation of timezones available for np.datetime64
  timesteps_ds[t] = np.datetime64(timestep_dttm).astype("datetime64[ns]").astype("int64")
Time step 6 (2025-04-07 10:05:59+00:00) processed successfully.

 44%|████▍     | 7/16 [19:59<22:40, 151.13s/it]/home/Shared/UniBe-swiss-ndvi/GitHub/swiss-ndvi-processing/workflow_implementation/MS1_script_for_historical_NDVI/new_historical_processing/1_download_satellite_images.py:371: RuntimeWarning: invalid value encountered in divide
  ndvi = (nir - red) / (nir + red)
/home/Shared/UniBe-swiss-ndvi/GitHub/swiss-ndvi-processing/workflow_implementation/MS1_script_for_historical_NDVI/new_historical_processing/1_download_satellite_images.py:398: RuntimeWarning: invalid value encountered in divide
  ndsi = (green - swir_10m) / (green + swir_10m)
/home/Shared/UniBe-swiss-ndvi/GitHub/swiss-ndvi-processing/workflow_implementation/MS1_script_for_historical_NDVI/new_historical_processing/1_download_satellite_images.py:433: UserWarning: no explicit representation of timezones available for np.datetime64
  timesteps_ds[t] = np.datetime64(timestep_dttm).astype("datetime64[ns]").astype("int64")
Time step 7 (2025-04-07 10:17:01+00:00) processed successfully.

 50%|█████     | 8/16 [27:06<31:50, 238.78s/it]/home/Shared/UniBe-swiss-ndvi/GitHub/swiss-ndvi-processing/workflow_implementation/MS1_script_for_historical_NDVI/new_historical_processing/1_download_satellite_images.py:371: RuntimeWarning: invalid value encountered in divide
  ndvi = (nir - red) / (nir + red)
/home/Shared/UniBe-swiss-ndvi/GitHub/swiss-ndvi-processing/workflow_implementation/MS1_script_for_historical_NDVI/new_historical_processing/1_download_satellite_images.py:398: RuntimeWarning: invalid value encountered in divide
  ndsi = (green - swir_10m) / (green + swir_10m)
/home/Shared/UniBe-swiss-ndvi/GitHub/swiss-ndvi-processing/workflow_implementation/MS1_script_for_historical_NDVI/new_historical_processing/1_download_satellite_images.py:433: UserWarning: no explicit representation of timezones available for np.datetime64
  timesteps_ds[t] = np.datetime64(timestep_dttm).astype("datetime64[ns]").astype("int64")
Time step 8 (2025-04-08 10:30:51+00:00) processed successfully.

 56%|█████▋    | 9/16 [36:11<39:02, 334.59s/it]/home/Shared/UniBe-swiss-ndvi/GitHub/swiss-ndvi-processing/workflow_implementation/MS1_script_for_historical_NDVI/new_historical_processing/1_download_satellite_images.py:371: RuntimeWarning: invalid value encountered in divide
  ndvi = (nir - red) / (nir + red)
/home/Shared/UniBe-swiss-ndvi/GitHub/swiss-ndvi-processing/workflow_implementation/MS1_script_for_historical_NDVI/new_historical_processing/1_download_satellite_images.py:398: RuntimeWarning: invalid value encountered in divide
  ndsi = (green - swir_10m) / (green + swir_10m)
/home/Shared/UniBe-swiss-ndvi/GitHub/swiss-ndvi-processing/workflow_implementation/MS1_script_for_historical_NDVI/new_historical_processing/1_download_satellite_images.py:433: UserWarning: no explicit representation of timezones available for np.datetime64
  timesteps_ds[t] = np.datetime64(timestep_dttm).astype("datetime64[ns]").astype("int64")
Time step 9 (2025-04-12 10:10:41+00:00) processed successfully.

 62%|██████▎   | 10/16 [37:04<24:45, 247.65s/it]/home/Shared/UniBe-swiss-ndvi/GitHub/swiss-ndvi-processing/workflow_implementation/MS1_script_for_historical_NDVI/new_historical_processing/1_download_satellite_images.py:371: RuntimeWarning: invalid value encountered in divide
  ndvi = (nir - red) / (nir + red)
/home/Shared/UniBe-swiss-ndvi/GitHub/swiss-ndvi-processing/workflow_implementation/MS1_script_for_historical_NDVI/new_historical_processing/1_download_satellite_images.py:398: RuntimeWarning: invalid value encountered in divide
  ndsi = (green - swir_10m) / (green + swir_10m)
/home/Shared/UniBe-swiss-ndvi/GitHub/swiss-ndvi-processing/workflow_implementation/MS1_script_for_historical_NDVI/new_historical_processing/1_download_satellite_images.py:433: UserWarning: no explicit representation of timezones available for np.datetime64
  timesteps_ds[t] = np.datetime64(timestep_dttm).astype("datetime64[ns]").astype("int64")
Time step 10 (2025-04-22 10:10:51+00:00) processed successfully.

 69%|██████▉   | 11/16 [37:54<15:35, 187.07s/it]/home/Shared/UniBe-swiss-ndvi/GitHub/swiss-ndvi-processing/workflow_implementation/MS1_script_for_historical_NDVI/new_historical_processing/1_download_satellite_images.py:371: RuntimeWarning: invalid value encountered in divide
  ndvi = (nir - red) / (nir + red)
/home/Shared/UniBe-swiss-ndvi/GitHub/swiss-ndvi-processing/workflow_implementation/MS1_script_for_historical_NDVI/new_historical_processing/1_download_satellite_images.py:398: RuntimeWarning: invalid value encountered in divide
  ndsi = (green - swir_10m) / (green + swir_10m)
/home/Shared/UniBe-swiss-ndvi/GitHub/swiss-ndvi-processing/workflow_implementation/MS1_script_for_historical_NDVI/new_historical_processing/1_download_satellite_images.py:433: UserWarning: no explicit representation of timezones available for np.datetime64
  timesteps_ds[t] = np.datetime64(timestep_dttm).astype("datetime64[ns]").astype("int64")
Time step 11 (2025-04-23 10:25:59+00:00) processed successfully.

 75%|███████▌  | 12/16 [46:39<19:19, 289.86s/it]/home/Shared/UniBe-swiss-ndvi/GitHub/swiss-ndvi-processing/workflow_implementation/MS1_script_for_historical_NDVI/new_historical_processing/1_download_satellite_images.py:371: RuntimeWarning: invalid value encountered in divide
  ndvi = (nir - red) / (nir + red)
/home/Shared/UniBe-swiss-ndvi/GitHub/swiss-ndvi-processing/workflow_implementation/MS1_script_for_historical_NDVI/new_historical_processing/1_download_satellite_images.py:398: RuntimeWarning: invalid value encountered in divide
  ndsi = (green - swir_10m) / (green + swir_10m)
/home/Shared/UniBe-swiss-ndvi/GitHub/swiss-ndvi-processing/workflow_implementation/MS1_script_for_historical_NDVI/new_historical_processing/1_download_satellite_images.py:433: UserWarning: no explicit representation of timezones available for np.datetime64
  timesteps_ds[t] = np.datetime64(timestep_dttm).astype("datetime64[ns]").astype("int64")
Time step 12 (2025-04-26 10:36:29+00:00) processed successfully.

 81%|████████▏ | 13/16 [47:54<11:14, 224.84s/it]/home/Shared/UniBe-swiss-ndvi/GitHub/swiss-ndvi-processing/workflow_implementation/MS1_script_for_historical_NDVI/new_historical_processing/1_download_satellite_images.py:371: RuntimeWarning: invalid value encountered in divide
  ndvi = (nir - red) / (nir + red)
/home/Shared/UniBe-swiss-ndvi/GitHub/swiss-ndvi-processing/workflow_implementation/MS1_script_for_historical_NDVI/new_historical_processing/1_download_satellite_images.py:398: RuntimeWarning: invalid value encountered in divide
  ndsi = (green - swir_10m) / (green + swir_10m)
/home/Shared/UniBe-swiss-ndvi/GitHub/swiss-ndvi-processing/workflow_implementation/MS1_script_for_historical_NDVI/new_historical_processing/1_download_satellite_images.py:433: UserWarning: no explicit representation of timezones available for np.datetime64
  timesteps_ds[t] = np.datetime64(timestep_dttm).astype("datetime64[ns]").astype("int64")
Time step 13 (2025-04-28 10:30:51+00:00) processed successfully.
 88%|████████▊ | 14/16 [56:11<10:14, 307.23s/it]/home/Shared/UniBe-swiss-ndvi/GitHub/swiss-ndvi-processing/workflow_implementation/MS1_script_for_historical_NDVI/new_historical_processing/1_download_satellite_images.py:371: RuntimeWarning: invalid value encountered in divide
  ndvi = (nir - red) / (nir + red)
/home/Shared/UniBe-swiss-ndvi/GitHub/swiss-ndvi-processing/workflow_implementation/MS1_script_for_historical_NDVI/new_historical_processing/1_download_satellite_images.py:398: RuntimeWarning: invalid value encountered in divide
  ndsi = (green - swir_10m) / (green + swir_10m)
/home/Shared/UniBe-swiss-ndvi/GitHub/swiss-ndvi-processing/workflow_implementation/MS1_script_for_historical_NDVI/new_historical_processing/1_download_satellite_images.py:433: UserWarning: no explicit representation of timezones available for np.datetime64
  timesteps_ds[t] = np.datetime64(timestep_dttm).astype("datetime64[ns]").astype("int64")
Time step 14 (2025-04-30 10:15:59+00:00) processed successfully.
 94%|█████████▍| 15/16 [1:03:04<05:38, 338.86s/it]/home/Shared/UniBe-swiss-ndvi/GitHub/swiss-ndvi-processing/workflow_implementation/MS1_script_for_historical_NDVI/new_historical_processing/1_download_satellite_images.py:371: RuntimeWarning: invalid value encountered in divide
  ndvi = (nir - red) / (nir + red)
/home/Shared/UniBe-swiss-ndvi/GitHub/swiss-ndvi-processing/workflow_implementation/MS1_script_for_historical_NDVI/new_historical_processing/1_download_satellite_images.py:398: RuntimeWarning: invalid value encountered in divide
  ndsi = (green - swir_10m) / (green + swir_10m)
/home/Shared/UniBe-swiss-ndvi/GitHub/swiss-ndvi-processing/workflow_implementation/MS1_script_for_historical_NDVI/new_historical_processing/1_download_satellite_images.py:433: UserWarning: no explicit representation of timezones available for np.datetime64
  timesteps_ds[t] = np.datetime64(timestep_dttm).astype("datetime64[ns]").astype("int64")
Time step 15 (2025-04-30 10:27:01+00:00) processed successfully.
100%|██████████| 16/16 [1:11:18<00:00, 385.80s/it]100%|██████████| 16/16 [1:11:18<00:00, 267.43s/it]
/home/Shared/UniBe-swiss-ndvi/GitHub/swiss-ndvi-processing/.venv/lib/python3.12/site-packages/zarr/api/asynchronous.py:203: UserWarning: Consolidated metadata is currently not part in the Zarr format 3 specification. It may not be supported by other zarr implementations and may change in the future.
  warnings.warn(
/mnt/data2/UniBe-swiss-ndvi/historic_data/tmp_2026-04-04_15h45_ndvi_01_downloaded_2025-04-01_2025-04-30.zarr
Finished: /home/Shared/UniBe-swiss-ndvi/GitHub/swiss-ndvi-processing/workflow_implementation/MS1_script_for_historical_NDVI/new_historical_processing/1_download_satellite_images.py
Duration: 01:14:19 (hh:mm:ss)
Download script returned value: /mnt/data2/UniBe-swiss-ndvi/historic_data/tmp_2026-04-04_15h45_ndvi_01_downloaded_2025-04-01_2025-04-30.zarr

