Virtual environment activated
Python executable: /home/Shared/UniBe-swiss-ndvi/GitHub/swiss-ndvi-processing/.venv/bin/python
Python version: Python 3.12.3

2017-04-01
2025-11-30
Current commit:
b6101ab2a6ef9785e99c686f68b7488a3cc78b7c

Commit details:
* b6101ab (HEAD -> setup-tunder-FB, origin/setup-tunder-FB) Stash of untracked changes
| *-.   127fce5 (refs/stash) On setup-tunder-FB: Stash of untracked changes
| |\ \  
| | | * 4cbe2d3 untracked files on setup-tunder-FB: 18c169d cleaning up
| | * dad8f36 index on setup-tunder-FB: 18c169d cleaning up
| |/  
| * 18c169d cleaning up
|/  
* 7a9b2db Update historical processing
* 47a0a36 Streamline historical_ndvi() in 2_historical_ndvi_test.py
* 9286885 historical_ndvi() make more robust and add TODO remarks
* 59df497 fix mask_array
* c5d72e8 Bring 2_historical_ndvi_test.py close to 5_analyse_demo_efficient.py II

Working tree status:
On branch setup-tunder-FB
Your branch is up to date with 'origin/setup-tunder-FB'.

Changes not staged for commit:
  (use "git add <file>..." to update what will be committed)
  (use "git restore <file>..." to discard changes in working directory)
	modified:   2_historical_ndvi_test.py

no changes added to commit (use "git add" and/or "git commit -a")

============================================================
Historic processing started at: 2026-04-06 20:38:10
Log file: /home/Shared/UniBe-swiss-ndvi/GitHub/swiss-ndvi-processing/logs/historic_analysis_2026-04-06_20h38m10.log
============================================================

Running: with arguments: 2017-04-01 2025-11-30
------------------------------------------------------------
------------------------------------------------------------
Running: /home/Shared/UniBe-swiss-ndvi/GitHub/swiss-ndvi-processing/workflow_implementation/MS1_script_for_historical_NDVI/new_historical_processing/1_download_satellite_images.py
Start time: 2026-04-06 20:38:10
Finished: /home/Shared/UniBe-swiss-ndvi/GitHub/swiss-ndvi-processing/workflow_implementation/MS1_script_for_historical_NDVI/new_historical_processing/1_download_satellite_images.py
Duration: 00:00:00 (hh:mm:ss)
Download script returned value: /mnt/data2/UniBe-swiss-ndvi/historic_data/tmp_2026-04-04_18h16_ndvi_01_downloaded_2017-01-01_2025-12-31.zarr

------------------------------------------------------------
Running: /home/Shared/UniBe-swiss-ndvi/GitHub/swiss-ndvi-processing/workflow_implementation/MS1_script_for_historical_NDVI/new_historical_processing/2_historical_ndvi_test.py
Start time: 2026-04-06 20:38:10
http://127.0.0.1:1231/status
/home/Shared/UniBe-swiss-ndvi/GitHub/swiss-ndvi-processing/workflow_implementation/MS1_script_for_historical_NDVI/new_historical_processing/2_historical_ndvi_test.py:236: UserWarning: The specified chunks separate the stored chunks along dimension "datetime" starting at index 365. This could degrade performance. Instead, consider rechunking after loading.
  new_observations_ds = xr.open_dataset(INPUT_ZARR, chunks={"pixel": PIXEL_CHUNKS, "datetime": DATE_CHUNKS}, mask_and_scale= False)
/home/Shared/UniBe-swiss-ndvi/GitHub/swiss-ndvi-processing/workflow_implementation/MS1_script_for_historical_NDVI/new_historical_processing/2_historical_ndvi_test.py:239: DeprecationWarning: dropping variables using `drop` is deprecated; use drop_vars.
  new_observations_ds = new_observations_ds.drop("ndsi")
Initialized n=317 daily dates:
         daily   obs_date obs_times
0   2017-04-03 2017-04-03  10:40:21
1   2017-04-04        NaT          
2   2017-04-05        NaT          
3   2017-04-06        NaT          
4   2017-04-07        NaT          
..         ...        ...       ...
312 2018-02-09 2018-02-09  10:31:49
313 2018-02-10        NaT          
314 2018-02-11        NaT          
315 2018-02-12        NaT          
316 2018-02-13 2018-02-13  10:11:19

[317 rows x 3 columns]
In total: 317 days, 30 obs_dates, 30 obs_times. 
First dates in newly downloaded:
  2017-04-03
  2017-04-04
  2017-04-05
  2017-04-06
  2017-04-07
  2017-04-08
  2017-04-09
  2017-04-10
  2017-04-11
  2017-04-12
Last dates in newly downloaded:
  2018-02-04
  2018-02-05
  2018-02-06
  2018-02-07
  2018-02-08
  2018-02-09
  2018-02-10
  2018-02-11
  2018-02-12
  2018-02-13
Newly downloaded dataset:
<xarray.Dataset> Size: 70kB
Dimensions:   (date: 317, pixel: 100)
Coordinates:
  * pixel     (pixel) int32 400B 0 1 2 3 4 5 6 7 8 ... 92 93 94 95 96 97 98 99
  * date      (date) datetime64[ns] 3kB 2017-04-03 2017-04-04 ... 2018-02-13
    x_idx     (pixel) int32 400B dask.array<chunksize=(100,), meta=np.ndarray>
    y_idx     (pixel) int32 400B dask.array<chunksize=(100,), meta=np.ndarray>
    x         (pixel) int32 400B dask.array<chunksize=(100,), meta=np.ndarray>
    y         (pixel) int32 400B dask.array<chunksize=(100,), meta=np.ndarray>
    doy       (date) int32 1kB 93 94 95 96 97 98 99 100 ... 38 39 40 41 42 43 44
Data variables:
    ndvi      (date, pixel) int16 63kB dask.array<chunksize=(1, 100), meta=np.ndarray>
    obs_date  (date) bool 317B True False False False ... False False False True
Attributes:
    transform_note:    | 10.00, 0.00, 2474090.00|\n| 0.00,-10.00, 1310530.00|...
    transform_coeffs:  [10.0, 0.0, 2474090.0, 0.0, -10.0, 1310530.0, 0.0, 0.0...
    transform_instr:   from affine import Affine; t = Affine(*ds.attrs['trans...
    description_ndvi:  NDVI (scaled int16: -10000 to 10000)
    description_ndsi:  NDSI (scaled int16: -10000 to 10000)
    nodata:            32767
    cloud_shadow:      -32768
    pixel_definition:  Total of global grid used for pixel ID (based on fores...
/home/Shared/UniBe-swiss-ndvi/GitHub/swiss-ndvi-processing/.venv/lib/python3.12/site-packages/zarr/api/asynchronous.py:203: UserWarning: Consolidated metadata is currently not part in the Zarr format 3 specification. It may not be supported by other zarr implementations and may change in the future.
  warnings.warn(
Constructed graph with 6 layers, and 6 tasks.
writing to new file: /mnt/data2/UniBe-swiss-ndvi/historic_data/historical_2026-04-04_18h16_historical_v7.zarr
/home/Shared/UniBe-swiss-ndvi/GitHub/swiss-ndvi-processing/.venv/lib/python3.12/site-packages/zarr/api/asynchronous.py:203: UserWarning: Consolidated metadata is currently not part in the Zarr format 3 specification. It may not be supported by other zarr implementations and may change in the future.
  warnings.warn(
/mnt/data2/UniBe-swiss-ndvi/historic_data/historical_2026-04-04_18h16_historical_v7.zarr
Finished: /home/Shared/UniBe-swiss-ndvi/GitHub/swiss-ndvi-processing/workflow_implementation/MS1_script_for_historical_NDVI/new_historical_processing/2_historical_ndvi_test.py
Duration: 00:00:27 (hh:mm:ss)
Processing script returned value: /mnt/data2/UniBe-swiss-ndvi/historic_data/historical_2026-04-04_18h16_historical_v7.zarr
