Virtual environment activated
Python executable: /home/Shared/UniBe-swiss-ndvi/GitHub/swiss-ndvi-processing/.venv/bin/python
Python version: Python 3.12.3

2017-04-01
2025-11-30
Current commit:
b6101ab2a6ef9785e99c686f68b7488a3cc78b7c

Commit details:
* b6101ab (HEAD -> setup-tunder-FB, origin/setup-tunder-FB) Stash of untracked changes
| *-.   127fce5 (refs/stash) On setup-tunder-FB: Stash of untracked changes
| |\ \  
| | | * 4cbe2d3 untracked files on setup-tunder-FB: 18c169d cleaning up
| | * dad8f36 index on setup-tunder-FB: 18c169d cleaning up
| |/  
| * 18c169d cleaning up
|/  
* 7a9b2db Update historical processing
* 47a0a36 Streamline historical_ndvi() in 2_historical_ndvi_test.py
* 9286885 historical_ndvi() make more robust and add TODO remarks
* 59df497 fix mask_array
* c5d72e8 Bring 2_historical_ndvi_test.py close to 5_analyse_demo_efficient.py II

Working tree status:
On branch setup-tunder-FB
Your branch is up to date with 'origin/setup-tunder-FB'.

Changes to be committed:
  (use "git restore --staged <file>..." to unstage)
	modified:   2_historical_ndvi_test.py

Changes not staged for commit:
  (use "git add <file>..." to update what will be committed)
  (use "git restore <file>..." to discard changes in working directory)
	modified:   2_historical_ndvi_test.py


============================================================
Historic processing started at: 2026-04-06 21:20:05
Log file: /home/Shared/UniBe-swiss-ndvi/GitHub/swiss-ndvi-processing/logs/historic_analysis_2026-04-06_21h20m05.log
============================================================

Running: with arguments: 2017-04-01 2025-11-30
------------------------------------------------------------
------------------------------------------------------------
Running: /home/Shared/UniBe-swiss-ndvi/GitHub/swiss-ndvi-processing/workflow_implementation/MS1_script_for_historical_NDVI/new_historical_processing/1_download_satellite_images.py
Start time: 2026-04-06 21:20:05
Finished: /home/Shared/UniBe-swiss-ndvi/GitHub/swiss-ndvi-processing/workflow_implementation/MS1_script_for_historical_NDVI/new_historical_processing/1_download_satellite_images.py
Duration: 00:00:00 (hh:mm:ss)
Download script returned value: /mnt/data2/UniBe-swiss-ndvi/historic_data/tmp_2026-04-04_18h16_ndvi_01_downloaded_2017-01-01_2025-12-31.zarr

------------------------------------------------------------
Running: /home/Shared/UniBe-swiss-ndvi/GitHub/swiss-ndvi-processing/workflow_implementation/MS1_script_for_historical_NDVI/new_historical_processing/2_historical_ndvi_test.py
Start time: 2026-04-06 21:20:05
http://127.0.0.1:1236/status
Initialized n=3195 daily dates:
          daily   obs_date          obs_times
0    2017-04-03 2017-04-03           10:40:21
1    2017-04-04        NaT                   
2    2017-04-05        NaT                   
3    2017-04-06        NaT                   
4    2017-04-07        NaT                   
...         ...        ...                ...
3190 2025-12-27 2025-12-27           10:44:51
3191 2025-12-28 2025-12-28           10:14:41
3192 2025-12-29 2025-12-29  10:33:39,10:45:01
3193 2025-12-30 2025-12-30           10:14:51
3194 2025-12-31 2025-12-31           10:24:41

[3195 rows x 3 columns]
In total: 3195 days, 1160 obs_dates, 1190 obs_times. 
First dates in newly downloaded:
  2017-04-03
  2017-04-04
  2017-04-05
  2017-04-06
  2017-04-07
  2017-04-08
  2017-04-09
  2017-04-10
  2017-04-11
  2017-04-12
Last dates in newly downloaded:
  2025-12-22
  2025-12-23
  2025-12-24
  2025-12-25
  2025-12-26
  2025-12-27
  2025-12-28
  2025-12-29
  2025-12-30
  2025-12-31
Newly downloaded dataset:
<xarray.Dataset> Size: 683kB
Dimensions:   (date: 3195, pixel: 100)
Coordinates:
  * pixel     (pixel) int32 400B 0 1 2 3 4 5 6 7 8 ... 92 93 94 95 96 97 98 99
  * date      (date) datetime64[ns] 26kB 2017-04-03 2017-04-04 ... 2025-12-31
    x_idx     (pixel) int32 400B dask.array<chunksize=(100,), meta=np.ndarray>
    y_idx     (pixel) int32 400B dask.array<chunksize=(100,), meta=np.ndarray>
    x         (pixel) int32 400B dask.array<chunksize=(100,), meta=np.ndarray>
    y         (pixel) int32 400B dask.array<chunksize=(100,), meta=np.ndarray>
    doy       (date) int32 13kB 93 94 95 96 97 98 99 ... 360 361 362 363 364 365
Data variables:
    ndvi      (date, pixel) int16 639kB dask.array<chunksize=(1, 100), meta=np.ndarray>
    obs_date  (date) bool 3kB True False False False ... True True True True
Attributes:
    transform_note:    | 10.00, 0.00, 2474090.00|\n| 0.00,-10.00, 1310530.00|...
    transform_coeffs:  [10.0, 0.0, 2474090.0, 0.0, -10.0, 1310530.0, 0.0, 0.0...
    transform_instr:   from affine import Affine; t = Affine(*ds.attrs['trans...
    description_ndvi:  NDVI (scaled int16: -10000 to 10000)
    description_ndsi:  NDSI (scaled int16: -10000 to 10000)
    nodata:            32767
    cloud_shadow:      -32768
    pixel_definition:  Total of global grid used for pixel ID (based on fores...
Constructed graph with 6 layers, and 6 tasks.
writing to new file: /mnt/data2/UniBe-swiss-ndvi/historic_data/historical_2026-04-04_18h16_historical_v7.zarr
/home/Shared/UniBe-swiss-ndvi/GitHub/swiss-ndvi-processing/.venv/lib/python3.12/site-packages/zarr/api/asynchronous.py:203: UserWarning: Consolidated metadata is currently not part in the Zarr format 3 specification. It may not be supported by other zarr implementations and may change in the future.
  warnings.warn(
/mnt/data2/UniBe-swiss-ndvi/historic_data/historical_2026-04-04_18h16_historical_v7.zarr
2026-04-06 21:21:19,459 - distributed.scheduler - WARNING - Removing worker 'tcp://127.0.0.1:34945' caused the cluster to lose already computed task(s), which will be recomputed elsewhere: {('xarray-doy-c278951033f26eefa96be80f3d4794d3', 0)} (stimulus_id='handle-worker-cleanup-1775510479.4587772')
2026-04-06 21:21:19,479 - distributed.scheduler - WARNING - Removing worker 'tcp://127.0.0.1:44981' caused the cluster to lose already computed task(s), which will be recomputed elsewhere: {('rechunk-merge-26e0d6010150a66cef1b7d2faa0f6d2d', 0, 0)} (stimulus_id='handle-worker-cleanup-1775510479.479841')
2026-04-06 21:21:19,648 - distributed.scheduler - WARNING - Removing worker 'tcp://127.0.0.1:44437' caused the cluster to lose already computed task(s), which will be recomputed elsewhere: {('rechunk-merge-f7ffaff011ba78360f39d00cfe9b4fea', 0, 0)} (stimulus_id='handle-worker-cleanup-1775510479.6482112')
2026-04-06 21:21:19,748 - distributed.scheduler - WARNING - Removing worker 'tcp://127.0.0.1:36143' caused the cluster to lose already computed task(s), which will be recomputed elsewhere: {('getitem-aa6fd4400420ac967df85740c54f9c9b', 0)} (stimulus_id='handle-worker-cleanup-1775510479.7479281')
2026-04-06 21:21:19,752 - distributed.scheduler - WARNING - Removing worker 'tcp://127.0.0.1:44429' caused the cluster to lose already computed task(s), which will be recomputed elsewhere: {('getitem-ae2aa167e41f7ad5050a2b2c74745ca4', 0)} (stimulus_id='handle-worker-cleanup-1775510479.752366')
2026-04-06 21:21:19,754 - distributed.scheduler - WARNING - Removing worker 'tcp://127.0.0.1:42431' caused the cluster to lose already computed task(s), which will be recomputed elsewhere: {('getitem-1e695cbdc7aa437dd06d602b567a810f', 0), ('getitem-56d39c5cd58e601cd6d382cad79bb5de', 0)} (stimulus_id='handle-worker-cleanup-1775510479.7541747')
2026-04-06 21:21:19,818 - distributed.scheduler - WARNING - Removing worker 'tcp://127.0.0.1:45253' caused the cluster to lose already computed task(s), which will be recomputed elsewhere: {('xarray-<this-array>-40aa39e2d090e712980f4f7773ee5d8c', 0), ('transpose-c795d1ae3c44a2e0d7137e0cb36d28a7', 0, 0), ('rechunk-merge-76588e7c89903e790f59db74630708ea', 0, 0), ('transpose-7fd0c9fef31d4c44d7b488a99031105a', 0, 0)} (stimulus_id='handle-worker-cleanup-1775510479.8184898')
Finished: /home/Shared/UniBe-swiss-ndvi/GitHub/swiss-ndvi-processing/workflow_implementation/MS1_script_for_historical_NDVI/new_historical_processing/2_historical_ndvi_test.py
Duration: 00:01:18 (hh:mm:ss)
Processing script returned value: 2026-04-06 21:21:19,818 - distributed.scheduler - WARNING - Removing worker 'tcp://127.0.0.1:45253' caused the cluster to lose already computed task(s), which will be recomputed elsewhere: {('xarray-<this-array>-40aa39e2d090e712980f4f7773ee5d8c', 0), ('transpose-c795d1ae3c44a2e0d7137e0cb36d28a7', 0, 0), ('rechunk-merge-76588e7c89903e790f59db74630708ea', 0, 0), ('transpose-7fd0c9fef31d4c44d7b488a99031105a', 0, 0)} (stimulus_id='handle-worker-cleanup-1775510479.8184898')
