Virtual environment activated
Python executable: /home/Shared/UniBe-swiss-ndvi/GitHub/swiss-ndvi-processing/.venv/bin/python
Python version: Python 3.12.3

2017-04-01
2025-11-30
Current commit:
c1547ac5436e63b0828575e7656654af9aba2c35

Commit details:
* c1547ac (HEAD -> setup-tunder-FB) perf: Improve performance by manual looping through chunks for apply_ufunc()
* c456659 docs: Streamline hist_script 2 by removing comments
* 0bbc09d Attempt to fix: "OSError: [Errno 24] Too many open files"
* 52c3f15 (origin/setup-tunder-FB) Update bash script for historic to run only processing (temp. deactivate tiffs)
* 7acb879 Close dask client cleanly for tiff-generation
* 5dacadf Update timeseries plot for validation
* 85df6a0 Make tiff generation loop through all dates
* 8aa07d5 Fix: rotated GeoTiff (fixing downstream at tiff generation, keeping wrong x_idx, y_idx)
* 99474a9 Add tiff generation (BUG: rotated)
| * ea8c9ef (refs/stash) On setup-tunder-FB: avoiding storage leads to large reshuffles
|/| 

Working tree status:
On branch setup-tunder-FB
Your branch is ahead of 'origin/setup-tunder-FB' by 3 commits.
  (use "git push" to publish your local commits)

Changes not staged for commit:
  (use "git add <file>..." to update what will be committed)
  (use "git restore <file>..." to discard changes in working directory)
	modified:   2_historical_ndvi_test.py

no changes added to commit (use "git add" and/or "git commit -a")

============================================================
Historic processing started at: 2026-04-07 14:09:10
Log file: /home/Shared/UniBe-swiss-ndvi/GitHub/swiss-ndvi-processing/logs/historic_analysis_2026-04-07_14h09m10.log
============================================================

Running: with arguments: 2017-04-01 2025-11-30
------------------------------------------------------------
------------------------------------------------------------
Running: /home/Shared/UniBe-swiss-ndvi/GitHub/swiss-ndvi-processing/workflow_implementation/MS1_script_for_historical_NDVI/new_historical_processing/1_download_satellite_images.py
Start time: 2026-04-07 14:09:10
Finished: /home/Shared/UniBe-swiss-ndvi/GitHub/swiss-ndvi-processing/workflow_implementation/MS1_script_for_historical_NDVI/new_historical_processing/1_download_satellite_images.py
Duration: 00:00:00 (hh:mm:ss)
Download script returned value: /mnt/data2/UniBe-swiss-ndvi/historic_data/tmp_2026-04-04_18h16_ndvi_01_downloaded_2017-01-01_2025-12-31.zarr

------------------------------------------------------------
Running: /home/Shared/UniBe-swiss-ndvi/GitHub/swiss-ndvi-processing/workflow_implementation/MS1_script_for_historical_NDVI/new_historical_processing/2_historical_ndvi_test.py
Start time: 2026-04-07 14:09:10
http://127.0.0.1:1235/status
Initialized n=3195 daily dates:
          daily   obs_date          obs_times
0    2017-04-03 2017-04-03           10:40:21
1    2017-04-04        NaT                   
2    2017-04-05        NaT                   
3    2017-04-06        NaT                   
4    2017-04-07        NaT                   
...         ...        ...                ...
3190 2025-12-27 2025-12-27           10:44:51
3191 2025-12-28 2025-12-28           10:14:41
3192 2025-12-29 2025-12-29  10:33:39,10:45:01
3193 2025-12-30 2025-12-30           10:14:51
3194 2025-12-31 2025-12-31           10:24:41

[3195 rows x 3 columns]
In total: 3195 days, 1160 obs_dates, 1190 obs_times. 
First dates in newly downloaded:
  2017-04-03
  2017-04-04
  2017-04-05
  2017-04-06
  2017-04-07
  2017-04-08
  2017-04-09
  2017-04-10
  2017-04-11
  2017-04-12
Last dates in newly downloaded:
  2025-12-22
  2025-12-23
  2025-12-24
  2025-12-25
  2025-12-26
  2025-12-27
  2025-12-28
  2025-12-29
  2025-12-30
  2025-12-31
Newly downloaded dataset:
<xarray.Dataset> Size: 64MB
Dimensions:   (date: 3195, pixel: 10000)
Coordinates:
  * pixel     (pixel) int32 40kB 0 1 2 3 4 5 6 ... 9994 9995 9996 9997 9998 9999
  * date      (date) datetime64[ns] 26kB 2017-04-03 2017-04-04 ... 2025-12-31
    x_idx     (pixel) int32 40kB dask.array<chunksize=(10000,), meta=np.ndarray>
    y_idx     (pixel) int32 40kB dask.array<chunksize=(10000,), meta=np.ndarray>
    x         (pixel) int32 40kB dask.array<chunksize=(10000,), meta=np.ndarray>
    y         (pixel) int32 40kB dask.array<chunksize=(10000,), meta=np.ndarray>
    doy       (date) int32 13kB 93 94 95 96 97 98 99 ... 360 361 362 363 364 365
Data variables:
    ndvi      (date, pixel) int16 64MB dask.array<chunksize=(1, 10000), meta=np.ndarray>
    obs_date  (date) bool 3kB True False False False ... True True True True
Attributes:
    transform_note:    | 10.00, 0.00, 2474090.00|\n| 0.00,-10.00, 1310530.00|...
    transform_coeffs:  [10.0, 0.0, 2474090.0, 0.0, -10.0, 1310530.0, 0.0, 0.0...
    transform_instr:   from affine import Affine; t = Affine(*ds.attrs['trans...
    description_ndvi:  NDVI (scaled int16: -10000 to 10000)
    description_ndsi:  NDSI (scaled int16: -10000 to 10000)
    nodata:            32767
    cloud_shadow:      -32768
    pixel_definition:  Total of global grid used for pixel ID (based on fores...
/home/Shared/UniBe-swiss-ndvi/GitHub/swiss-ndvi-processing/.venv/lib/python3.12/site-packages/zarr/api/asynchronous.py:203: UserWarning: Consolidated metadata is currently not part in the Zarr format 3 specification. It may not be supported by other zarr implementations and may change in the future.
  warnings.warn(
BokehUserWarning: reference already known 'p1011'
BokehUserWarning: reference already known 'p1051'
BokehUserWarning: reference already known 'p1289'
BokehUserWarning: reference already known 'p1295'
BokehUserWarning: reference already known 'p1361'
[2026-04-07 14:09:52]  Starting Batch 1/10
Constructed graph with 38 layers, and 1196 tasks.
2026-04-07 14:09:53,364 - distributed.shuffle._scheduler_plugin - WARNING - Shuffle fa44228cf001ce8b13a43479960fe4b2 initialized by task ('rechunk-merge-rechunk-transfer-df35c79014adbd971a113833b8036ff9', 0, 0, 0, 0) executed on worker tcp://127.0.0.1:44225
2026-04-07 14:09:54,037 - distributed.shuffle._scheduler_plugin - WARNING - Shuffle fa44228cf001ce8b13a43479960fe4b2 deactivated due to stimulus 'task-finished-1775570993.9855027'
Partial writing to new file: /mnt/data2/UniBe-swiss-ndvi/historic_data/historical_2026-04-04_18h16_historical_v7.zarr
/home/Shared/UniBe-swiss-ndvi/GitHub/swiss-ndvi-processing/.venv/lib/python3.12/site-packages/zarr/api/asynchronous.py:203: UserWarning: Consolidated metadata is currently not part in the Zarr format 3 specification. It may not be supported by other zarr implementations and may change in the future.
  warnings.warn(
[2026-04-07 14:10:01]  Batch 1/10  pixels 0–1,000  elapsed 0.1min  ETA 1min
[2026-04-07 14:10:01]  Starting Batch 2/10
Constructed graph with 38 layers, and 1196 tasks.
2026-04-07 14:10:01,767 - distributed.shuffle._scheduler_plugin - WARNING - Shuffle 684f2fd77a35a8f8d8753baf5692e140 initialized by task ('rechunk-merge-rechunk-transfer-1b1d4e63a690cb2db75c278e23a39df7', 0, 0, 0, 0) executed on worker tcp://127.0.0.1:38371
2026-04-07 14:10:06,514 - distributed.shuffle._scheduler_plugin - WARNING - Shuffle 684f2fd77a35a8f8d8753baf5692e140 deactivated due to stimulus 'task-finished-1775571006.5093775'
Partial writing to new file: /mnt/data2/UniBe-swiss-ndvi/historic_data/historical_2026-04-04_18h16_historical_v7.zarr
/home/Shared/UniBe-swiss-ndvi/GitHub/swiss-ndvi-processing/.venv/lib/python3.12/site-packages/zarr/api/asynchronous.py:203: UserWarning: Consolidated metadata is currently not part in the Zarr format 3 specification. It may not be supported by other zarr implementations and may change in the future.
  warnings.warn(
[2026-04-07 14:10:10]  Batch 2/10  pixels 1,000–2,000  elapsed 0.1min  ETA 1min
[2026-04-07 14:10:10]  Starting Batch 3/10
Constructed graph with 38 layers, and 1196 tasks.
2026-04-07 14:10:10,635 - distributed.shuffle._scheduler_plugin - WARNING - Shuffle 322065c2c7fbc4612f0d8c8a3571b009 initialized by task ('rechunk-merge-rechunk-transfer-a4232958d2547cfb180846747bacfa06', 0, 0, 0, 0) executed on worker tcp://127.0.0.1:38371
2026-04-07 14:10:14,804 - distributed.shuffle._scheduler_plugin - WARNING - Shuffle 322065c2c7fbc4612f0d8c8a3571b009 deactivated due to stimulus 'task-finished-1775571014.7999299'
Partial writing to new file: /mnt/data2/UniBe-swiss-ndvi/historic_data/historical_2026-04-04_18h16_historical_v7.zarr
/home/Shared/UniBe-swiss-ndvi/GitHub/swiss-ndvi-processing/.venv/lib/python3.12/site-packages/zarr/api/asynchronous.py:203: UserWarning: Consolidated metadata is currently not part in the Zarr format 3 specification. It may not be supported by other zarr implementations and may change in the future.
  warnings.warn(
[2026-04-07 14:10:19]  Batch 3/10  pixels 2,000–3,000  elapsed 0.1min  ETA 0min
[2026-04-07 14:10:19]  Starting Batch 4/10
Constructed graph with 38 layers, and 1196 tasks.
2026-04-07 14:10:19,398 - distributed.shuffle._scheduler_plugin - WARNING - Shuffle f9cd1fb441c2b90005a672be129da53c initialized by task ('rechunk-merge-rechunk-transfer-4a4049d582bb4ec27949715559440db4', 0, 0, 0, 0) executed on worker tcp://127.0.0.1:38371
2026-04-07 14:10:24,406 - distributed.shuffle._scheduler_plugin - WARNING - Shuffle f9cd1fb441c2b90005a672be129da53c deactivated due to stimulus 'task-finished-1775571024.3993516'
Partial writing to new file: /mnt/data2/UniBe-swiss-ndvi/historic_data/historical_2026-04-04_18h16_historical_v7.zarr
/home/Shared/UniBe-swiss-ndvi/GitHub/swiss-ndvi-processing/.venv/lib/python3.12/site-packages/zarr/api/asynchronous.py:203: UserWarning: Consolidated metadata is currently not part in the Zarr format 3 specification. It may not be supported by other zarr implementations and may change in the future.
  warnings.warn(
[2026-04-07 14:10:28]  Batch 4/10  pixels 3,000–4,000  elapsed 0.2min  ETA 0min
[2026-04-07 14:10:28]  Starting Batch 5/10
Constructed graph with 38 layers, and 1196 tasks.
2026-04-07 14:10:28,753 - distributed.shuffle._scheduler_plugin - WARNING - Shuffle 3a3e8040ea7fdbff9a2baa551109b446 initialized by task ('rechunk-merge-rechunk-transfer-b0af393da8d80aafbd96886adb7f3bea', 0, 0, 0, 0) executed on worker tcp://127.0.0.1:38371
2026-04-07 14:10:33,453 - distributed.shuffle._scheduler_plugin - WARNING - Shuffle 3a3e8040ea7fdbff9a2baa551109b446 deactivated due to stimulus 'task-finished-1775571033.4502754'
Partial writing to new file: /mnt/data2/UniBe-swiss-ndvi/historic_data/historical_2026-04-04_18h16_historical_v7.zarr
/home/Shared/UniBe-swiss-ndvi/GitHub/swiss-ndvi-processing/.venv/lib/python3.12/site-packages/zarr/api/asynchronous.py:203: UserWarning: Consolidated metadata is currently not part in the Zarr format 3 specification. It may not be supported by other zarr implementations and may change in the future.
  warnings.warn(
[2026-04-07 14:10:37]  Batch 5/10  pixels 4,000–5,000  elapsed 0.1min  ETA 0min
[2026-04-07 14:10:37]  Starting Batch 6/10
Constructed graph with 38 layers, and 1196 tasks.
2026-04-07 14:10:37,599 - distributed.shuffle._scheduler_plugin - WARNING - Shuffle 4e7ba534b6a0b88ebcd5a77c7178e679 initialized by task ('rechunk-merge-rechunk-transfer-f5b7b5f3bdb65fce4bd84e5cf4b5c1f4', 0, 0, 0, 0) executed on worker tcp://127.0.0.1:38371
2026-04-07 14:10:42,202 - distributed.shuffle._scheduler_plugin - WARNING - Shuffle 4e7ba534b6a0b88ebcd5a77c7178e679 deactivated due to stimulus 'task-finished-1775571042.1995492'
Partial writing to new file: /mnt/data2/UniBe-swiss-ndvi/historic_data/historical_2026-04-04_18h16_historical_v7.zarr
/home/Shared/UniBe-swiss-ndvi/GitHub/swiss-ndvi-processing/.venv/lib/python3.12/site-packages/zarr/api/asynchronous.py:203: UserWarning: Consolidated metadata is currently not part in the Zarr format 3 specification. It may not be supported by other zarr implementations and may change in the future.
  warnings.warn(
[2026-04-07 14:10:46]  Batch 6/10  pixels 5,000–6,000  elapsed 0.2min  ETA 0min
[2026-04-07 14:10:46]  Starting Batch 7/10
Constructed graph with 38 layers, and 1196 tasks.
2026-04-07 14:10:47,249 - distributed.shuffle._scheduler_plugin - WARNING - Shuffle bc76fbbabd8bb015435c35c9146d02f3 initialized by task ('rechunk-merge-rechunk-transfer-648b1be681f28507ce1ddc2c42a672fc', 0, 0, 0, 0) executed on worker tcp://127.0.0.1:38371
2026-04-07 14:10:52,103 - distributed.shuffle._scheduler_plugin - WARNING - Shuffle bc76fbbabd8bb015435c35c9146d02f3 deactivated due to stimulus 'task-finished-1775571052.0979183'
Partial writing to new file: /mnt/data2/UniBe-swiss-ndvi/historic_data/historical_2026-04-04_18h16_historical_v7.zarr
/home/Shared/UniBe-swiss-ndvi/GitHub/swiss-ndvi-processing/.venv/lib/python3.12/site-packages/zarr/api/asynchronous.py:203: UserWarning: Consolidated metadata is currently not part in the Zarr format 3 specification. It may not be supported by other zarr implementations and may change in the future.
  warnings.warn(
[2026-04-07 14:10:56]  Batch 7/10  pixels 6,000–7,000  elapsed 0.2min  ETA 0min
[2026-04-07 14:10:56]  Starting Batch 8/10
Constructed graph with 38 layers, and 1196 tasks.
2026-04-07 14:10:57,004 - distributed.shuffle._scheduler_plugin - WARNING - Shuffle 5fbe31e844be55322197a4731e9cff64 initialized by task ('rechunk-merge-rechunk-transfer-a48e1d3762397356bc807cee083e4f3e', 0, 0, 0, 0) executed on worker tcp://127.0.0.1:38371
2026-04-07 14:11:02,553 - distributed.shuffle._scheduler_plugin - WARNING - Shuffle 5fbe31e844be55322197a4731e9cff64 deactivated due to stimulus 'task-finished-1775571062.5507896'
Partial writing to new file: /mnt/data2/UniBe-swiss-ndvi/historic_data/historical_2026-04-04_18h16_historical_v7.zarr
/home/Shared/UniBe-swiss-ndvi/GitHub/swiss-ndvi-processing/.venv/lib/python3.12/site-packages/zarr/api/asynchronous.py:203: UserWarning: Consolidated metadata is currently not part in the Zarr format 3 specification. It may not be supported by other zarr implementations and may change in the future.
  warnings.warn(
[2026-04-07 14:11:06]  Batch 8/10  pixels 7,000–8,000  elapsed 0.2min  ETA 0min
[2026-04-07 14:11:06]  Starting Batch 9/10
Constructed graph with 38 layers, and 1196 tasks.
2026-04-07 14:11:07,812 - distributed.shuffle._scheduler_plugin - WARNING - Shuffle 40865b028c3cb9ec5dfe03254b2a8eda initialized by task ('rechunk-merge-rechunk-transfer-af220c4377e9730cc5cd888c51326699', 0, 0, 0, 0) executed on worker tcp://127.0.0.1:38371
2026-04-07 14:11:14,027 - distributed.shuffle._scheduler_plugin - WARNING - Shuffle 40865b028c3cb9ec5dfe03254b2a8eda deactivated due to stimulus 'task-finished-1775571074.0246954'
Partial writing to new file: /mnt/data2/UniBe-swiss-ndvi/historic_data/historical_2026-04-04_18h16_historical_v7.zarr
/home/Shared/UniBe-swiss-ndvi/GitHub/swiss-ndvi-processing/.venv/lib/python3.12/site-packages/zarr/api/asynchronous.py:203: UserWarning: Consolidated metadata is currently not part in the Zarr format 3 specification. It may not be supported by other zarr implementations and may change in the future.
  warnings.warn(
[2026-04-07 14:11:17]  Batch 9/10  pixels 8,000–9,000  elapsed 0.2min  ETA 0min
[2026-04-07 14:11:17]  Starting Batch 10/10
Constructed graph with 38 layers, and 1196 tasks.
2026-04-07 14:11:17,808 - distributed.shuffle._scheduler_plugin - WARNING - Shuffle 77879968f7bb6bec80b8cbc09aa78811 initialized by task ('rechunk-merge-rechunk-transfer-e507c1e63191bb64d94a6935ddd57acf', 0, 0, 0, 0) executed on worker tcp://127.0.0.1:38371
2026-04-07 14:11:21,982 - distributed.shuffle._scheduler_plugin - WARNING - Shuffle 77879968f7bb6bec80b8cbc09aa78811 deactivated due to stimulus 'task-finished-1775571081.9795396'
Partial writing to new file: /mnt/data2/UniBe-swiss-ndvi/historic_data/historical_2026-04-04_18h16_historical_v7.zarr
/home/Shared/UniBe-swiss-ndvi/GitHub/swiss-ndvi-processing/.venv/lib/python3.12/site-packages/zarr/api/asynchronous.py:203: UserWarning: Consolidated metadata is currently not part in the Zarr format 3 specification. It may not be supported by other zarr implementations and may change in the future.
  warnings.warn(
[2026-04-07 14:11:26]  Batch 10/10  pixels 9,000–10,000  elapsed 0.1min  ETA 0min
/mnt/data2/UniBe-swiss-ndvi/historic_data/historical_2026-04-04_18h16_historical_v7.zarr
Finished: /home/Shared/UniBe-swiss-ndvi/GitHub/swiss-ndvi-processing/workflow_implementation/MS1_script_for_historical_NDVI/new_historical_processing/2_historical_ndvi_test.py
Duration: 00:02:21 (hh:mm:ss)
Processing script returned value: /mnt/data2/UniBe-swiss-ndvi/historic_data/historical_2026-04-04_18h16_historical_v7.zarr
