Virtual environment activated
Python executable: /home/Shared/UniBe-swiss-ndvi/GitHub/swiss-ndvi-processing/.venv/bin/python
Python version: Python 3.12.3

2017-04-01
2025-11-30
Current commit:
4c96b07a85412c340f96c4d187df96ec1523e548

Commit details:
* 4c96b07 (HEAD -> setup-tunder-FB) Bring 2_historical_ndvi_test.py close to 5_analyse_demo_efficient.py II
* 3c35752 (origin/setup-tunder-FB) Bring 2_historical_ndvi_test.py close to 5_analyse_demo_efficient.py
* 87b369b Activate parallel downloading for historic dataset (download time 14h) and remove NaT
| * e1e5d4d (refs/stash) WIP on setup-tunder-FB: f211285 Fix download order
|/| 
| * 0a2e4e1 index on setup-tunder-FB: f211285 Fix download order
|/  
* f211285 Fix download order
* 5774759 Historic: add full period 2017-04-01 to 2025-11-30
* 3a54536 Adapt paths on historic analysis for TUNDER
* 4e1a9f4 On TUNDER: Move to new data2 disk
* 12680c5 Ensure historic satellite download is ordered in time

Working tree status:
On branch setup-tunder-FB
Your branch is ahead of 'origin/setup-tunder-FB' by 1 commit.
  (use "git push" to publish your local commits)

Changes not staged for commit:
  (use "git add <file>..." to update what will be committed)
  (use "git restore <file>..." to discard changes in working directory)
	modified:   0_1_run_historic_analysis.sh
	modified:   2_historical_ndvi_test.py
	modified:   ../../demo/test_all_pixels/4_merge_zarr.py

Untracked files:
  (use "git add <file>..." to include in what will be committed)
	../../../data_for_demo_2/
	../../../report/fig/prova2/
	../test.ipynb
	../../demo/test_all_pixels/0_1_run_pipeline copy.sh
	../../demo/test_all_pixels/1_extract_swisstopo_dataset_DEBUG.py
	../../demo/test_all_pixels/5a_debug_historical_ndvi.py.py
	../../demo/test_all_pixels/6_create_cogtiff copy.py

no changes added to commit (use "git add" and/or "git commit -a")

============================================================
Historic processing started at: 2026-04-05 17:13:48
Log file: /home/Shared/UniBe-swiss-ndvi/GitHub/swiss-ndvi-processing/logs/historic_analysis_2026-04-05_17h13m48.log
============================================================

Running: with arguments: 2017-04-01 2025-11-30
------------------------------------------------------------
------------------------------------------------------------
Running: /home/Shared/UniBe-swiss-ndvi/GitHub/swiss-ndvi-processing/workflow_implementation/MS1_script_for_historical_NDVI/new_historical_processing/1_download_satellite_images.py
Start time: 2026-04-05 17:13:48
Finished: /home/Shared/UniBe-swiss-ndvi/GitHub/swiss-ndvi-processing/workflow_implementation/MS1_script_for_historical_NDVI/new_historical_processing/1_download_satellite_images.py
Duration: 00:00:00 (hh:mm:ss)
Download script returned value: /mnt/data2/UniBe-swiss-ndvi/historic_data/tmp_2026-04-04_18h16_ndvi_01_downloaded_2017-01-01_2025-12-31.zarr

------------------------------------------------------------
Running: /home/Shared/UniBe-swiss-ndvi/GitHub/swiss-ndvi-processing/workflow_implementation/MS1_script_for_historical_NDVI/new_historical_processing/2_historical_ndvi_test.py
Start time: 2026-04-05 17:13:48
http://127.0.0.1:1234/status
Initialized n=3195 daily dates:
          daily   obs_date          obs_times
0    2017-04-03 2017-04-03           10:40:21
1    2017-04-04        NaT                   
2    2017-04-05        NaT                   
3    2017-04-06        NaT                   
4    2017-04-07        NaT                   
...         ...        ...                ...
3190 2025-12-27 2025-12-27           10:44:51
3191 2025-12-28 2025-12-28           10:14:41
3192 2025-12-29 2025-12-29  10:33:39,10:45:01
3193 2025-12-30 2025-12-30           10:14:51
3194 2025-12-31 2025-12-31           10:24:41

[3195 rows x 3 columns]
In total: 3195 days, 1160 obs_dates, 1190 obs_times. 
First dates in newly downloaded:
  2017-04-03
  2017-04-04
  2017-04-05
  2017-04-06
  2017-04-07
  2017-04-08
  2017-04-09
  2017-04-10
  2017-04-11
  2017-04-12
Last dates in newly downloaded:
  2025-12-22
  2025-12-23
  2025-12-24
  2025-12-25
  2025-12-26
  2025-12-27
  2025-12-28
  2025-12-29
  2025-12-30
  2025-12-31
Newly downloaded dataset:
<xarray.Dataset> Size: 13MB
Dimensions:   (date: 3195, pixel: 1000)
Coordinates:
  * pixel     (pixel) int32 4kB 0 1 2 3 4 5 6 7 ... 993 994 995 996 997 998 999
  * date      (date) datetime64[ns] 26kB 2017-04-03 2017-04-04 ... 2025-12-31
    x_idx     (pixel) int32 4kB dask.array<chunksize=(1000,), meta=np.ndarray>
    y_idx     (pixel) int32 4kB dask.array<chunksize=(1000,), meta=np.ndarray>
    x         (pixel) int32 4kB dask.array<chunksize=(1000,), meta=np.ndarray>
    y         (pixel) int32 4kB dask.array<chunksize=(1000,), meta=np.ndarray>
    doy       (date) int32 13kB dask.array<chunksize=(3195,), meta=np.ndarray>
Data variables:
    ndsi      (date, pixel) int16 6MB dask.array<chunksize=(3195, 1000), meta=np.ndarray>
    ndvi      (date, pixel) int16 6MB dask.array<chunksize=(3195, 1000), meta=np.ndarray>
    obs_date  (date) bool 3kB dask.array<chunksize=(3195,), meta=np.ndarray>
Attributes:
    transform_note:    | 10.00, 0.00, 2474090.00|\n| 0.00,-10.00, 1310530.00|...
    transform_coeffs:  [10.0, 0.0, 2474090.0, 0.0, -10.0, 1310530.0, 0.0, 0.0...
    transform_instr:   from affine import Affine; t = Affine(*ds.attrs['trans...
    description_ndvi:  NDVI (scaled int16: -10000 to 10000)
    description_ndsi:  NDSI (scaled int16: -10000 to 10000)
    nodata:            32767
    cloud_shadow:      -32768
    pixel_definition:  Total of global grid used for pixel ID (based on fores...
Constructed graph with 17 layers, and 549 tasks.
writing to new file: /mnt/data2/UniBe-swiss-ndvi/historic_data/historical_2026-04-04_18h16_historical_v7.zarr
/home/Shared/UniBe-swiss-ndvi/GitHub/swiss-ndvi-processing/.venv/lib/python3.12/site-packages/zarr/api/asynchronous.py:203: UserWarning: Consolidated metadata is currently not part in the Zarr format 3 specification. It may not be supported by other zarr implementations and may change in the future.
  warnings.warn(
2026-04-05 17:15:56,686 - distributed.shuffle._scheduler_plugin - WARNING - Shuffle 6e6406e5964958ada4a62562cf8336c6 initialized by task ('rechunk-merge-rechunk-transfer-6176476eabca9ec3bda96cce9b044128', 0, 0, 0, 0) executed on worker tcp://127.0.0.1:41059
2026-04-05 17:15:56,692 - distributed.shuffle._scheduler_plugin - WARNING - Shuffle cf0f6b3070cf376c6fac2ad01bc78678 initialized by task ('rechunk-merge-rechunk-transfer-e63c6d6679aaf4ee598ef0dcf6488f60', 0, 0, 0, 0) executed on worker tcp://127.0.0.1:46591
2026-04-05 17:15:57,017 - distributed.shuffle._scheduler_plugin - WARNING - Shuffle 6e6406e5964958ada4a62562cf8336c6 deactivated due to stimulus 'task-finished-1775409357.0087724'
2026-04-05 17:15:57,021 - distributed.shuffle._scheduler_plugin - WARNING - Shuffle cf0f6b3070cf376c6fac2ad01bc78678 deactivated due to stimulus 'task-finished-1775409357.012327'
/mnt/data2/UniBe-swiss-ndvi/historic_data/historical_2026-04-04_18h16_historical_v7.zarr
Finished: /home/Shared/UniBe-swiss-ndvi/GitHub/swiss-ndvi-processing/workflow_implementation/MS1_script_for_historical_NDVI/new_historical_processing/2_historical_ndvi_test.py
Duration: 00:02:12 (hh:mm:ss)
Processing script returned value: /mnt/data2/UniBe-swiss-ndvi/historic_data/historical_2026-04-04_18h16_historical_v7.zarr
