Virtual environment activated
Python executable: /home/Shared/UniBe-swiss-ndvi/GitHub/swiss-ndvi-processing/.venv/bin/python
Python version: Python 3.12.3

2017-04-01
2025-11-30
Current commit:
b6101ab2a6ef9785e99c686f68b7488a3cc78b7c

Commit details:
* b6101ab (HEAD -> setup-tunder-FB, origin/setup-tunder-FB) Stash of untracked changes
| *-.   127fce5 (refs/stash) On setup-tunder-FB: Stash of untracked changes
| |\ \  
| | | * 4cbe2d3 untracked files on setup-tunder-FB: 18c169d cleaning up
| | * dad8f36 index on setup-tunder-FB: 18c169d cleaning up
| |/  
| * 18c169d cleaning up
|/  
* 7a9b2db Update historical processing
* 47a0a36 Streamline historical_ndvi() in 2_historical_ndvi_test.py
* 9286885 historical_ndvi() make more robust and add TODO remarks
* 59df497 fix mask_array
* c5d72e8 Bring 2_historical_ndvi_test.py close to 5_analyse_demo_efficient.py II

Working tree status:
On branch setup-tunder-FB
Your branch is up to date with 'origin/setup-tunder-FB'.

nothing to commit, working tree clean

============================================================
Historic processing started at: 2026-04-06 08:15:50
Log file: /home/Shared/UniBe-swiss-ndvi/GitHub/swiss-ndvi-processing/logs/historic_analysis_2026-04-06_08h15m50.log
============================================================

Running: with arguments: 2017-04-01 2025-11-30
------------------------------------------------------------
------------------------------------------------------------
Running: /home/Shared/UniBe-swiss-ndvi/GitHub/swiss-ndvi-processing/workflow_implementation/MS1_script_for_historical_NDVI/new_historical_processing/1_download_satellite_images.py
Start time: 2026-04-06 08:15:50
Finished: /home/Shared/UniBe-swiss-ndvi/GitHub/swiss-ndvi-processing/workflow_implementation/MS1_script_for_historical_NDVI/new_historical_processing/1_download_satellite_images.py
Duration: 00:00:00 (hh:mm:ss)
Download script returned value: /mnt/data2/UniBe-swiss-ndvi/historic_data/tmp_2026-04-04_18h16_ndvi_01_downloaded_2017-01-01_2025-12-31.zarr

------------------------------------------------------------
Running: /home/Shared/UniBe-swiss-ndvi/GitHub/swiss-ndvi-processing/workflow_implementation/MS1_script_for_historical_NDVI/new_historical_processing/2_historical_ndvi_test.py
Start time: 2026-04-06 08:15:50
http://127.0.0.1:1236/status
/home/Shared/UniBe-swiss-ndvi/GitHub/swiss-ndvi-processing/.venv/lib/python3.12/site-packages/dask/array/core.py:4997: PerformanceWarning: Increasing number of chunks by factor of 2643
  result = blockwise(
/home/Shared/UniBe-swiss-ndvi/GitHub/swiss-ndvi-processing/.venv/lib/python3.12/site-packages/dask/array/core.py:4997: PerformanceWarning: Increasing number of chunks by factor of 2643
  result = blockwise(
Initialized n=3195 daily dates:
          daily   obs_date          obs_times
0    2017-04-03 2017-04-03           10:40:21
1    2017-04-04        NaT                   
2    2017-04-05        NaT                   
3    2017-04-06        NaT                   
4    2017-04-07        NaT                   
...         ...        ...                ...
3190 2025-12-27 2025-12-27           10:44:51
3191 2025-12-28 2025-12-28           10:14:41
3192 2025-12-29 2025-12-29  10:33:39,10:45:01
3193 2025-12-30 2025-12-30           10:14:51
3194 2025-12-31 2025-12-31           10:24:41

[3195 rows x 3 columns]
In total: 3195 days, 1160 obs_dates, 1190 obs_times. 
First dates in newly downloaded:
  2017-04-03
  2017-04-04
  2017-04-05
  2017-04-06
  2017-04-07
  2017-04-08
  2017-04-09
  2017-04-10
  2017-04-11
  2017-04-12
Last dates in newly downloaded:
  2025-12-22
  2025-12-23
  2025-12-24
  2025-12-25
  2025-12-26
  2025-12-27
  2025-12-28
  2025-12-29
  2025-12-30
  2025-12-31
Newly downloaded dataset:
<xarray.Dataset> Size: 1TB
Dimensions:   (date: 3195, pixel: 105715396)
Coordinates:
  * pixel     (pixel) int32 423MB 0 1 2 3 ... 105715393 105715394 105715395
  * date      (date) datetime64[ns] 26kB 2017-04-03 2017-04-04 ... 2025-12-31
    x_idx     (pixel) int32 423MB dask.array<chunksize=(40000,), meta=np.ndarray>
    y_idx     (pixel) int32 423MB dask.array<chunksize=(40000,), meta=np.ndarray>
    x         (pixel) int32 423MB dask.array<chunksize=(40000,), meta=np.ndarray>
    y         (pixel) int32 423MB dask.array<chunksize=(40000,), meta=np.ndarray>
    doy       (date) int32 13kB dask.array<chunksize=(3195,), meta=np.ndarray>
Data variables:
    ndsi      (date, pixel) int16 676GB dask.array<chunksize=(3195, 40000), meta=np.ndarray>
    ndvi      (date, pixel) int16 676GB dask.array<chunksize=(3195, 40000), meta=np.ndarray>
    obs_date  (date) bool 3kB dask.array<chunksize=(3195,), meta=np.ndarray>
Attributes:
    transform_note:    | 10.00, 0.00, 2474090.00|\n| 0.00,-10.00, 1310530.00|...
    transform_coeffs:  [10.0, 0.0, 2474090.0, 0.0, -10.0, 1310530.0, 0.0, 0.0...
    transform_instr:   from affine import Affine; t = Affine(*ds.attrs['trans...
    description_ndvi:  NDVI (scaled int16: -10000 to 10000)
    description_ndsi:  NDSI (scaled int16: -10000 to 10000)
    nodata:            32767
    cloud_shadow:      -32768
    pixel_definition:  Total of global grid used for pixel ID (based on fores...
/home/Shared/UniBe-swiss-ndvi/GitHub/swiss-ndvi-processing/.venv/lib/python3.12/site-packages/distributed/client.py:3370: UserWarning: Sending large graph of size 2.19 GiB.
This may cause some slowdown.
Consider loading the data with Dask directly
 or using futures or delayed objects to embed the data into the graph without repetition.
See also https://docs.dask.org/en/stable/best-practices.html#load-data-with-dask for more information.
  warnings.warn(
2026-04-06 08:34:01,284 - distributed.client - ERROR - Failed to reconnect to scheduler after 30.00 seconds, closing client
2026-04-06 08:34:26,835 - distributed.nanny - WARNING - Worker process still alive after 4.0 seconds, killing
2026-04-06 08:34:26,872 - distributed.nanny - WARNING - Worker process still alive after 4.0 seconds, killing
2026-04-06 08:34:26,889 - distributed.nanny - WARNING - Worker process still alive after 4.0 seconds, killing
2026-04-06 08:34:26,916 - distributed.nanny - WARNING - Worker process still alive after 4.0 seconds, killing
2026-04-06 08:34:26,943 - distributed.nanny - WARNING - Worker process still alive after 4.0 seconds, killing
2026-04-06 08:34:26,964 - distributed.nanny - WARNING - Worker process still alive after 4.0 seconds, killing
2026-04-06 08:34:26,985 - distributed.nanny - WARNING - Worker process still alive after 4.0 seconds, killing
2026-04-06 08:34:27,006 - distributed.nanny - WARNING - Worker process still alive after 4.0 seconds, killing
2026-04-06 08:34:27,033 - distributed.nanny - WARNING - Worker process still alive after 4.0 seconds, killing
2026-04-06 08:34:27,044 - distributed.nanny - WARNING - Worker process still alive after 4.0 seconds, killing
2026-04-06 08:34:27,065 - distributed.nanny - WARNING - Worker process still alive after 4.0 seconds, killing
2026-04-06 08:34:27,086 - distributed.nanny - WARNING - Worker process still alive after 4.0 seconds, killing
2026-04-06 08:34:27,114 - distributed.nanny - WARNING - Worker process still alive after 4.0 seconds, killing
2026-04-06 08:34:27,130 - distributed.nanny - WARNING - Worker process still alive after 4.0 seconds, killing
2026-04-06 08:34:27,157 - distributed.nanny - WARNING - Worker process still alive after 4.0 seconds, killing
2026-04-06 08:34:27,174 - distributed.nanny - WARNING - Worker process still alive after 4.0 seconds, killing
2026-04-06 08:34:27,191 - distributed.nanny - WARNING - Worker process still alive after 4.0 seconds, killing
2026-04-06 08:34:27,208 - distributed.nanny - WARNING - Worker process still alive after 4.0 seconds, killing
2026-04-06 08:34:27,226 - distributed.nanny - WARNING - Worker process still alive after 4.0 seconds, killing
2026-04-06 08:34:27,242 - distributed.nanny - WARNING - Worker process still alive after 4.0 seconds, killing
2026-04-06 08:34:27,259 - distributed.nanny - WARNING - Worker process still alive after 4.0 seconds, killing
2026-04-06 08:34:27,276 - distributed.nanny - WARNING - Worker process still alive after 4.0 seconds, killing
2026-04-06 08:34:27,294 - distributed.nanny - WARNING - Worker process still alive after 4.0 seconds, killing
2026-04-06 08:34:27,311 - distributed.nanny - WARNING - Worker process still alive after 4.0 seconds, killing
2026-04-06 08:34:27,328 - distributed.nanny - WARNING - Worker process still alive after 4.0 seconds, killing
2026-04-06 08:34:27,345 - distributed.nanny - WARNING - Worker process still alive after 4.0 seconds, killing
2026-04-06 08:34:27,363 - distributed.nanny - WARNING - Worker process still alive after 4.0 seconds, killing
2026-04-06 08:34:27,380 - distributed.nanny - WARNING - Worker process still alive after 4.0 seconds, killing
2026-04-06 08:34:27,397 - distributed.nanny - WARNING - Worker process still alive after 4.0 seconds, killing
2026-04-06 08:34:27,414 - distributed.nanny - WARNING - Worker process still alive after 4.0 seconds, killing
2026-04-06 08:34:27,432 - distributed.nanny - WARNING - Worker process still alive after 4.0 seconds, killing
2026-04-06 08:34:27,449 - distributed.nanny - WARNING - Worker process still alive after 4.0 seconds, killing
2026-04-06 08:34:27,466 - distributed.nanny - WARNING - Worker process still alive after 4.0 seconds, killing
2026-04-06 08:34:27,484 - distributed.nanny - WARNING - Worker process still alive after 4.0 seconds, killing
2026-04-06 08:34:27,501 - distributed.nanny - WARNING - Worker process still alive after 4.0 seconds, killing
2026-04-06 08:34:27,518 - distributed.nanny - WARNING - Worker process still alive after 4.0 seconds, killing
2026-04-06 08:34:27,535 - distributed.nanny - WARNING - Worker process still alive after 4.0 seconds, killing
2026-04-06 08:34:27,553 - distributed.nanny - WARNING - Worker process still alive after 4.0 seconds, killing
2026-04-06 08:34:27,580 - distributed.nanny - WARNING - Worker process still alive after 4.0 seconds, killing
2026-04-06 08:34:27,607 - distributed.nanny - WARNING - Worker process still alive after 4.0 seconds, killing
2026-04-06 08:34:27,618 - distributed.nanny - WARNING - Worker process still alive after 4.0 seconds, killing
2026-04-06 08:34:27,640 - distributed.nanny - WARNING - Worker process still alive after 4.0 seconds, killing
2026-04-06 08:34:27,661 - distributed.nanny - WARNING - Worker process still alive after 4.0 seconds, killing
2026-04-06 08:34:27,687 - distributed.nanny - WARNING - Worker process still alive after 4.0 seconds, killing
2026-04-06 08:34:27,713 - distributed.nanny - WARNING - Worker process still alive after 4.0 seconds, killing
2026-04-06 08:34:27,730 - distributed.nanny - WARNING - Worker process still alive after 4.0 seconds, killing
2026-04-06 08:34:27,747 - distributed.nanny - WARNING - Worker process still alive after 4.0 seconds, killing
2026-04-06 08:34:27,779 - distributed.nanny - WARNING - Worker process still alive after 4.0 seconds, killing
2026-04-06 08:34:27,800 - distributed.nanny - WARNING - Worker process still alive after 4.0 seconds, killing
2026-04-06 08:34:27,832 - distributed.nanny - WARNING - Worker process still alive after 4.0 seconds, killing
