Virtual environment activated
Python executable: /home/Shared/UniBe-swiss-ndvi/GitHub/swiss-ndvi-processing/.venv/bin/python
Python version: Python 3.12.3

2017-04-01
2025-11-30
Current commit:
47a0a366303a7a93328935dd79d623d69fbe12f1

Commit details:
* 47a0a36 (HEAD -> setup-tunder-FB) Streamline historical_ndvi() in 2_historical_ndvi_test.py
* 9286885 historical_ndvi() make more robust and add TODO remarks
* 59df497 fix mask_array
* c5d72e8 Bring 2_historical_ndvi_test.py close to 5_analyse_demo_efficient.py II
* 3c35752 (origin/setup-tunder-FB) Bring 2_historical_ndvi_test.py close to 5_analyse_demo_efficient.py
* 87b369b Activate parallel downloading for historic dataset (download time 14h) and remove NaT
| * e1e5d4d (refs/stash) WIP on setup-tunder-FB: f211285 Fix download order
|/| 
| * 0a2e4e1 index on setup-tunder-FB: f211285 Fix download order
|/  
* f211285 Fix download order
* 5774759 Historic: add full period 2017-04-01 to 2025-11-30

Working tree status:
On branch setup-tunder-FB
Your branch is ahead of 'origin/setup-tunder-FB' by 4 commits.
  (use "git push" to publish your local commits)

Changes not staged for commit:
  (use "git add <file>..." to update what will be committed)
  (use "git restore <file>..." to discard changes in working directory)
	modified:   2_historical_ndvi_test.py

Untracked files:
  (use "git add <file>..." to include in what will be committed)
	../../../data_for_demo_2/
	../../../report/fig/prova2/
	../test.ipynb
	../../demo/test_all_pixels/0_1_run_pipeline copy.sh
	../../demo/test_all_pixels/1_extract_swisstopo_dataset_DEBUG.py
	../../demo/test_all_pixels/5a_debug_historical_ndvi.py.py
	../../demo/test_all_pixels/6_create_cogtiff copy.py

no changes added to commit (use "git add" and/or "git commit -a")

============================================================
Historic processing started at: 2026-04-06 01:59:21
Log file: /home/Shared/UniBe-swiss-ndvi/GitHub/swiss-ndvi-processing/logs/historic_analysis_2026-04-06_01h59m21.log
============================================================

Running: with arguments: 2017-04-01 2025-11-30
------------------------------------------------------------
------------------------------------------------------------
Running: /home/Shared/UniBe-swiss-ndvi/GitHub/swiss-ndvi-processing/workflow_implementation/MS1_script_for_historical_NDVI/new_historical_processing/1_download_satellite_images.py
Start time: 2026-04-06 01:59:21
Finished: /home/Shared/UniBe-swiss-ndvi/GitHub/swiss-ndvi-processing/workflow_implementation/MS1_script_for_historical_NDVI/new_historical_processing/1_download_satellite_images.py
Duration: 00:00:00 (hh:mm:ss)
Download script returned value: /mnt/data2/UniBe-swiss-ndvi/historic_data/tmp_2026-04-04_18h16_ndvi_01_downloaded_2017-01-01_2025-12-31.zarr

------------------------------------------------------------
Running: /home/Shared/UniBe-swiss-ndvi/GitHub/swiss-ndvi-processing/workflow_implementation/MS1_script_for_historical_NDVI/new_historical_processing/2_historical_ndvi_test.py
Start time: 2026-04-06 01:59:21
http://127.0.0.1:1235/status
Initialized n=750 daily dates:
         daily   obs_date obs_times
0   2017-04-03 2017-04-03  10:40:21
1   2017-04-04        NaT          
2   2017-04-05        NaT          
3   2017-04-06        NaT          
4   2017-04-07        NaT          
..         ...        ...       ...
745 2019-04-18 2019-04-18  10:40:29
746 2019-04-19 2019-04-19  10:10:29
747 2019-04-20 2019-04-20  10:30:31
748 2019-04-21        NaT          
749 2019-04-22 2019-04-22  10:20:29

[750 rows x 3 columns]
In total: 750 days, 200 obs_dates, 200 obs_times. 
First dates in newly downloaded:
  2017-04-03
  2017-04-04
  2017-04-05
  2017-04-06
  2017-04-07
  2017-04-08
  2017-04-09
  2017-04-10
  2017-04-11
  2017-04-12
Last dates in newly downloaded:
  2019-04-13
  2019-04-14
  2019-04-15
  2019-04-16
  2019-04-17
  2019-04-18
  2019-04-19
  2019-04-20
  2019-04-21
  2019-04-22
Newly downloaded dataset:
<xarray.Dataset> Size: 312kB
Dimensions:   (date: 750, pixel: 100)
Coordinates:
  * pixel     (pixel) int32 400B 0 1 2 3 4 5 6 7 8 ... 92 93 94 95 96 97 98 99
  * date      (date) datetime64[ns] 6kB 2017-04-03 2017-04-04 ... 2019-04-22
    x_idx     (pixel) int32 400B dask.array<chunksize=(100,), meta=np.ndarray>
    y_idx     (pixel) int32 400B dask.array<chunksize=(100,), meta=np.ndarray>
    x         (pixel) int32 400B dask.array<chunksize=(100,), meta=np.ndarray>
    y         (pixel) int32 400B dask.array<chunksize=(100,), meta=np.ndarray>
    doy       (date) int32 3kB dask.array<chunksize=(750,), meta=np.ndarray>
Data variables:
    ndsi      (date, pixel) int16 150kB dask.array<chunksize=(750, 100), meta=np.ndarray>
    ndvi      (date, pixel) int16 150kB dask.array<chunksize=(750, 100), meta=np.ndarray>
    obs_date  (date) bool 750B dask.array<chunksize=(750,), meta=np.ndarray>
Attributes:
    transform_note:    | 10.00, 0.00, 2474090.00|\n| 0.00,-10.00, 1310530.00|...
    transform_coeffs:  [10.0, 0.0, 2474090.0, 0.0, -10.0, 1310530.0, 0.0, 0.0...
    transform_instr:   from affine import Affine; t = Affine(*ds.attrs['trans...
    description_ndvi:  NDVI (scaled int16: -10000 to 10000)
    description_ndsi:  NDSI (scaled int16: -10000 to 10000)
    nodata:            32767
    cloud_shadow:      -32768
    pixel_definition:  Total of global grid used for pixel ID (based on fores...
Constructed graph with 6 layers, and 8 tasks.
writing to new file: /mnt/data2/UniBe-swiss-ndvi/historic_data/historical_2026-04-04_18h16_historical_v7.zarr
/home/Shared/UniBe-swiss-ndvi/GitHub/swiss-ndvi-processing/.venv/lib/python3.12/site-packages/zarr/api/asynchronous.py:203: UserWarning: Consolidated metadata is currently not part in the Zarr format 3 specification. It may not be supported by other zarr implementations and may change in the future.
  warnings.warn(
/mnt/data2/UniBe-swiss-ndvi/historic_data/historical_2026-04-04_18h16_historical_v7.zarr
Finished: /home/Shared/UniBe-swiss-ndvi/GitHub/swiss-ndvi-processing/workflow_implementation/MS1_script_for_historical_NDVI/new_historical_processing/2_historical_ndvi_test.py
Duration: 00:00:22 (hh:mm:ss)
Processing script returned value: /mnt/data2/UniBe-swiss-ndvi/historic_data/historical_2026-04-04_18h16_historical_v7.zarr
