Virtual environment activated
Python executable: /home/Shared/UniBe-swiss-ndvi/GitHub/swiss-ndvi-processing/.venv/bin/python
Python version: Python 3.12.3

2017-04-01
2025-11-30
Current commit:
b6101ab2a6ef9785e99c686f68b7488a3cc78b7c

Commit details:
* b6101ab (HEAD -> setup-tunder-FB, origin/setup-tunder-FB) Stash of untracked changes
| *-.   127fce5 (refs/stash) On setup-tunder-FB: Stash of untracked changes
| |\ \  
| | | * 4cbe2d3 untracked files on setup-tunder-FB: 18c169d cleaning up
| | * dad8f36 index on setup-tunder-FB: 18c169d cleaning up
| |/  
| * 18c169d cleaning up
|/  
* 7a9b2db Update historical processing
* 47a0a36 Streamline historical_ndvi() in 2_historical_ndvi_test.py
* 9286885 historical_ndvi() make more robust and add TODO remarks
* 59df497 fix mask_array
* c5d72e8 Bring 2_historical_ndvi_test.py close to 5_analyse_demo_efficient.py II

Working tree status:
On branch setup-tunder-FB
Your branch is up to date with 'origin/setup-tunder-FB'.

Changes to be committed:
  (use "git restore --staged <file>..." to unstage)
	modified:   2_historical_ndvi_test.py

Changes not staged for commit:
  (use "git add <file>..." to update what will be committed)
  (use "git restore <file>..." to discard changes in working directory)
	modified:   2_historical_ndvi_test.py


============================================================
Historic processing started at: 2026-04-06 21:04:30
Log file: /home/Shared/UniBe-swiss-ndvi/GitHub/swiss-ndvi-processing/logs/historic_analysis_2026-04-06_21h04m30.log
============================================================

Running: with arguments: 2017-04-01 2025-11-30
------------------------------------------------------------
------------------------------------------------------------
Running: /home/Shared/UniBe-swiss-ndvi/GitHub/swiss-ndvi-processing/workflow_implementation/MS1_script_for_historical_NDVI/new_historical_processing/1_download_satellite_images.py
Start time: 2026-04-06 21:04:30
Finished: /home/Shared/UniBe-swiss-ndvi/GitHub/swiss-ndvi-processing/workflow_implementation/MS1_script_for_historical_NDVI/new_historical_processing/1_download_satellite_images.py
Duration: 00:00:00 (hh:mm:ss)
Download script returned value: /mnt/data2/UniBe-swiss-ndvi/historic_data/tmp_2026-04-04_18h16_ndvi_01_downloaded_2017-01-01_2025-12-31.zarr

------------------------------------------------------------
Running: /home/Shared/UniBe-swiss-ndvi/GitHub/swiss-ndvi-processing/workflow_implementation/MS1_script_for_historical_NDVI/new_historical_processing/2_historical_ndvi_test.py
Start time: 2026-04-06 21:04:30
http://127.0.0.1:1231/status
Initialized n=3195 daily dates:
          daily   obs_date          obs_times
0    2017-04-03 2017-04-03           10:40:21
1    2017-04-04        NaT                   
2    2017-04-05        NaT                   
3    2017-04-06        NaT                   
4    2017-04-07        NaT                   
...         ...        ...                ...
3190 2025-12-27 2025-12-27           10:44:51
3191 2025-12-28 2025-12-28           10:14:41
3192 2025-12-29 2025-12-29  10:33:39,10:45:01
3193 2025-12-30 2025-12-30           10:14:51
3194 2025-12-31 2025-12-31           10:24:41

[3195 rows x 3 columns]
In total: 3195 days, 1160 obs_dates, 1190 obs_times. 
First dates in newly downloaded:
  2017-04-03
  2017-04-04
  2017-04-05
  2017-04-06
  2017-04-07
  2017-04-08
  2017-04-09
  2017-04-10
  2017-04-11
  2017-04-12
Last dates in newly downloaded:
  2025-12-22
  2025-12-23
  2025-12-24
  2025-12-25
  2025-12-26
  2025-12-27
  2025-12-28
  2025-12-29
  2025-12-30
  2025-12-31
Newly downloaded dataset:
<xarray.Dataset> Size: 106kB
Dimensions:   (date: 3195, pixel: 10)
Coordinates:
  * pixel     (pixel) int32 40B 0 1 2 3 4 5 6 7 8 9
  * date      (date) datetime64[ns] 26kB 2017-04-03 2017-04-04 ... 2025-12-31
    x_idx     (pixel) int32 40B dask.array<chunksize=(10,), meta=np.ndarray>
    y_idx     (pixel) int32 40B dask.array<chunksize=(10,), meta=np.ndarray>
    x         (pixel) int32 40B dask.array<chunksize=(10,), meta=np.ndarray>
    y         (pixel) int32 40B dask.array<chunksize=(10,), meta=np.ndarray>
    doy       (date) int32 13kB 93 94 95 96 97 98 99 ... 360 361 362 363 364 365
Data variables:
    ndvi      (date, pixel) int16 64kB dask.array<chunksize=(1, 10), meta=np.ndarray>
    obs_date  (date) bool 3kB True False False False ... True True True True
Attributes:
    transform_note:    | 10.00, 0.00, 2474090.00|\n| 0.00,-10.00, 1310530.00|...
    transform_coeffs:  [10.0, 0.0, 2474090.0, 0.0, -10.0, 1310530.0, 0.0, 0.0...
    transform_instr:   from affine import Affine; t = Affine(*ds.attrs['trans...
    description_ndvi:  NDVI (scaled int16: -10000 to 10000)
    description_ndsi:  NDSI (scaled int16: -10000 to 10000)
    nodata:            32767
    cloud_shadow:      -32768
    pixel_definition:  Total of global grid used for pixel ID (based on fores...
Constructed graph with 6 layers, and 6 tasks.
writing to new file: /mnt/data2/UniBe-swiss-ndvi/historic_data/historical_2026-04-04_18h16_historical_v7.zarr
/home/Shared/UniBe-swiss-ndvi/GitHub/swiss-ndvi-processing/.venv/lib/python3.12/site-packages/zarr/api/asynchronous.py:203: UserWarning: Consolidated metadata is currently not part in the Zarr format 3 specification. It may not be supported by other zarr implementations and may change in the future.
  warnings.warn(
/mnt/data2/UniBe-swiss-ndvi/historic_data/historical_2026-04-04_18h16_historical_v7.zarr
2026-04-06 21:05:26,215 - distributed.scheduler - WARNING - Removing worker 'tcp://127.0.0.1:44791' caused the cluster to lose already computed task(s), which will be recomputed elsewhere: {('xarray-doy-c278951033f26eefa96be80f3d4794d3', 0)} (stimulus_id='handle-worker-cleanup-1775509526.2151325')
2026-04-06 21:05:26,220 - distributed.scheduler - WARNING - Removing worker 'tcp://127.0.0.1:42759' caused the cluster to lose already computed task(s), which will be recomputed elsewhere: {('rechunk-merge-bb79c92c723762a830b6d04dce98ebee', 0, 0)} (stimulus_id='handle-worker-cleanup-1775509526.2206368')
2026-04-06 21:05:26,461 - distributed.scheduler - WARNING - Removing worker 'tcp://127.0.0.1:46545' caused the cluster to lose already computed task(s), which will be recomputed elsewhere: {('rechunk-merge-e9deacd1d9d79aa747c279ca96bc0f78', 0, 0)} (stimulus_id='handle-worker-cleanup-1775509526.461378')
2026-04-06 21:05:26,498 - distributed.scheduler - WARNING - Removing worker 'tcp://127.0.0.1:41043' caused the cluster to lose already computed task(s), which will be recomputed elsewhere: {('getitem-4938ba71bc050641610e5017ce014733', 0)} (stimulus_id='handle-worker-cleanup-1775509526.4988017')
2026-04-06 21:05:26,504 - distributed.scheduler - WARNING - Removing worker 'tcp://127.0.0.1:33769' caused the cluster to lose already computed task(s), which will be recomputed elsewhere: {('getitem-81d9dfa0e0f6d08f0bc8f9e4b65a2a23', 0)} (stimulus_id='handle-worker-cleanup-1775509526.5039847')
2026-04-06 21:05:26,607 - distributed.scheduler - WARNING - Removing worker 'tcp://127.0.0.1:33421' caused the cluster to lose already computed task(s), which will be recomputed elsewhere: {('transpose-1f146ca8c6b8e8e9ab7f4f8e8a7f671a', 0, 0), ('rechunk-merge-aa31fc43f95c56bdcec2dc7b695c9fb8', 0, 0), ('transpose-ca887bf88f67c1780ebb77b471dcb5c6', 0, 0), ('xarray-<this-array>-40aa39e2d090e712980f4f7773ee5d8c', 0)} (stimulus_id='handle-worker-cleanup-1775509526.6067154')
2026-04-06 21:05:26,609 - distributed.scheduler - WARNING - Removing worker 'tcp://127.0.0.1:42991' caused the cluster to lose already computed task(s), which will be recomputed elsewhere: {('getitem-08bdff181aa1e25ff749d78cd5213037', 0)} (stimulus_id='handle-worker-cleanup-1775509526.6095414')
2026-04-06 21:05:26,610 - distributed.scheduler - WARNING - Removing worker 'tcp://127.0.0.1:36299' caused the cluster to lose already computed task(s), which will be recomputed elsewhere: {('getitem-de254926e7ee67e50b5292cea49d6ea8', 0)} (stimulus_id='handle-worker-cleanup-1775509526.6105359')
Finished: /home/Shared/UniBe-swiss-ndvi/GitHub/swiss-ndvi-processing/workflow_implementation/MS1_script_for_historical_NDVI/new_historical_processing/2_historical_ndvi_test.py
Duration: 00:00:59 (hh:mm:ss)
Processing script returned value: 2026-04-06 21:05:26,610 - distributed.scheduler - WARNING - Removing worker 'tcp://127.0.0.1:36299' caused the cluster to lose already computed task(s), which will be recomputed elsewhere: {('getitem-de254926e7ee67e50b5292cea49d6ea8', 0)} (stimulus_id='handle-worker-cleanup-1775509526.6105359')
