/home/francesco/miniconda3/envs/ndvi/lib/python3.11/site-packages/zarr/codecs/vlen_utf8.py:99: UserWarning: The codec `vlen-bytes` is currently not part in the Zarr format 3 specification. It may not be supported by other zarr implementations and may change in the future.
  return cls(**configuration_parsed)
Window cols 20809..20849 (41), rows 7435..7475 (41)
Mask has 105715396 True pixels.
Pixels in window: 1681, masked pixels: 1537
Mask has 105715396 True pixels.
Pixels in window: 1681, masked pixels: 1537
Window extent: (2682180.0, 2682590.0, 1235770.0, 1236180.0)
win_rows, win_cols: 41 41
Masked pixels in window: 1537
Execution time: 17.50 seconds
Execution time: 16.36 seconds
Execution time: 16.63 seconds
Execution time: 16.36 seconds
Execution time: 15.40 seconds
Execution time: 16.15 seconds
Execution time: 16.81 seconds
Execution time: 18.58 seconds
Execution time: 19.15 seconds
Execution time: 18.54 seconds
Execution time: 18.71 seconds
Execution time: 18.81 seconds
Execution time: 18.55 seconds
Execution time: 18.60 seconds
Execution time: 16.86 seconds
Execution time: 17.73 seconds
Execution time: 18.89 seconds
Execution time: 17.92 seconds
Execution time: 18.03 seconds
Execution time: 18.49 seconds
Execution time: 18.64 seconds
Execution time: 18.71 seconds
Execution time: 17.62 seconds
Execution time: 18.79 seconds
Execution time: 18.60 seconds
Execution time: 15.97 seconds
Execution time: 16.10 seconds
Execution time: 14.87 seconds
Execution time: 16.15 seconds
Execution time: 14.28 seconds
Execution time: 15.46 seconds
Execution time: 16.49 seconds
Execution time: 15.63 seconds
Execution time: 17.62 seconds
Execution time: 19.01 seconds
Execution time: 18.36 seconds
Execution time: 17.61 seconds
Execution time: 16.40 seconds
Execution time: 16.74 seconds
Execution time: 16.32 seconds
Execution time: 19.69 seconds
Execution time: 19.40 seconds
Execution time: 19.16 seconds
Execution time: 18.50 seconds
Execution time: 19.57 seconds
Execution time: 19.24 seconds
Execution time: 19.49 seconds
Execution time: 19.36 seconds
Execution time: 18.42 seconds
Execution time: 19.20 seconds
Execution time: 19.07 seconds
Execution time: 19.14 seconds
Execution time: 19.09 seconds
Execution time: 18.91 seconds
Execution time: 18.96 seconds
Execution time: 19.40 seconds
Execution time: 19.45 seconds
Execution time: 18.94 seconds
Execution time: 18.97 seconds
Execution time: 19.39 seconds
Execution time: 19.55 seconds
Execution time: 19.70 seconds
Execution time: 18.96 seconds
Execution time: 19.48 seconds
Execution time: 19.17 seconds
Execution time: 19.17 seconds
Execution time: 18.55 seconds
Execution time: 18.77 seconds
Execution time: 19.17 seconds
Execution time: 18.43 seconds
Execution time: 18.29 seconds
Execution time: 19.72 seconds
Execution time: 19.08 seconds
Execution time: 19.17 seconds
Execution time: 18.82 seconds
Execution time: 19.62 seconds
Execution time: 19.40 seconds
Execution time: 18.91 seconds
Execution time: 19.05 seconds
Execution time: 19.26 seconds
Execution time: 18.65 seconds
Execution time: 18.85 seconds
Execution time: 19.08 seconds
Execution time: 19.29 seconds
Execution time: 19.46 seconds
Execution time: 19.30 seconds
Execution time: 19.42 seconds
Execution time: 18.72 seconds
Execution time: 19.28 seconds
Execution time: 19.00 seconds
Execution time: 18.92 seconds
Execution time: 18.72 seconds
Execution time: 18.53 seconds
Execution time: 18.99 seconds
Execution time: 18.78 seconds
Execution time: 18.35 seconds
Execution time: 18.93 seconds
Execution time: 18.98 seconds
Execution time: 18.47 seconds
Execution time: 17.01 seconds
Execution time: 18.32 seconds
Execution time: 18.18 seconds
Execution time: 18.89 seconds
Execution time: 18.80 seconds
Execution time: 18.65 seconds
Execution time: 18.65 seconds
Execution time: 18.96 seconds
Execution time: 19.14 seconds
Execution time: 19.28 seconds
Execution time: 19.17 seconds
Execution time: 18.82 seconds
Execution time: 19.19 seconds
Execution time: 18.78 seconds
Execution time: 18.44 seconds
Execution time: 18.90 seconds
Execution time: 19.15 seconds
Execution time: 19.01 seconds
Execution time: 19.11 seconds
Execution time: 18.95 seconds
Execution time: 18.58 seconds
Execution time: 18.43 seconds
Execution time: 18.90 seconds
Execution time: 18.19 seconds
Execution time: 18.89 seconds
Execution time: 18.76 seconds
Execution time: 18.97 seconds
Execution time: 19.06 seconds
Execution time: 18.74 seconds
Execution time: 18.85 seconds
Execution time: 18.92 seconds
Execution time: 19.06 seconds
Execution time: 19.30 seconds
Execution time: 19.18 seconds
Execution time: 19.07 seconds
Execution time: 18.86 seconds
Execution time: 19.13 seconds
Execution time: 19.10 seconds
Execution time: 18.94 seconds
Execution time: 18.99 seconds
Execution time: 18.87 seconds
Execution time: 19.16 seconds
Execution time: 19.17 seconds
Execution time: 19.02 seconds
Execution time: 18.93 seconds
Execution time: 18.75 seconds
Execution time: 18.59 seconds
Execution time: 18.32 seconds
Execution time: 18.05 seconds
Execution time: 18.64 seconds
Execution time: 18.84 seconds
Execution time: 18.85 seconds
Execution time: 18.89 seconds
Execution time: 19.25 seconds
Execution time: 18.89 seconds
Execution time: 18.74 seconds
Execution time: 18.94 seconds
Execution time: 18.80 seconds
Execution time: 18.99 seconds
Execution time: 18.74 seconds
Execution time: 20.05 seconds
Execution time: 18.90 seconds
Execution time: 18.61 seconds
Execution time: 18.63 seconds
Execution time: 18.90 seconds
Execution time: 18.54 seconds
Execution time: 18.49 seconds
Execution time: 18.78 seconds
Execution time: 19.01 seconds
Execution time: 19.16 seconds
Execution time: 19.01 seconds
Execution time: 18.78 seconds
Execution time: 18.60 seconds
Execution time: 18.96 seconds
Execution time: 19.10 seconds
Execution time: 19.27 seconds
Execution time: 19.32 seconds
Execution time: 19.08 seconds
Execution time: 19.20 seconds
Execution time: 18.80 seconds
Execution time: 19.05 seconds
Execution time: 18.98 seconds
Execution time: 18.68 seconds
Execution time: 18.61 seconds
Execution time: 18.86 seconds
Execution time: 18.96 seconds
Execution time: 18.78 seconds
Execution time: 18.89 seconds
Execution time: 18.83 seconds
Execution time: 18.84 seconds
Execution time: 19.00 seconds
Execution time: 18.99 seconds
Execution time: 19.00 seconds
Execution time: 18.66 seconds
Execution time: 18.93 seconds
Execution time: 17.18 seconds
Execution time: 19.18 seconds
Execution time: 19.12 seconds
Execution time: 18.84 seconds
Execution time: 18.92 seconds
Execution time: 19.00 seconds
Execution time: 19.10 seconds
Execution time: 18.95 seconds
Execution time: 18.78 seconds
Execution time: 18.82 seconds
Execution time: 18.92 seconds
Execution time: 18.96 seconds
Execution time: 19.21 seconds
Execution time: 19.20 seconds
Execution time: 19.10 seconds
Execution time: 19.07 seconds
Execution time: 18.33 seconds
Execution time: 18.80 seconds
Execution time: 19.04 seconds
Execution time: 19.02 seconds
Execution time: 18.55 seconds
Execution time: 18.74 seconds
Execution time: 18.80 seconds
Execution time: 18.65 seconds
Execution time: 19.12 seconds
Execution time: 19.27 seconds
Execution time: 18.44 seconds
Execution time: 19.48 seconds
Execution time: 19.49 seconds
Execution time: 19.78 seconds
Execution time: 19.16 seconds
Execution time: 19.15 seconds
Execution time: 19.97 seconds
Execution time: 20.21 seconds
Execution time: 19.38 seconds
Execution time: 18.70 seconds
Execution time: 19.23 seconds
Execution time: 19.40 seconds
Execution time: 19.20 seconds
Execution time: 18.95 seconds
Execution time: 18.85 seconds
Execution time: 18.68 seconds
Execution time: 19.22 seconds
Execution time: 18.52 seconds
Execution time: 18.17 seconds
Execution time: 18.57 seconds
Execution time: 18.88 seconds
Execution time: 19.11 seconds
Execution time: 18.62 seconds
Execution time: 18.90 seconds
Execution time: 18.71 seconds
Execution time: 18.89 seconds
Execution time: 19.65 seconds
Execution time: 20.14 seconds
Execution time: 20.47 seconds
Execution time: 19.68 seconds
Execution time: 18.00 seconds
Execution time: 17.92 seconds
Execution time: 19.16 seconds
Execution time: 19.26 seconds
Execution time: 18.89 seconds
Execution time: 18.93 seconds
Execution time: 19.32 seconds
Execution time: 19.52 seconds
Execution time: 19.05 seconds
Execution time: 18.76 seconds
Execution time: 19.27 seconds
Execution time: 18.97 seconds
Execution time: 18.70 seconds
Execution time: 19.29 seconds
Execution time: 19.25 seconds
Execution time: 18.57 seconds
Execution time: 19.13 seconds
Execution time: 19.14 seconds
Execution time: 19.20 seconds
Execution time: 19.30 seconds
Execution time: 19.10 seconds
Execution time: 19.09 seconds
Execution time: 19.28 seconds
Execution time: 19.03 seconds
Execution time: 18.97 seconds
Execution time: 19.10 seconds
Execution time: 18.73 seconds
Execution time: 18.56 seconds
Execution time: 18.76 seconds
Execution time: 18.92 seconds
Execution time: 18.77 seconds
Execution time: 18.94 seconds
Execution time: 18.95 seconds
Execution time: 19.08 seconds
Execution time: 18.69 seconds
Execution time: 18.43 seconds
Execution time: 19.04 seconds
Execution time: 19.26 seconds
Execution time: 19.11 seconds
Execution time: 19.26 seconds
Execution time: 19.33 seconds
Execution time: 19.05 seconds
Execution time: 18.04 seconds
Execution time: 19.22 seconds
Execution time: 19.23 seconds
Execution time: 18.73 seconds
Execution time: 19.42 seconds
Execution time: 19.31 seconds
Execution time: 19.25 seconds
Execution time: 17.78 seconds
Execution time: 18.89 seconds
Execution time: 17.99 seconds
Execution time: 18.25 seconds
Execution time: 17.71 seconds
Execution time: 19.13 seconds
Execution time: 17.83 seconds
Execution time: 18.49 seconds
Execution time: 19.27 seconds
Execution time: 19.27 seconds
Execution time: 19.54 seconds
Execution time: 17.87 seconds
Execution time: 18.93 seconds
Execution time: 19.39 seconds
Execution time: 18.53 seconds
Execution time: 19.67 seconds
Execution time: 19.99 seconds
Execution time: 18.81 seconds
Execution time: 18.85 seconds
Execution time: 19.02 seconds
Execution time: 19.13 seconds
Execution time: 19.00 seconds
Execution time: 18.30 seconds
Execution time: 18.58 seconds
Execution time: 18.67 seconds
Execution time: 19.13 seconds
Execution time: 18.79 seconds
Execution time: 19.11 seconds
Execution time: 19.05 seconds
Execution time: 19.82 seconds
Execution time: 19.85 seconds
Execution time: 20.54 seconds
Execution time: 19.78 seconds
Execution time: 19.47 seconds
Execution time: 19.96 seconds
Execution time: 19.37 seconds
Execution time: 19.23 seconds
Execution time: 19.11 seconds
Execution time: 19.30 seconds
Execution time: 19.25 seconds
Execution time: 18.83 seconds
Execution time: 19.05 seconds
Execution time: 18.78 seconds
Execution time: 18.83 seconds
Execution time: 19.14 seconds
Execution time: 18.74 seconds
Execution time: 19.05 seconds
Execution time: 18.93 seconds
Execution time: 19.69 seconds
Execution time: 19.76 seconds
Execution time: 19.49 seconds
Execution time: 19.45 seconds
Execution time: 18.98 seconds
Execution time: 18.83 seconds
Execution time: 18.95 seconds
Execution time: 17.66 seconds
Execution time: 17.53 seconds
Execution time: 18.60 seconds
Execution time: 18.70 seconds
Execution time: 19.06 seconds
Execution time: 19.08 seconds
Execution time: 19.18 seconds
Execution time: 19.16 seconds
Execution time: 19.15 seconds
Execution time: 19.01 seconds
Execution time: 17.80 seconds
Execution time: 16.68 seconds
Execution time: 17.33 seconds
Execution time: 17.05 seconds
Execution time: 16.71 seconds
Execution time: 16.72 seconds
Execution time: 16.76 seconds
Execution time: 15.86 seconds
Execution time: 17.82 seconds
Execution time: 17.70 seconds
Execution time: 18.48 seconds
Execution time: 19.19 seconds
Execution time: 18.81 seconds
Execution time: 18.66 seconds
Execution time: 19.10 seconds
Execution time: 16.39 seconds
Execution time: 19.31 seconds
Execution time: 19.04 seconds
Execution time: 18.68 seconds
Execution time: 18.21 seconds
Execution time: 18.11 seconds
Execution time: 18.84 seconds
Execution time: 17.65 seconds
Execution time: 18.56 seconds
Execution time: 18.23 seconds
Execution time: 17.35 seconds
Execution time: 16.70 seconds
Execution time: 17.15 seconds
Execution time: 16.85 seconds
Execution time: 16.53 seconds
Execution time: 16.81 seconds
Execution time: 16.55 seconds
Execution time: 14.61 seconds
Execution time: 16.34 seconds
Execution time: 17.91 seconds
Execution time: 18.38 seconds
Execution time: 17.81 seconds
Execution time: 18.75 seconds
Execution time: 20.29 seconds
Execution time: 18.10 seconds
Execution time: 16.91 seconds
Execution time: 17.15 seconds
Execution time: 18.77 seconds
Execution time: 19.46 seconds
Execution time: 19.03 seconds
Execution time: 18.90 seconds
Execution time: 18.54 seconds
Execution time: 19.37 seconds
Execution time: 19.30 seconds
Execution time: 19.45 seconds
Execution time: 19.30 seconds
Execution time: 18.93 seconds
Execution time: 18.93 seconds
Execution time: 18.20 seconds
Execution time: 18.78 seconds
Execution time: 19.78 seconds
Execution time: 19.62 seconds
Execution time: 19.60 seconds
Execution time: 19.76 seconds
Execution time: 19.54 seconds
Execution time: 19.84 seconds
Execution time: 20.05 seconds
Execution time: 20.31 seconds
Execution time: 19.44 seconds
Execution time: 18.44 seconds
Execution time: 19.24 seconds
Execution time: 19.48 seconds
Execution time: 18.77 seconds
Execution time: 19.14 seconds
Execution time: 19.11 seconds
Execution time: 19.36 seconds
Execution time: 19.11 seconds
Execution time: 19.08 seconds
Execution time: 19.04 seconds
Execution time: 17.97 seconds
Execution time: 19.21 seconds
Execution time: 19.11 seconds
Execution time: 19.12 seconds
Execution time: 18.39 seconds
Execution time: 18.37 seconds
Execution time: 18.34 seconds
Execution time: 18.83 seconds
Execution time: 19.34 seconds
Execution time: 19.03 seconds
Execution time: 18.67 seconds
Execution time: 19.17 seconds
Execution time: 19.24 seconds
Execution time: 19.24 seconds
Execution time: 18.30 seconds
Execution time: 18.17 seconds
Execution time: 18.41 seconds
Execution time: 19.48 seconds
Execution time: 19.71 seconds
Execution time: 18.65 seconds
Execution time: 19.52 seconds
Execution time: 19.14 seconds
Execution time: 19.18 seconds
Execution time: 19.07 seconds
Execution time: 19.26 seconds
Execution time: 18.99 seconds
Execution time: 19.13 seconds
Execution time: 19.28 seconds
Execution time: 19.50 seconds
Execution time: 19.55 seconds
Execution time: 18.91 seconds
Execution time: 18.89 seconds
Execution time: 19.27 seconds
Execution time: 19.23 seconds
Execution time: 19.18 seconds
Execution time: 18.83 seconds
Execution time: 18.77 seconds
Execution time: 18.51 seconds
Execution time: 18.60 seconds
Execution time: 18.76 seconds
Execution time: 19.27 seconds
Execution time: 19.40 seconds
Execution time: 19.42 seconds
Execution time: 19.57 seconds
Execution time: 19.41 seconds
Execution time: 18.96 seconds
Execution time: 18.82 seconds
Execution time: 19.19 seconds
Execution time: 19.25 seconds
Execution time: 19.22 seconds
Execution time: 19.00 seconds
Execution time: 18.99 seconds
Execution time: 19.39 seconds
Execution time: 19.35 seconds
Execution time: 19.30 seconds
Execution time: 19.72 seconds
Execution time: 19.31 seconds
Execution time: 19.49 seconds
Execution time: 19.37 seconds
Execution time: 18.90 seconds
Execution time: 18.78 seconds
Execution time: 18.40 seconds
Execution time: 18.89 seconds
Execution time: 18.54 seconds
Execution time: 18.59 seconds
Execution time: 18.71 seconds
Execution time: 18.73 seconds
Execution time: 18.84 seconds
Execution time: 18.51 seconds
Execution time: 18.61 seconds
Execution time: 18.55 seconds
Execution time: 18.53 seconds
Execution time: 18.31 seconds
Execution time: 17.76 seconds
Execution time: 17.86 seconds
Execution time: 18.36 seconds
Execution time: 18.37 seconds
Execution time: 18.85 seconds
Execution time: 18.89 seconds
Execution time: 18.13 seconds
Execution time: 17.01 seconds
Execution time: 17.62 seconds
Execution time: 17.94 seconds
Execution time: 18.89 seconds
Execution time: 18.06 seconds
Execution time: 18.61 seconds
Execution time: 19.13 seconds
Execution time: 19.30 seconds
Execution time: 19.02 seconds
Execution time: 18.63 seconds
Execution time: 18.48 seconds
Execution time: 18.95 seconds
Execution time: 19.03 seconds
Execution time: 19.20 seconds
Execution time: 19.17 seconds
Execution time: 19.00 seconds
Execution time: 19.15 seconds
Execution time: 19.28 seconds
Execution time: 19.34 seconds
Execution time: 19.03 seconds
Execution time: 18.72 seconds
Execution time: 18.98 seconds
Execution time: 19.45 seconds
Execution time: 18.86 seconds
Execution time: 18.41 seconds
Execution time: 18.64 seconds
Execution time: 19.23 seconds
Execution time: 19.11 seconds
Execution time: 18.98 seconds
Execution time: 19.24 seconds
Execution time: 19.33 seconds
Execution time: 19.31 seconds
Execution time: 19.29 seconds
Execution time: 19.37 seconds
Execution time: 18.64 seconds
Execution time: 19.19 seconds
Execution time: 19.54 seconds
Execution time: 19.43 seconds
Execution time: 19.20 seconds
Execution time: 19.16 seconds
Execution time: 19.29 seconds
Execution time: 19.08 seconds
Execution time: 19.04 seconds
Execution time: 19.35 seconds
Execution time: 19.56 seconds
Execution time: 19.04 seconds
Execution time: 19.12 seconds
Execution time: 18.79 seconds
Execution time: 18.44 seconds
Execution time: 18.91 seconds
Execution time: 18.76 seconds
Execution time: 18.74 seconds
Execution time: 19.42 seconds
Execution time: 19.36 seconds
Execution time: 19.28 seconds
Execution time: 19.36 seconds
Execution time: 19.03 seconds
Execution time: 19.00 seconds
Execution time: 19.00 seconds
Execution time: 19.29 seconds
Execution time: 18.90 seconds
Execution time: 19.22 seconds
Execution time: 19.23 seconds
Execution time: 19.03 seconds
Execution time: 18.94 seconds
Execution time: 18.99 seconds
Execution time: 19.14 seconds
Execution time: 18.92 seconds
Execution time: 18.76 seconds
Execution time: 18.56 seconds
Execution time: 19.43 seconds
Execution time: 18.72 seconds
Execution time: 18.94 seconds
Execution time: 19.07 seconds
Execution time: 17.58 seconds
Execution time: 17.49 seconds
Execution time: 18.71 seconds
Execution time: 18.79 seconds
Execution time: 18.65 seconds
Execution time: 19.07 seconds
Execution time: 19.15 seconds
Execution time: 19.54 seconds
Execution time: 19.30 seconds
Execution time: 20.09 seconds
Execution time: 20.53 seconds
Execution time: 20.27 seconds
Execution time: 19.46 seconds
Execution time: 19.81 seconds
Execution time: 19.69 seconds
Execution time: 19.32 seconds
Execution time: 19.02 seconds
Execution time: 19.21 seconds
Execution time: 19.37 seconds
Execution time: 19.68 seconds
Execution time: 20.31 seconds
Execution time: 20.42 seconds
Execution time: 20.84 seconds
Execution time: 19.54 seconds
Execution time: 19.05 seconds
Execution time: 19.52 seconds
Execution time: 19.15 seconds
Execution time: 19.26 seconds
Execution time: 19.21 seconds
Execution time: 19.22 seconds
Execution time: 18.93 seconds
Execution time: 19.34 seconds
Execution time: 19.20 seconds
Execution time: 18.96 seconds
Execution time: 19.19 seconds
Execution time: 19.06 seconds
Execution time: 18.53 seconds
Execution time: 18.60 seconds
Execution time: 19.46 seconds
Execution time: 19.31 seconds
Execution time: 19.44 seconds
Execution time: 19.19 seconds
Execution time: 18.94 seconds
Execution time: 19.33 seconds
Execution time: 19.09 seconds
Execution time: 18.84 seconds
Execution time: 19.03 seconds
Execution time: 18.33 seconds
Execution time: 19.20 seconds
Execution time: 17.45 seconds
Execution time: 18.67 seconds
Execution time: 18.94 seconds
Execution time: 17.84 seconds
Execution time: 17.80 seconds
Execution time: 19.05 seconds
Execution time: 18.84 seconds
Execution time: 18.63 seconds
Execution time: 19.27 seconds
Execution time: 18.37 seconds
Execution time: 16.79 seconds
Execution time: 17.94 seconds
Execution time: 18.35 seconds
Execution time: 18.70 seconds
Execution time: 17.86 seconds
Execution time: 18.40 seconds
Execution time: 17.18 seconds
Execution time: 18.16 seconds
Execution time: 18.31 seconds
Execution time: 19.36 seconds
Execution time: 19.32 seconds
Execution time: 19.19 seconds
Execution time: 18.84 seconds
Execution time: 19.09 seconds
Execution time: 19.40 seconds
Execution time: 19.10 seconds
Execution time: 19.00 seconds
Execution time: 19.22 seconds
Execution time: 19.48 seconds
Execution time: 19.43 seconds
Execution time: 19.05 seconds
Execution time: 19.37 seconds
Execution time: 19.19 seconds
Execution time: 19.03 seconds
Execution time: 18.97 seconds
Execution time: 19.24 seconds
Execution time: 19.44 seconds
Execution time: 19.30 seconds
Execution time: 19.07 seconds
Execution time: 19.22 seconds
Execution time: 19.42 seconds
Execution time: 19.11 seconds
Execution time: 19.09 seconds
Execution time: 19.26 seconds
Execution time: 19.09 seconds
Execution time: 19.40 seconds
Execution time: 19.32 seconds
Execution time: 19.03 seconds
Execution time: 19.29 seconds
Execution time: 19.31 seconds
Execution time: 19.20 seconds
Execution time: 19.39 seconds
Execution time: 19.22 seconds
Execution time: 19.59 seconds
Execution time: 19.63 seconds
Execution time: 19.47 seconds
Execution time: 18.39 seconds
Execution time: 18.79 seconds
Execution time: 19.02 seconds
Execution time: 19.09 seconds
Execution time: 19.33 seconds
Execution time: 19.07 seconds
Execution time: 19.19 seconds
Execution time: 19.10 seconds
Execution time: 18.98 seconds
Execution time: 18.00 seconds
Execution time: 19.26 seconds
Execution time: 19.16 seconds
Execution time: 19.50 seconds
Execution time: 19.38 seconds
Execution time: 19.43 seconds
Execution time: 19.01 seconds
Execution time: 19.35 seconds
Execution time: 18.81 seconds
Execution time: 18.64 seconds
Execution time: 18.94 seconds
Execution time: 18.30 seconds
Execution time: 17.94 seconds
Execution time: 19.40 seconds
Execution time: 19.27 seconds
Execution time: 18.55 seconds
Execution time: 19.73 seconds
Execution time: 19.31 seconds
Execution time: 19.16 seconds
Execution time: 18.79 seconds
Execution time: 19.26 seconds
Execution time: 18.48 seconds
Execution time: 17.53 seconds
Execution time: 18.91 seconds
Execution time: 19.06 seconds
Execution time: 18.91 seconds
Execution time: 18.20 seconds
Execution time: 19.54 seconds
Execution time: 19.39 seconds
Execution time: 18.87 seconds
Execution time: 18.73 seconds
Execution time: 19.19 seconds
Execution time: 19.12 seconds
Execution time: 19.06 seconds
Execution time: 18.70 seconds
Execution time: 18.49 seconds
Execution time: 19.40 seconds
Execution time: 13.14 seconds
Execution time: 19.21 seconds
Execution time: 19.31 seconds
Execution time: 19.24 seconds
Execution time: 19.16 seconds
Execution time: 19.52 seconds
Execution time: 18.96 seconds
Execution time: 19.62 seconds
Execution time: 19.11 seconds
Execution time: 19.01 seconds
Execution time: 19.06 seconds
Execution time: 18.92 seconds
Execution time: 19.00 seconds
Execution time: 19.23 seconds
Execution time: 19.23 seconds
Execution time: 19.20 seconds
Execution time: 19.29 seconds
Execution time: 19.44 seconds
Execution time: 18.63 seconds
Execution time: 19.06 seconds
Execution time: 18.68 seconds
Execution time: 19.13 seconds
Execution time: 19.10 seconds
Execution time: 17.84 seconds
Execution time: 19.27 seconds
Execution time: 19.27 seconds
Execution time: 19.13 seconds
Execution time: 18.74 seconds
Execution time: 18.49 seconds
Execution time: 18.54 seconds
Execution time: 18.50 seconds
Execution time: 17.41 seconds
Execution time: 10.03 seconds
Execution time: 19.19 seconds
Execution time: 19.31 seconds
Execution time: 19.11 seconds
Execution time: 19.16 seconds
Execution time: 19.08 seconds
Execution time: 18.94 seconds
Execution time: 19.05 seconds
Execution time: 19.20 seconds
Execution time: 19.29 seconds
Execution time: 18.98 seconds
Execution time: 19.31 seconds
Execution time: 19.34 seconds
Execution time: 19.04 seconds
Execution time: 19.40 seconds
Execution time: 19.80 seconds
Execution time: 18.92 seconds
Execution time: 19.27 seconds
Execution time: 19.68 seconds
Execution time: 18.91 seconds
Execution time: 18.49 seconds
Execution time: 18.80 seconds
Execution time: 19.33 seconds
Execution time: 18.95 seconds
Execution time: 18.73 seconds
Execution time: 18.96 seconds
Execution time: 19.01 seconds
Execution time: 18.99 seconds
Execution time: 19.16 seconds
Execution time: 19.27 seconds
Execution time: 19.23 seconds
Execution time: 19.14 seconds
Execution time: 18.94 seconds
Execution time: 18.92 seconds
Execution time: 18.96 seconds
Execution time: 18.59 seconds
Execution time: 18.97 seconds
Execution time: 19.04 seconds
Execution time: 18.82 seconds
Execution time: 19.05 seconds
Execution time: 18.90 seconds
Execution time: 19.51 seconds
Execution time: 17.24 seconds
Execution time: 19.23 seconds
Execution time: 19.14 seconds
Execution time: 19.35 seconds
Execution time: 19.17 seconds
Execution time: 19.09 seconds
Execution time: 18.87 seconds
Execution time: 19.71 seconds
Execution time: 18.97 seconds
Execution time: 18.77 seconds
Execution time: 20.06 seconds
Execution time: 19.59 seconds
Execution time: 19.83 seconds
Execution time: 18.61 seconds
Execution time: 19.12 seconds
Execution time: 17.39 seconds
Execution time: 18.67 seconds
Execution time: 19.55 seconds
Execution time: 19.03 seconds
Execution time: 19.14 seconds
Execution time: 19.06 seconds
Execution time: 18.30 seconds
Execution time: 19.55 seconds
Execution time: 20.47 seconds
Execution time: 19.64 seconds
Execution time: 19.91 seconds
Execution time: 19.23 seconds
Execution time: 19.38 seconds
Execution time: 19.47 seconds
Execution time: 19.39 seconds
Execution time: 19.53 seconds
Execution time: 19.04 seconds
Execution time: 19.19 seconds
Execution time: 18.91 seconds
Execution time: 19.09 seconds
Execution time: 18.87 seconds
Execution time: 19.39 seconds
Execution time: 18.78 seconds
Execution time: 18.92 seconds
Execution time: 18.45 seconds
Execution time: 18.60 seconds
Execution time: 19.38 seconds
Execution time: 19.37 seconds
Execution time: 19.82 seconds
Execution time: 19.22 seconds
Execution time: 19.01 seconds
Execution time: 19.10 seconds
Execution time: 19.33 seconds
Execution time: 19.36 seconds
Execution time: 19.15 seconds
Execution time: 19.13 seconds
Execution time: 19.01 seconds
Execution time: 19.13 seconds
Execution time: 18.80 seconds
Execution time: 19.28 seconds
Execution time: 19.15 seconds
Execution time: 19.41 seconds
Execution time: 19.43 seconds
Execution time: 19.71 seconds
Execution time: 19.39 seconds
Execution time: 18.58 seconds
Execution time: 18.60 seconds
Execution time: 18.33 seconds
Execution time: 18.16 seconds
Execution time: 19.05 seconds
Execution time: 19.21 seconds
Execution time: 18.87 seconds
Execution time: 19.30 seconds
Execution time: 19.13 seconds
Execution time: 18.72 seconds
Execution time: 19.20 seconds
Execution time: 19.47 seconds
Execution time: 19.78 seconds
Execution time: 19.03 seconds
Execution time: 19.14 seconds
Execution time: 19.15 seconds
Execution time: 19.39 seconds
Execution time: 19.13 seconds
Execution time: 19.22 seconds
Execution time: 19.19 seconds
Execution time: 18.75 seconds
Execution time: 19.25 seconds
Execution time: 19.14 seconds
Execution time: 18.96 seconds
Execution time: 19.35 seconds
Execution time: 19.15 seconds
Execution time: 18.86 seconds
Execution time: 19.13 seconds
Execution time: 17.79 seconds
Execution time: 18.76 seconds
Execution time: 19.04 seconds
Execution time: 18.84 seconds
Execution time: 19.14 seconds
Execution time: 18.89 seconds
Execution time: 19.61 seconds
Execution time: 19.39 seconds
Execution time: 19.99 seconds
Execution time: 20.56 seconds
Execution time: 18.92 seconds
Execution time: 18.90 seconds
Execution time: 19.25 seconds
Execution time: 18.35 seconds
Execution time: 18.74 seconds
Execution time: 19.49 seconds
Execution time: 19.11 seconds
Execution time: 19.15 seconds
Execution time: 19.45 seconds
Execution time: 19.38 seconds
Execution time: 16.58 seconds
Execution time: 19.21 seconds
Execution time: 19.65 seconds
Execution time: 20.01 seconds
Execution time: 20.71 seconds
Execution time: 20.00 seconds
Execution time: 19.09 seconds
Execution time: 18.95 seconds
Execution time: 18.38 seconds
Execution time: 18.99 seconds
Execution time: 18.04 seconds
Execution time: 18.16 seconds
Execution time: 18.11 seconds
Execution time: 19.27 seconds
Execution time: 19.07 seconds
Execution time: 18.06 seconds
Execution time: 18.81 seconds
Execution time: 18.88 seconds
Execution time: 18.68 seconds
Execution time: 18.54 seconds
Execution time: 18.89 seconds
Execution time: 19.20 seconds
Execution time: 19.04 seconds
Execution time: 19.30 seconds
Execution time: 18.95 seconds
Execution time: 18.84 seconds
Execution time: 19.11 seconds
Execution time: 18.98 seconds
Execution time: 18.63 seconds
Execution time: 19.08 seconds
Execution time: 19.07 seconds
Execution time: 18.85 seconds
Execution time: 18.76 seconds
Execution time: 19.03 seconds
Execution time: 18.92 seconds
Execution time: 19.28 seconds
Execution time: 19.02 seconds
Execution time: 19.18 seconds
Execution time: 19.58 seconds
Execution time: 19.11 seconds
Execution time: 18.84 seconds
Execution time: 18.82 seconds
Execution time: 19.13 seconds
Execution time: 19.08 seconds
Execution time: 18.97 seconds
Execution time: 18.85 seconds
Execution time: 19.17 seconds
Execution time: 19.18 seconds
Execution time: 19.25 seconds
Execution time: 19.23 seconds
Execution time: 19.34 seconds
Execution time: 18.84 seconds
Execution time: 19.38 seconds
Execution time: 19.27 seconds
Execution time: 19.40 seconds
Execution time: 20.23 seconds
Execution time: 19.24 seconds
Execution time: 19.27 seconds
Execution time: 19.43 seconds
Execution time: 19.20 seconds
Execution time: 18.80 seconds
Execution time: 19.95 seconds
Execution time: 18.93 seconds
Execution time: 19.36 seconds
Execution time: 19.27 seconds
Execution time: 19.16 seconds
Execution time: 18.33 seconds
Execution time: 19.14 seconds
Execution time: 19.26 seconds
Execution time: 19.16 seconds
Execution time: 18.98 seconds
Execution time: 18.86 seconds
Execution time: 18.66 seconds
Execution time: 19.46 seconds
Execution time: 19.29 seconds
Execution time: 19.10 seconds
Execution time: 18.99 seconds
Execution time: 19.14 seconds
Execution time: 20.43 seconds
Execution time: 19.63 seconds
Execution time: 18.30 seconds
Execution time: 19.10 seconds
Execution time: 19.42 seconds
Execution time: 19.27 seconds
Execution time: 18.86 seconds
Execution time: 19.28 seconds
Execution time: 18.90 seconds
Execution time: 18.70 seconds
Execution time: 18.83 seconds
Execution time: 18.73 seconds
Execution time: 19.12 seconds
Execution time: 18.97 seconds
Execution time: 19.44 seconds
Execution time: 20.39 seconds
Execution time: 19.83 seconds
Execution time: 19.39 seconds
Execution time: 19.25 seconds
Execution time: 19.17 seconds
Execution time: 19.04 seconds
Execution time: 19.12 seconds
Execution time: 19.15 seconds
Execution time: 18.51 seconds
Execution time: 19.05 seconds
Execution time: 18.58 seconds
Execution time: 19.18 seconds
Execution time: 19.33 seconds
Execution time: 19.21 seconds
Execution time: 19.14 seconds
Execution time: 19.12 seconds
Execution time: 19.27 seconds
Execution time: 19.12 seconds
Execution time: 18.81 seconds
Execution time: 19.01 seconds
Execution time: 19.04 seconds
Execution time: 18.90 seconds
Execution time: 18.85 seconds
Execution time: 18.94 seconds
Execution time: 19.06 seconds
Execution time: 18.74 seconds
Execution time: 18.24 seconds
Execution time: 19.29 seconds
Execution time: 19.07 seconds
Execution time: 18.88 seconds
Execution time: 18.84 seconds
Execution time: 19.07 seconds
Execution time: 19.22 seconds
Execution time: 19.20 seconds
Execution time: 19.09 seconds
Execution time: 19.19 seconds
Execution time: 17.21 seconds
Execution time: 16.77 seconds
Execution time: 19.44 seconds
Execution time: 19.22 seconds
Execution time: 19.37 seconds
Execution time: 19.19 seconds
Execution time: 19.25 seconds
Execution time: 19.30 seconds
Execution time: 19.09 seconds
Execution time: 18.87 seconds
Execution time: 19.38 seconds
Execution time: 18.88 seconds
Execution time: 19.33 seconds
Execution time: 19.18 seconds
Execution time: 19.03 seconds
Execution time: 17.98 seconds
Execution time: 19.23 seconds
Execution time: 20.11 seconds
Execution time: 19.04 seconds
Execution time: 19.10 seconds
Execution time: 18.98 seconds
Execution time: 19.25 seconds
Execution time: 18.97 seconds
Execution time: 19.11 seconds
Execution time: 19.07 seconds
Execution time: 17.89 seconds
Execution time: 19.66 seconds
Execution time: 18.85 seconds
Execution time: 19.25 seconds
Execution time: 19.02 seconds
Execution time: 19.25 seconds
Execution time: 18.51 seconds
Execution time: 19.41 seconds
Execution time: 19.09 seconds
Execution time: 18.41 seconds
Execution time: 19.53 seconds
Execution time: 19.70 seconds
Execution time: 19.47 seconds
Execution time: 19.62 seconds
Execution time: 19.76 seconds
Execution time: 19.28 seconds
Execution time: 19.80 seconds
Execution time: 19.36 seconds
Execution time: 19.35 seconds
Execution time: 19.10 seconds
Execution time: 19.10 seconds
Execution time: 19.18 seconds
Execution time: 17.94 seconds
Execution time: 18.99 seconds
Execution time: 18.27 seconds
Execution time: 18.52 seconds
Execution time: 19.26 seconds
Execution time: 19.14 seconds
Execution time: 18.76 seconds
Execution time: 19.32 seconds
Execution time: 19.28 seconds
Execution time: 19.05 seconds
Execution time: 19.15 seconds
Execution time: 18.45 seconds
Execution time: 19.15 seconds
Execution time: 19.39 seconds
Execution time: 19.27 seconds
Execution time: 18.83 seconds
Execution time: 19.11 seconds
Execution time: 18.66 seconds
Execution time: 19.04 seconds
Execution time: 18.98 seconds
Execution time: 18.91 seconds
Execution time: 18.76 seconds
Execution time: 18.55 seconds
Execution time: 18.68 seconds
Execution time: 18.46 seconds
Execution time: 18.55 seconds
Execution time: 19.05 seconds
Execution time: 18.49 seconds
Execution time: 18.37 seconds
Execution time: 18.65 seconds
Execution time: 18.34 seconds
Execution time: 18.00 seconds
Execution time: 18.98 seconds
Execution time: 19.12 seconds
Execution time: 19.30 seconds
Execution time: 19.09 seconds
Execution time: 19.17 seconds
Execution time: 19.23 seconds
Execution time: 18.69 seconds
Execution time: 18.98 seconds
Execution time: 19.27 seconds
Execution time: 18.99 seconds
Execution time: 19.14 seconds
Execution time: 18.97 seconds
Execution time: 18.10 seconds
Execution time: 18.69 seconds
Execution time: 19.78 seconds
Execution time: 19.14 seconds
Execution time: 18.80 seconds
Execution time: 19.30 seconds
Execution time: 19.19 seconds
Execution time: 18.61 seconds
Execution time: 18.88 seconds
Execution time: 18.53 seconds
Execution time: 19.47 seconds
Execution time: 19.26 seconds
Execution time: 19.22 seconds
Execution time: 19.10 seconds
Execution time: 17.93 seconds
Execution time: 19.00 seconds
Execution time: 19.42 seconds
Execution time: 19.43 seconds
Execution time: 19.30 seconds
Execution time: 19.15 seconds
Execution time: 18.85 seconds
Execution time: 19.20 seconds
Execution time: 19.28 seconds
Execution time: 19.23 seconds
Execution time: 18.91 seconds
Execution time: 19.04 seconds
Execution time: 19.94 seconds
Execution time: 19.08 seconds
Execution time: 17.61 seconds
Execution time: 20.57 seconds
Execution time: 19.48 seconds
Execution time: 19.38 seconds
Execution time: 20.58 seconds
Execution time: 20.08 seconds
Execution time: 19.51 seconds
Execution time: 19.38 seconds
Execution time: 19.13 seconds
Execution time: 19.27 seconds
Execution time: 19.50 seconds
Execution time: 19.29 seconds
Execution time: 19.22 seconds
Execution time: 19.20 seconds
Execution time: 19.19 seconds
Execution time: 19.29 seconds
Execution time: 19.20 seconds
Execution time: 19.28 seconds
Execution time: 19.28 seconds
Execution time: 19.26 seconds
Execution time: 19.39 seconds
Execution time: 18.96 seconds
Execution time: 18.26 seconds
Execution time: 18.87 seconds
Execution time: 19.20 seconds
Execution time: 19.08 seconds
Execution time: 19.51 seconds
Execution time: 19.30 seconds
Execution time: 19.14 seconds
Execution time: 19.13 seconds
Execution time: 19.12 seconds
Execution time: 18.78 seconds
Execution time: 18.24 seconds
Execution time: 19.02 seconds
Execution time: 19.24 seconds
Execution time: 19.34 seconds
Execution time: 19.11 seconds
Execution time: 18.79 seconds
Execution time: 18.86 seconds
Execution time: 18.67 seconds
Execution time: 18.76 seconds
Execution time: 18.71 seconds
Execution time: 19.04 seconds
Execution time: 19.17 seconds
Execution time: 19.23 seconds
Execution time: 18.76 seconds
Execution time: 19.23 seconds
Execution time: 18.99 seconds
Execution time: 18.76 seconds
Execution time: 19.06 seconds
Execution time: 19.16 seconds
Execution time: 19.24 seconds
Execution time: 19.02 seconds
Execution time: 18.95 seconds
Execution time: 19.33 seconds
Execution time: 19.29 seconds
Execution time: 19.48 seconds
Execution time: 19.15 seconds
Execution time: 19.13 seconds
Execution time: 18.88 seconds
Execution time: 18.14 seconds
Execution time: 19.13 seconds
Execution time: 18.77 seconds
Execution time: 18.94 seconds
Execution time: 19.39 seconds
Execution time: 19.32 seconds
Execution time: 18.91 seconds
Execution time: 19.10 seconds
Execution time: 19.06 seconds
Execution time: 19.10 seconds
Execution time: 19.02 seconds
Execution time: 19.23 seconds
Execution time: 19.21 seconds
Execution time: 19.36 seconds
Execution time: 18.53 seconds
Execution time: 19.06 seconds
Execution time: 19.15 seconds
Execution time: 19.07 seconds
Execution time: 18.95 seconds
Execution time: 19.18 seconds
Execution time: 19.12 seconds
Execution time: 18.37 seconds
Execution time: 19.07 seconds
Execution time: 18.76 seconds
Execution time: 19.15 seconds
Execution time: 19.06 seconds
Execution time: 18.75 seconds
Execution time: 18.87 seconds
Execution time: 19.30 seconds
Execution time: 19.52 seconds
Execution time: 19.36 seconds
Execution time: 19.18 seconds
Execution time: 19.20 seconds
Execution time: 19.10 seconds
Execution time: 19.07 seconds
Execution time: 19.01 seconds
Execution time: 19.12 seconds
Execution time: 18.86 seconds
Execution time: 19.15 seconds
Execution time: 19.21 seconds
Execution time: 18.88 seconds
Execution time: 18.98 seconds
Execution time: 19.25 seconds
Execution time: 18.86 seconds
Execution time: 18.72 seconds
Execution time: 19.32 seconds
Execution time: 19.04 seconds
Execution time: 18.76 seconds
Execution time: 19.10 seconds
Execution time: 18.97 seconds
Execution time: 18.56 seconds
Execution time: 18.96 seconds
Execution time: 19.04 seconds
Execution time: 19.37 seconds
Execution time: 19.31 seconds
Execution time: 19.06 seconds
Execution time: 18.14 seconds
Execution time: 18.70 seconds
Execution time: 18.69 seconds
Execution time: 19.20 seconds
Execution time: 19.22 seconds
Execution time: 19.37 seconds
Execution time: 18.85 seconds
Execution time: 18.76 seconds
Execution time: 18.70 seconds
Execution time: 19.06 seconds
Execution time: 19.06 seconds
Execution time: 19.13 seconds
Execution time: 19.17 seconds
Execution time: 19.16 seconds
Execution time: 18.92 seconds
Execution time: 18.77 seconds
Execution time: 18.71 seconds
Execution time: 18.97 seconds
Execution time: 18.88 seconds
Execution time: 19.14 seconds
Execution time: 18.68 seconds
Execution time: 19.38 seconds
Execution time: 19.17 seconds
Execution time: 19.37 seconds
Execution time: 18.97 seconds
Execution time: 18.85 seconds
Execution time: 19.01 seconds
Execution time: 19.22 seconds
Execution time: 19.21 seconds
Execution time: 19.64 seconds
Execution time: 19.49 seconds
Execution time: 19.23 seconds
Execution time: 18.89 seconds
Execution time: 18.81 seconds
Execution time: 19.29 seconds
Execution time: 19.35 seconds
Execution time: 19.26 seconds
Execution time: 19.15 seconds
Execution time: 18.71 seconds
Execution time: 19.25 seconds
Execution time: 19.42 seconds
Execution time: 19.31 seconds
Execution time: 18.96 seconds
Execution time: 19.24 seconds
Execution time: 19.39 seconds
Execution time: 19.22 seconds
Execution time: 19.00 seconds
Execution time: 18.74 seconds
Execution time: 19.26 seconds
Execution time: 19.26 seconds
Execution time: 19.11 seconds
Execution time: 19.22 seconds
Execution time: 19.08 seconds
Execution time: 19.24 seconds
Execution time: 19.30 seconds
Execution time: 18.54 seconds
Execution time: 19.43 seconds
Execution time: 19.14 seconds
Execution time: 19.30 seconds
Execution time: 19.08 seconds
Execution time: 19.18 seconds
Execution time: 19.15 seconds
Execution time: 18.73 seconds
Execution time: 19.01 seconds
Execution time: 19.01 seconds
Execution time: 19.34 seconds
Execution time: 18.83 seconds
Execution time: 19.25 seconds
Execution time: 19.05 seconds
Execution time: 19.36 seconds
Execution time: 18.99 seconds
Execution time: 18.92 seconds
Execution time: 19.11 seconds
Execution time: 19.10 seconds
Execution time: 19.36 seconds
Execution time: 19.37 seconds
Execution time: 19.10 seconds
Execution time: 19.35 seconds
Execution time: 18.91 seconds
Execution time: 18.56 seconds
Execution time: 18.24 seconds
Execution time: 19.02 seconds
Execution time: 18.89 seconds
Execution time: 18.72 seconds
Execution time: 19.03 seconds
Execution time: 18.80 seconds
Execution time: 18.83 seconds
Execution time: 18.80 seconds
Execution time: 19.14 seconds
Execution time: 18.78 seconds
Execution time: 18.89 seconds
Execution time: 19.16 seconds
Execution time: 19.39 seconds
Execution time: 19.08 seconds
Execution time: 19.11 seconds
Execution time: 19.23 seconds
Execution time: 19.05 seconds
Execution time: 19.03 seconds
Execution time: 18.81 seconds
Execution time: 19.08 seconds
Execution time: 19.15 seconds
Execution time: 18.81 seconds
Execution time: 18.35 seconds
Execution time: 18.80 seconds
Execution time: 18.60 seconds
Execution time: 19.20 seconds
Execution time: 18.99 seconds
Execution time: 18.98 seconds
Execution time: 19.37 seconds
Execution time: 19.15 seconds
Execution time: 19.40 seconds
Execution time: 19.19 seconds
Execution time: 19.07 seconds
Execution time: 19.18 seconds
Execution time: 19.21 seconds
Execution time: 18.17 seconds
Execution time: 18.05 seconds
Execution time: 18.97 seconds
Execution time: 19.05 seconds
Execution time: 18.76 seconds
Execution time: 19.16 seconds
Execution time: 19.03 seconds
Execution time: 18.92 seconds
Execution time: 19.12 seconds
Execution time: 18.86 seconds
Execution time: 19.09 seconds
Execution time: 17.93 seconds
Execution time: 18.97 seconds
Execution time: 18.99 seconds
Execution time: 18.84 seconds
Execution time: 19.20 seconds
Execution time: 18.66 seconds
Execution time: 19.09 seconds
Execution time: 19.52 seconds
Execution time: 19.32 seconds
Execution time: 19.04 seconds
Execution time: 18.99 seconds
Execution time: 18.91 seconds
Execution time: 18.98 seconds
Execution time: 19.19 seconds
Execution time: 19.15 seconds
Execution time: 19.03 seconds
Execution time: 19.08 seconds
Execution time: 19.08 seconds
Execution time: 19.05 seconds
Execution time: 19.11 seconds
Execution time: 18.84 seconds
Execution time: 19.07 seconds
Execution time: 18.77 seconds
Execution time: 18.94 seconds
Execution time: 19.12 seconds
Execution time: 19.44 seconds
Execution time: 18.99 seconds
Execution time: 18.87 seconds
Execution time: 19.24 seconds
Execution time: 18.98 seconds
Execution time: 19.16 seconds
Execution time: 19.57 seconds
Execution time: 19.70 seconds
Execution time: 19.37 seconds
Execution time: 19.28 seconds
Execution time: 18.74 seconds
Execution time: 18.83 seconds
Execution time: 18.88 seconds
Execution time: 19.02 seconds
Execution time: 19.23 seconds
Execution time: 18.61 seconds
Execution time: 18.98 seconds
Execution time: 19.13 seconds
Execution time: 18.79 seconds
Execution time: 18.94 seconds
Execution time: 19.70 seconds
Execution time: 19.44 seconds
Execution time: 19.75 seconds
Execution time: 19.77 seconds
Execution time: 19.70 seconds
Execution time: 19.46 seconds
Execution time: 18.89 seconds
Execution time: 18.89 seconds
Execution time: 18.51 seconds
Execution time: 18.95 seconds
Execution time: 18.91 seconds
Execution time: 19.47 seconds
Execution time: 20.00 seconds
Execution time: 19.74 seconds
Execution time: 20.29 seconds
Execution time: 19.09 seconds
Execution time: 19.09 seconds
Execution time: 19.73 seconds
Execution time: 20.05 seconds
Execution time: 19.75 seconds
Execution time: 19.66 seconds
Execution time: 20.12 seconds
Execution time: 19.21 seconds
Execution time: 19.04 seconds
Execution time: 18.97 seconds
Execution time: 19.03 seconds
Execution time: 18.93 seconds
Execution time: 19.12 seconds
Execution time: 19.11 seconds
Execution time: 18.84 seconds
Execution time: 19.19 seconds
Execution time: 19.32 seconds
Execution time: 19.36 seconds
Execution time: 19.16 seconds
Execution time: 18.94 seconds
Execution time: 18.80 seconds
Execution time: 18.69 seconds
Execution time: 18.95 seconds
Execution time: 19.38 seconds
Execution time: 19.43 seconds
Execution time: 19.37 seconds
Execution time: 19.50 seconds
Execution time: 19.36 seconds
Execution time: 19.08 seconds
Execution time: 19.35 seconds
Execution time: 19.54 seconds
Execution time: 20.10 seconds
Execution time: 19.17 seconds
Execution time: 18.93 seconds
Execution time: 19.06 seconds
Execution time: 19.21 seconds
Execution time: 19.02 seconds
Execution time: 19.81 seconds
Execution time: 19.93 seconds
Execution time: 19.49 seconds
Execution time: 18.81 seconds
Execution time: 18.96 seconds
Execution time: 19.18 seconds
Execution time: 19.11 seconds
Execution time: 18.90 seconds
Execution time: 18.67 seconds
Execution time: 18.93 seconds
Execution time: 18.79 seconds
Execution time: 18.44 seconds
Execution time: 19.10 seconds
Execution time: 18.70 seconds
Execution time: 19.19 seconds
Execution time: 18.79 seconds
Execution time: 19.11 seconds
Execution time: 19.23 seconds
Execution time: 19.36 seconds
Execution time: 19.42 seconds
Execution time: 19.09 seconds
Execution time: 19.06 seconds
Execution time: 18.99 seconds
Execution time: 19.18 seconds
Execution time: 18.96 seconds
finished gapfilling
Step: 0 / 1643
Multiple -pix_fmt options specified for stream 0, only the last option '-pix_fmt yuv420p' will be used.
Step: 50 / 1643
Step: 100 / 1643
Step: 150 / 1643
Step: 200 / 1643
Step: 250 / 1643
Step: 300 / 1643
Step: 350 / 1643
Step: 400 / 1643
Step: 450 / 1643
Step: 500 / 1643
Step: 550 / 1643
Step: 600 / 1643
Step: 650 / 1643
Step: 700 / 1643
Step: 750 / 1643
Step: 800 / 1643
Step: 850 / 1643
Step: 900 / 1643
Step: 950 / 1643
Step: 1000 / 1643
Step: 1050 / 1643
Step: 1100 / 1643
Step: 1150 / 1643
Step: 1200 / 1643
Step: 1250 / 1643
Step: 1300 / 1643
Step: 1350 / 1643
Step: 1400 / 1643
Step: 1450 / 1643
Step: 1500 / 1643
Step: 1550 / 1643
Step: 1600 / 1643
done
