/home/francesco/miniconda3/envs/ndvi/lib/python3.11/site-packages/zarr/codecs/vlen_utf8.py:44: UserWarning: The codec `vlen-utf8` is currently not part in the Zarr format 3 specification. It may not be supported by other zarr implementations and may change in the future.
  return cls(**configuration_parsed)
/home/francesco/data_scratch/swiss-ndvi-processing/demo/notebook/gif_fire_area.py:80: DeprecationWarning: The 'unary_union' attribute is deprecated, use the 'union_all()' method instead.
  polygon = gdf.geometry.unary_union
Window cols 16944..17065 (122), rows 17578..17731 (154)
Mask has 105715396 True pixels.
Pixels in window: 18788, masked pixels in polygon: 7543
Gapfilling pixel 0/7543
Gapfilling pixel 500/7543
Gapfilling pixel 1000/7543
/home/francesco/miniconda3/envs/ndvi/lib/python3.11/site-packages/numpy/lib/_function_base_impl.py:4671: RuntimeWarning: invalid value encountered in subtract
  diff_b_a = subtract(b, a)
/home/francesco/miniconda3/envs/ndvi/lib/python3.11/site-packages/numpy/lib/_function_base_impl.py:4671: RuntimeWarning: invalid value encountered in subtract
  diff_b_a = subtract(b, a)
/home/francesco/miniconda3/envs/ndvi/lib/python3.11/site-packages/numpy/lib/_function_base_impl.py:4671: RuntimeWarning: invalid value encountered in subtract
  diff_b_a = subtract(b, a)
/home/francesco/miniconda3/envs/ndvi/lib/python3.11/site-packages/numpy/lib/_function_base_impl.py:4671: RuntimeWarning: invalid value encountered in subtract
  diff_b_a = subtract(b, a)
/home/francesco/miniconda3/envs/ndvi/lib/python3.11/site-packages/numpy/lib/_function_base_impl.py:4671: RuntimeWarning: invalid value encountered in subtract
  diff_b_a = subtract(b, a)
/home/francesco/miniconda3/envs/ndvi/lib/python3.11/site-packages/numpy/lib/_function_base_impl.py:4671: RuntimeWarning: invalid value encountered in subtract
  diff_b_a = subtract(b, a)
/home/francesco/miniconda3/envs/ndvi/lib/python3.11/site-packages/numpy/lib/_function_base_impl.py:4671: RuntimeWarning: invalid value encountered in subtract
  diff_b_a = subtract(b, a)
/home/francesco/miniconda3/envs/ndvi/lib/python3.11/site-packages/numpy/lib/_function_base_impl.py:4671: RuntimeWarning: invalid value encountered in subtract
  diff_b_a = subtract(b, a)
/home/francesco/miniconda3/envs/ndvi/lib/python3.11/site-packages/numpy/lib/_function_base_impl.py:4671: RuntimeWarning: invalid value encountered in subtract
  diff_b_a = subtract(b, a)
/home/francesco/miniconda3/envs/ndvi/lib/python3.11/site-packages/numpy/lib/_function_base_impl.py:4671: RuntimeWarning: invalid value encountered in subtract
  diff_b_a = subtract(b, a)
/home/francesco/miniconda3/envs/ndvi/lib/python3.11/site-packages/numpy/lib/_function_base_impl.py:4671: RuntimeWarning: invalid value encountered in subtract
  diff_b_a = subtract(b, a)
/home/francesco/miniconda3/envs/ndvi/lib/python3.11/site-packages/numpy/lib/_function_base_impl.py:4671: RuntimeWarning: invalid value encountered in subtract
  diff_b_a = subtract(b, a)
/home/francesco/miniconda3/envs/ndvi/lib/python3.11/site-packages/numpy/lib/_function_base_impl.py:4671: RuntimeWarning: invalid value encountered in subtract
  diff_b_a = subtract(b, a)
/home/francesco/miniconda3/envs/ndvi/lib/python3.11/site-packages/numpy/lib/_function_base_impl.py:4671: RuntimeWarning: invalid value encountered in subtract
  diff_b_a = subtract(b, a)
/home/francesco/miniconda3/envs/ndvi/lib/python3.11/site-packages/numpy/lib/_function_base_impl.py:4671: RuntimeWarning: invalid value encountered in subtract
  diff_b_a = subtract(b, a)
/home/francesco/miniconda3/envs/ndvi/lib/python3.11/site-packages/numpy/lib/_function_base_impl.py:4671: RuntimeWarning: invalid value encountered in subtract
  diff_b_a = subtract(b, a)
/home/francesco/miniconda3/envs/ndvi/lib/python3.11/site-packages/numpy/lib/_function_base_impl.py:4671: RuntimeWarning: invalid value encountered in subtract
  diff_b_a = subtract(b, a)
/home/francesco/miniconda3/envs/ndvi/lib/python3.11/site-packages/numpy/lib/_function_base_impl.py:4671: RuntimeWarning: invalid value encountered in subtract
  diff_b_a = subtract(b, a)
/home/francesco/miniconda3/envs/ndvi/lib/python3.11/site-packages/numpy/lib/_function_base_impl.py:4671: RuntimeWarning: invalid value encountered in subtract
  diff_b_a = subtract(b, a)
/home/francesco/miniconda3/envs/ndvi/lib/python3.11/site-packages/numpy/lib/_function_base_impl.py:4671: RuntimeWarning: invalid value encountered in subtract
  diff_b_a = subtract(b, a)
/home/francesco/miniconda3/envs/ndvi/lib/python3.11/site-packages/numpy/lib/_function_base_impl.py:4671: RuntimeWarning: invalid value encountered in subtract
  diff_b_a = subtract(b, a)
/home/francesco/miniconda3/envs/ndvi/lib/python3.11/site-packages/numpy/lib/_function_base_impl.py:4671: RuntimeWarning: invalid value encountered in subtract
  diff_b_a = subtract(b, a)
/home/francesco/miniconda3/envs/ndvi/lib/python3.11/site-packages/numpy/lib/_function_base_impl.py:4671: RuntimeWarning: invalid value encountered in subtract
  diff_b_a = subtract(b, a)
/home/francesco/miniconda3/envs/ndvi/lib/python3.11/site-packages/numpy/lib/_function_base_impl.py:4671: RuntimeWarning: invalid value encountered in subtract
  diff_b_a = subtract(b, a)
/home/francesco/miniconda3/envs/ndvi/lib/python3.11/site-packages/numpy/lib/_function_base_impl.py:4671: RuntimeWarning: invalid value encountered in subtract
  diff_b_a = subtract(b, a)
/home/francesco/miniconda3/envs/ndvi/lib/python3.11/site-packages/numpy/lib/_function_base_impl.py:4671: RuntimeWarning: invalid value encountered in subtract
  diff_b_a = subtract(b, a)
/home/francesco/miniconda3/envs/ndvi/lib/python3.11/site-packages/numpy/lib/_function_base_impl.py:4671: RuntimeWarning: invalid value encountered in subtract
  diff_b_a = subtract(b, a)
/home/francesco/miniconda3/envs/ndvi/lib/python3.11/site-packages/numpy/lib/_function_base_impl.py:4671: RuntimeWarning: invalid value encountered in subtract
  diff_b_a = subtract(b, a)
/home/francesco/miniconda3/envs/ndvi/lib/python3.11/site-packages/numpy/lib/_function_base_impl.py:4671: RuntimeWarning: invalid value encountered in subtract
  diff_b_a = subtract(b, a)
/home/francesco/miniconda3/envs/ndvi/lib/python3.11/site-packages/numpy/lib/_function_base_impl.py:4671: RuntimeWarning: invalid value encountered in subtract
  diff_b_a = subtract(b, a)
/home/francesco/miniconda3/envs/ndvi/lib/python3.11/site-packages/numpy/lib/_function_base_impl.py:4671: RuntimeWarning: invalid value encountered in subtract
  diff_b_a = subtract(b, a)
/home/francesco/miniconda3/envs/ndvi/lib/python3.11/site-packages/numpy/lib/_function_base_impl.py:4671: RuntimeWarning: invalid value encountered in subtract
  diff_b_a = subtract(b, a)
/home/francesco/miniconda3/envs/ndvi/lib/python3.11/site-packages/numpy/lib/_function_base_impl.py:4671: RuntimeWarning: invalid value encountered in subtract
  diff_b_a = subtract(b, a)
/home/francesco/miniconda3/envs/ndvi/lib/python3.11/site-packages/numpy/lib/_function_base_impl.py:4671: RuntimeWarning: invalid value encountered in subtract
  diff_b_a = subtract(b, a)
/home/francesco/miniconda3/envs/ndvi/lib/python3.11/site-packages/numpy/lib/_function_base_impl.py:4671: RuntimeWarning: invalid value encountered in subtract
  diff_b_a = subtract(b, a)
/home/francesco/miniconda3/envs/ndvi/lib/python3.11/site-packages/numpy/lib/_function_base_impl.py:4671: RuntimeWarning: invalid value encountered in subtract
  diff_b_a = subtract(b, a)
/home/francesco/miniconda3/envs/ndvi/lib/python3.11/site-packages/numpy/lib/_function_base_impl.py:4671: RuntimeWarning: invalid value encountered in subtract
  diff_b_a = subtract(b, a)
/home/francesco/miniconda3/envs/ndvi/lib/python3.11/site-packages/numpy/lib/_function_base_impl.py:4671: RuntimeWarning: invalid value encountered in subtract
  diff_b_a = subtract(b, a)
/home/francesco/miniconda3/envs/ndvi/lib/python3.11/site-packages/numpy/lib/_function_base_impl.py:4671: RuntimeWarning: invalid value encountered in subtract
  diff_b_a = subtract(b, a)
/home/francesco/miniconda3/envs/ndvi/lib/python3.11/site-packages/numpy/lib/_function_base_impl.py:4671: RuntimeWarning: invalid value encountered in subtract
  diff_b_a = subtract(b, a)
/home/francesco/miniconda3/envs/ndvi/lib/python3.11/site-packages/numpy/lib/_function_base_impl.py:4671: RuntimeWarning: invalid value encountered in subtract
  diff_b_a = subtract(b, a)
/home/francesco/miniconda3/envs/ndvi/lib/python3.11/site-packages/numpy/lib/_function_base_impl.py:4671: RuntimeWarning: invalid value encountered in subtract
  diff_b_a = subtract(b, a)
/home/francesco/miniconda3/envs/ndvi/lib/python3.11/site-packages/numpy/lib/_function_base_impl.py:4671: RuntimeWarning: invalid value encountered in subtract
  diff_b_a = subtract(b, a)
/home/francesco/miniconda3/envs/ndvi/lib/python3.11/site-packages/numpy/lib/_function_base_impl.py:4671: RuntimeWarning: invalid value encountered in subtract
  diff_b_a = subtract(b, a)
/home/francesco/miniconda3/envs/ndvi/lib/python3.11/site-packages/numpy/lib/_function_base_impl.py:4671: RuntimeWarning: invalid value encountered in subtract
  diff_b_a = subtract(b, a)
/home/francesco/miniconda3/envs/ndvi/lib/python3.11/site-packages/numpy/lib/_function_base_impl.py:4671: RuntimeWarning: invalid value encountered in subtract
  diff_b_a = subtract(b, a)
/home/francesco/miniconda3/envs/ndvi/lib/python3.11/site-packages/numpy/lib/_function_base_impl.py:4671: RuntimeWarning: invalid value encountered in subtract
  diff_b_a = subtract(b, a)
/home/francesco/miniconda3/envs/ndvi/lib/python3.11/site-packages/numpy/lib/_function_base_impl.py:4671: RuntimeWarning: invalid value encountered in subtract
  diff_b_a = subtract(b, a)
/home/francesco/miniconda3/envs/ndvi/lib/python3.11/site-packages/numpy/lib/_function_base_impl.py:4671: RuntimeWarning: invalid value encountered in subtract
  diff_b_a = subtract(b, a)
/home/francesco/miniconda3/envs/ndvi/lib/python3.11/site-packages/numpy/lib/_function_base_impl.py:4671: RuntimeWarning: invalid value encountered in subtract
  diff_b_a = subtract(b, a)
/home/francesco/miniconda3/envs/ndvi/lib/python3.11/site-packages/numpy/lib/_function_base_impl.py:4671: RuntimeWarning: invalid value encountered in subtract
  diff_b_a = subtract(b, a)
/home/francesco/miniconda3/envs/ndvi/lib/python3.11/site-packages/numpy/lib/_function_base_impl.py:4671: RuntimeWarning: invalid value encountered in subtract
  diff_b_a = subtract(b, a)
/home/francesco/miniconda3/envs/ndvi/lib/python3.11/site-packages/numpy/lib/_function_base_impl.py:4671: RuntimeWarning: invalid value encountered in subtract
  diff_b_a = subtract(b, a)
/home/francesco/miniconda3/envs/ndvi/lib/python3.11/site-packages/numpy/lib/_function_base_impl.py:4671: RuntimeWarning: invalid value encountered in subtract
  diff_b_a = subtract(b, a)
/home/francesco/miniconda3/envs/ndvi/lib/python3.11/site-packages/numpy/lib/_function_base_impl.py:4671: RuntimeWarning: invalid value encountered in subtract
  diff_b_a = subtract(b, a)
/home/francesco/miniconda3/envs/ndvi/lib/python3.11/site-packages/numpy/lib/_function_base_impl.py:4671: RuntimeWarning: invalid value encountered in subtract
  diff_b_a = subtract(b, a)
/home/francesco/miniconda3/envs/ndvi/lib/python3.11/site-packages/numpy/lib/_function_base_impl.py:4671: RuntimeWarning: invalid value encountered in subtract
  diff_b_a = subtract(b, a)
/home/francesco/miniconda3/envs/ndvi/lib/python3.11/site-packages/numpy/lib/_function_base_impl.py:4671: RuntimeWarning: invalid value encountered in subtract
  diff_b_a = subtract(b, a)
/home/francesco/miniconda3/envs/ndvi/lib/python3.11/site-packages/numpy/lib/_function_base_impl.py:4671: RuntimeWarning: invalid value encountered in subtract
  diff_b_a = subtract(b, a)
/home/francesco/miniconda3/envs/ndvi/lib/python3.11/site-packages/numpy/lib/_function_base_impl.py:4671: RuntimeWarning: invalid value encountered in subtract
  diff_b_a = subtract(b, a)
/home/francesco/miniconda3/envs/ndvi/lib/python3.11/site-packages/numpy/lib/_function_base_impl.py:4671: RuntimeWarning: invalid value encountered in subtract
  diff_b_a = subtract(b, a)
/home/francesco/miniconda3/envs/ndvi/lib/python3.11/site-packages/numpy/lib/_function_base_impl.py:4671: RuntimeWarning: invalid value encountered in subtract
  diff_b_a = subtract(b, a)
/home/francesco/miniconda3/envs/ndvi/lib/python3.11/site-packages/numpy/lib/_function_base_impl.py:4671: RuntimeWarning: invalid value encountered in subtract
  diff_b_a = subtract(b, a)
/home/francesco/miniconda3/envs/ndvi/lib/python3.11/site-packages/numpy/lib/_function_base_impl.py:4671: RuntimeWarning: invalid value encountered in subtract
  diff_b_a = subtract(b, a)
/home/francesco/miniconda3/envs/ndvi/lib/python3.11/site-packages/numpy/lib/_function_base_impl.py:4671: RuntimeWarning: invalid value encountered in subtract
  diff_b_a = subtract(b, a)
/home/francesco/miniconda3/envs/ndvi/lib/python3.11/site-packages/numpy/lib/_function_base_impl.py:4671: RuntimeWarning: invalid value encountered in subtract
  diff_b_a = subtract(b, a)
/home/francesco/miniconda3/envs/ndvi/lib/python3.11/site-packages/numpy/lib/_function_base_impl.py:4671: RuntimeWarning: invalid value encountered in subtract
  diff_b_a = subtract(b, a)
/home/francesco/miniconda3/envs/ndvi/lib/python3.11/site-packages/numpy/lib/_function_base_impl.py:4671: RuntimeWarning: invalid value encountered in subtract
  diff_b_a = subtract(b, a)
/home/francesco/miniconda3/envs/ndvi/lib/python3.11/site-packages/numpy/lib/_function_base_impl.py:4671: RuntimeWarning: invalid value encountered in subtract
  diff_b_a = subtract(b, a)
/home/francesco/miniconda3/envs/ndvi/lib/python3.11/site-packages/numpy/lib/_function_base_impl.py:4671: RuntimeWarning: invalid value encountered in subtract
  diff_b_a = subtract(b, a)
/home/francesco/miniconda3/envs/ndvi/lib/python3.11/site-packages/numpy/lib/_function_base_impl.py:4671: RuntimeWarning: invalid value encountered in subtract
  diff_b_a = subtract(b, a)
/home/francesco/miniconda3/envs/ndvi/lib/python3.11/site-packages/numpy/lib/_function_base_impl.py:4671: RuntimeWarning: invalid value encountered in subtract
  diff_b_a = subtract(b, a)
/home/francesco/miniconda3/envs/ndvi/lib/python3.11/site-packages/numpy/lib/_function_base_impl.py:4671: RuntimeWarning: invalid value encountered in subtract
  diff_b_a = subtract(b, a)
/home/francesco/miniconda3/envs/ndvi/lib/python3.11/site-packages/numpy/lib/_function_base_impl.py:4671: RuntimeWarning: invalid value encountered in subtract
  diff_b_a = subtract(b, a)
/home/francesco/miniconda3/envs/ndvi/lib/python3.11/site-packages/numpy/lib/_function_base_impl.py:4671: RuntimeWarning: invalid value encountered in subtract
  diff_b_a = subtract(b, a)
/home/francesco/miniconda3/envs/ndvi/lib/python3.11/site-packages/numpy/lib/_function_base_impl.py:4671: RuntimeWarning: invalid value encountered in subtract
  diff_b_a = subtract(b, a)
/home/francesco/miniconda3/envs/ndvi/lib/python3.11/site-packages/numpy/lib/_function_base_impl.py:4671: RuntimeWarning: invalid value encountered in subtract
  diff_b_a = subtract(b, a)
/home/francesco/miniconda3/envs/ndvi/lib/python3.11/site-packages/numpy/lib/_function_base_impl.py:4671: RuntimeWarning: invalid value encountered in subtract
  diff_b_a = subtract(b, a)
/home/francesco/miniconda3/envs/ndvi/lib/python3.11/site-packages/numpy/lib/_function_base_impl.py:4671: RuntimeWarning: invalid value encountered in subtract
  diff_b_a = subtract(b, a)
/home/francesco/miniconda3/envs/ndvi/lib/python3.11/site-packages/numpy/lib/_function_base_impl.py:4671: RuntimeWarning: invalid value encountered in subtract
  diff_b_a = subtract(b, a)
/home/francesco/miniconda3/envs/ndvi/lib/python3.11/site-packages/numpy/lib/_function_base_impl.py:4671: RuntimeWarning: invalid value encountered in subtract
  diff_b_a = subtract(b, a)
/home/francesco/miniconda3/envs/ndvi/lib/python3.11/site-packages/numpy/lib/_function_base_impl.py:4671: RuntimeWarning: invalid value encountered in subtract
  diff_b_a = subtract(b, a)
/home/francesco/miniconda3/envs/ndvi/lib/python3.11/site-packages/numpy/lib/_function_base_impl.py:4671: RuntimeWarning: invalid value encountered in subtract
  diff_b_a = subtract(b, a)
/home/francesco/miniconda3/envs/ndvi/lib/python3.11/site-packages/numpy/lib/_function_base_impl.py:4671: RuntimeWarning: invalid value encountered in subtract
  diff_b_a = subtract(b, a)
/home/francesco/miniconda3/envs/ndvi/lib/python3.11/site-packages/numpy/lib/_function_base_impl.py:4671: RuntimeWarning: invalid value encountered in subtract
  diff_b_a = subtract(b, a)
/home/francesco/miniconda3/envs/ndvi/lib/python3.11/site-packages/numpy/lib/_function_base_impl.py:4671: RuntimeWarning: invalid value encountered in subtract
  diff_b_a = subtract(b, a)
/home/francesco/miniconda3/envs/ndvi/lib/python3.11/site-packages/numpy/lib/_function_base_impl.py:4671: RuntimeWarning: invalid value encountered in subtract
  diff_b_a = subtract(b, a)
/home/francesco/miniconda3/envs/ndvi/lib/python3.11/site-packages/numpy/lib/_function_base_impl.py:4671: RuntimeWarning: invalid value encountered in subtract
  diff_b_a = subtract(b, a)
/home/francesco/miniconda3/envs/ndvi/lib/python3.11/site-packages/numpy/lib/_function_base_impl.py:4671: RuntimeWarning: invalid value encountered in subtract
  diff_b_a = subtract(b, a)
/home/francesco/miniconda3/envs/ndvi/lib/python3.11/site-packages/numpy/lib/_function_base_impl.py:4671: RuntimeWarning: invalid value encountered in subtract
  diff_b_a = subtract(b, a)
/home/francesco/miniconda3/envs/ndvi/lib/python3.11/site-packages/numpy/lib/_function_base_impl.py:4671: RuntimeWarning: invalid value encountered in subtract
  diff_b_a = subtract(b, a)
/home/francesco/miniconda3/envs/ndvi/lib/python3.11/site-packages/numpy/lib/_function_base_impl.py:4671: RuntimeWarning: invalid value encountered in subtract
  diff_b_a = subtract(b, a)
/home/francesco/miniconda3/envs/ndvi/lib/python3.11/site-packages/numpy/lib/_function_base_impl.py:4671: RuntimeWarning: invalid value encountered in subtract
  diff_b_a = subtract(b, a)
/home/francesco/miniconda3/envs/ndvi/lib/python3.11/site-packages/numpy/lib/_function_base_impl.py:4671: RuntimeWarning: invalid value encountered in subtract
  diff_b_a = subtract(b, a)
/home/francesco/miniconda3/envs/ndvi/lib/python3.11/site-packages/numpy/lib/_function_base_impl.py:4671: RuntimeWarning: invalid value encountered in subtract
  diff_b_a = subtract(b, a)
/home/francesco/miniconda3/envs/ndvi/lib/python3.11/site-packages/numpy/lib/_function_base_impl.py:4671: RuntimeWarning: invalid value encountered in subtract
  diff_b_a = subtract(b, a)
/home/francesco/miniconda3/envs/ndvi/lib/python3.11/site-packages/numpy/lib/_function_base_impl.py:4671: RuntimeWarning: invalid value encountered in subtract
  diff_b_a = subtract(b, a)
/home/francesco/miniconda3/envs/ndvi/lib/python3.11/site-packages/numpy/lib/_function_base_impl.py:4671: RuntimeWarning: invalid value encountered in subtract
  diff_b_a = subtract(b, a)
/home/francesco/miniconda3/envs/ndvi/lib/python3.11/site-packages/numpy/lib/_function_base_impl.py:4671: RuntimeWarning: invalid value encountered in subtract
  diff_b_a = subtract(b, a)
/home/francesco/miniconda3/envs/ndvi/lib/python3.11/site-packages/numpy/lib/_function_base_impl.py:4671: RuntimeWarning: invalid value encountered in subtract
  diff_b_a = subtract(b, a)
/home/francesco/miniconda3/envs/ndvi/lib/python3.11/site-packages/numpy/lib/_function_base_impl.py:4671: RuntimeWarning: invalid value encountered in subtract
  diff_b_a = subtract(b, a)
/home/francesco/miniconda3/envs/ndvi/lib/python3.11/site-packages/numpy/lib/_function_base_impl.py:4671: RuntimeWarning: invalid value encountered in subtract
  diff_b_a = subtract(b, a)
/home/francesco/miniconda3/envs/ndvi/lib/python3.11/site-packages/numpy/lib/_function_base_impl.py:4671: RuntimeWarning: invalid value encountered in subtract
  diff_b_a = subtract(b, a)
/home/francesco/miniconda3/envs/ndvi/lib/python3.11/site-packages/numpy/lib/_function_base_impl.py:4671: RuntimeWarning: invalid value encountered in subtract
  diff_b_a = subtract(b, a)
/home/francesco/miniconda3/envs/ndvi/lib/python3.11/site-packages/numpy/lib/_function_base_impl.py:4671: RuntimeWarning: invalid value encountered in subtract
  diff_b_a = subtract(b, a)
/home/francesco/miniconda3/envs/ndvi/lib/python3.11/site-packages/numpy/lib/_function_base_impl.py:4671: RuntimeWarning: invalid value encountered in subtract
  diff_b_a = subtract(b, a)
/home/francesco/miniconda3/envs/ndvi/lib/python3.11/site-packages/numpy/lib/_function_base_impl.py:4671: RuntimeWarning: invalid value encountered in subtract
  diff_b_a = subtract(b, a)
/home/francesco/miniconda3/envs/ndvi/lib/python3.11/site-packages/numpy/lib/_function_base_impl.py:4671: RuntimeWarning: invalid value encountered in subtract
  diff_b_a = subtract(b, a)
/home/francesco/miniconda3/envs/ndvi/lib/python3.11/site-packages/numpy/lib/_function_base_impl.py:4671: RuntimeWarning: invalid value encountered in subtract
  diff_b_a = subtract(b, a)
/home/francesco/miniconda3/envs/ndvi/lib/python3.11/site-packages/numpy/lib/_function_base_impl.py:4671: RuntimeWarning: invalid value encountered in subtract
  diff_b_a = subtract(b, a)
/home/francesco/miniconda3/envs/ndvi/lib/python3.11/site-packages/numpy/lib/_function_base_impl.py:4671: RuntimeWarning: invalid value encountered in subtract
  diff_b_a = subtract(b, a)
/home/francesco/miniconda3/envs/ndvi/lib/python3.11/site-packages/numpy/lib/_function_base_impl.py:4671: RuntimeWarning: invalid value encountered in subtract
  diff_b_a = subtract(b, a)
/home/francesco/miniconda3/envs/ndvi/lib/python3.11/site-packages/numpy/lib/_function_base_impl.py:4671: RuntimeWarning: invalid value encountered in subtract
  diff_b_a = subtract(b, a)
/home/francesco/miniconda3/envs/ndvi/lib/python3.11/site-packages/numpy/lib/_function_base_impl.py:4671: RuntimeWarning: invalid value encountered in subtract
  diff_b_a = subtract(b, a)
/home/francesco/miniconda3/envs/ndvi/lib/python3.11/site-packages/numpy/lib/_function_base_impl.py:4671: RuntimeWarning: invalid value encountered in subtract
  diff_b_a = subtract(b, a)
/home/francesco/miniconda3/envs/ndvi/lib/python3.11/site-packages/numpy/lib/_function_base_impl.py:4671: RuntimeWarning: invalid value encountered in subtract
  diff_b_a = subtract(b, a)
/home/francesco/miniconda3/envs/ndvi/lib/python3.11/site-packages/numpy/lib/_function_base_impl.py:4671: RuntimeWarning: invalid value encountered in subtract
  diff_b_a = subtract(b, a)
/home/francesco/miniconda3/envs/ndvi/lib/python3.11/site-packages/numpy/lib/_function_base_impl.py:4671: RuntimeWarning: invalid value encountered in subtract
  diff_b_a = subtract(b, a)
/home/francesco/miniconda3/envs/ndvi/lib/python3.11/site-packages/numpy/lib/_function_base_impl.py:4671: RuntimeWarning: invalid value encountered in subtract
  diff_b_a = subtract(b, a)
/home/francesco/miniconda3/envs/ndvi/lib/python3.11/site-packages/numpy/lib/_function_base_impl.py:4671: RuntimeWarning: invalid value encountered in subtract
  diff_b_a = subtract(b, a)
/home/francesco/miniconda3/envs/ndvi/lib/python3.11/site-packages/numpy/lib/_function_base_impl.py:4671: RuntimeWarning: invalid value encountered in subtract
  diff_b_a = subtract(b, a)
/home/francesco/miniconda3/envs/ndvi/lib/python3.11/site-packages/numpy/lib/_function_base_impl.py:4671: RuntimeWarning: invalid value encountered in subtract
  diff_b_a = subtract(b, a)
/home/francesco/miniconda3/envs/ndvi/lib/python3.11/site-packages/numpy/lib/_function_base_impl.py:4671: RuntimeWarning: invalid value encountered in subtract
  diff_b_a = subtract(b, a)
/home/francesco/miniconda3/envs/ndvi/lib/python3.11/site-packages/numpy/lib/_function_base_impl.py:4671: RuntimeWarning: invalid value encountered in subtract
  diff_b_a = subtract(b, a)
/home/francesco/miniconda3/envs/ndvi/lib/python3.11/site-packages/numpy/lib/_function_base_impl.py:4671: RuntimeWarning: invalid value encountered in subtract
  diff_b_a = subtract(b, a)
/home/francesco/miniconda3/envs/ndvi/lib/python3.11/site-packages/numpy/lib/_function_base_impl.py:4671: RuntimeWarning: invalid value encountered in subtract
  diff_b_a = subtract(b, a)
/home/francesco/miniconda3/envs/ndvi/lib/python3.11/site-packages/numpy/lib/_function_base_impl.py:4671: RuntimeWarning: invalid value encountered in subtract
  diff_b_a = subtract(b, a)
/home/francesco/miniconda3/envs/ndvi/lib/python3.11/site-packages/numpy/lib/_function_base_impl.py:4671: RuntimeWarning: invalid value encountered in subtract
  diff_b_a = subtract(b, a)
/home/francesco/miniconda3/envs/ndvi/lib/python3.11/site-packages/numpy/lib/_function_base_impl.py:4671: RuntimeWarning: invalid value encountered in subtract
  diff_b_a = subtract(b, a)
/home/francesco/miniconda3/envs/ndvi/lib/python3.11/site-packages/numpy/lib/_function_base_impl.py:4671: RuntimeWarning: invalid value encountered in subtract
  diff_b_a = subtract(b, a)
/home/francesco/miniconda3/envs/ndvi/lib/python3.11/site-packages/numpy/lib/_function_base_impl.py:4671: RuntimeWarning: invalid value encountered in subtract
  diff_b_a = subtract(b, a)
/home/francesco/miniconda3/envs/ndvi/lib/python3.11/site-packages/numpy/lib/_function_base_impl.py:4671: RuntimeWarning: invalid value encountered in subtract
  diff_b_a = subtract(b, a)
/home/francesco/miniconda3/envs/ndvi/lib/python3.11/site-packages/numpy/lib/_function_base_impl.py:4671: RuntimeWarning: invalid value encountered in subtract
  diff_b_a = subtract(b, a)
/home/francesco/miniconda3/envs/ndvi/lib/python3.11/site-packages/numpy/lib/_function_base_impl.py:4671: RuntimeWarning: invalid value encountered in subtract
  diff_b_a = subtract(b, a)
/home/francesco/miniconda3/envs/ndvi/lib/python3.11/site-packages/numpy/lib/_function_base_impl.py:4671: RuntimeWarning: invalid value encountered in subtract
  diff_b_a = subtract(b, a)
/home/francesco/miniconda3/envs/ndvi/lib/python3.11/site-packages/numpy/lib/_function_base_impl.py:4671: RuntimeWarning: invalid value encountered in subtract
  diff_b_a = subtract(b, a)
/home/francesco/miniconda3/envs/ndvi/lib/python3.11/site-packages/numpy/lib/_function_base_impl.py:4671: RuntimeWarning: invalid value encountered in subtract
  diff_b_a = subtract(b, a)
/home/francesco/miniconda3/envs/ndvi/lib/python3.11/site-packages/numpy/lib/_function_base_impl.py:4671: RuntimeWarning: invalid value encountered in subtract
  diff_b_a = subtract(b, a)
/home/francesco/miniconda3/envs/ndvi/lib/python3.11/site-packages/numpy/lib/_function_base_impl.py:4671: RuntimeWarning: invalid value encountered in subtract
  diff_b_a = subtract(b, a)
/home/francesco/miniconda3/envs/ndvi/lib/python3.11/site-packages/numpy/lib/_function_base_impl.py:4671: RuntimeWarning: invalid value encountered in subtract
  diff_b_a = subtract(b, a)
/home/francesco/miniconda3/envs/ndvi/lib/python3.11/site-packages/numpy/lib/_function_base_impl.py:4671: RuntimeWarning: invalid value encountered in subtract
  diff_b_a = subtract(b, a)
/home/francesco/miniconda3/envs/ndvi/lib/python3.11/site-packages/numpy/lib/_function_base_impl.py:4671: RuntimeWarning: invalid value encountered in subtract
  diff_b_a = subtract(b, a)
/home/francesco/miniconda3/envs/ndvi/lib/python3.11/site-packages/numpy/lib/_function_base_impl.py:4671: RuntimeWarning: invalid value encountered in subtract
  diff_b_a = subtract(b, a)
/home/francesco/miniconda3/envs/ndvi/lib/python3.11/site-packages/numpy/lib/_function_base_impl.py:4671: RuntimeWarning: invalid value encountered in subtract
  diff_b_a = subtract(b, a)
/home/francesco/miniconda3/envs/ndvi/lib/python3.11/site-packages/numpy/lib/_function_base_impl.py:4671: RuntimeWarning: invalid value encountered in subtract
  diff_b_a = subtract(b, a)
/home/francesco/miniconda3/envs/ndvi/lib/python3.11/site-packages/numpy/lib/_function_base_impl.py:4671: RuntimeWarning: invalid value encountered in subtract
  diff_b_a = subtract(b, a)
/home/francesco/miniconda3/envs/ndvi/lib/python3.11/site-packages/numpy/lib/_function_base_impl.py:4671: RuntimeWarning: invalid value encountered in subtract
  diff_b_a = subtract(b, a)
/home/francesco/miniconda3/envs/ndvi/lib/python3.11/site-packages/numpy/lib/_function_base_impl.py:4671: RuntimeWarning: invalid value encountered in subtract
  diff_b_a = subtract(b, a)
/home/francesco/miniconda3/envs/ndvi/lib/python3.11/site-packages/numpy/lib/_function_base_impl.py:4671: RuntimeWarning: invalid value encountered in subtract
  diff_b_a = subtract(b, a)
/home/francesco/miniconda3/envs/ndvi/lib/python3.11/site-packages/numpy/lib/_function_base_impl.py:4671: RuntimeWarning: invalid value encountered in subtract
  diff_b_a = subtract(b, a)
/home/francesco/miniconda3/envs/ndvi/lib/python3.11/site-packages/numpy/lib/_function_base_impl.py:4671: RuntimeWarning: invalid value encountered in subtract
  diff_b_a = subtract(b, a)
/home/francesco/miniconda3/envs/ndvi/lib/python3.11/site-packages/numpy/lib/_function_base_impl.py:4671: RuntimeWarning: invalid value encountered in subtract
  diff_b_a = subtract(b, a)
/home/francesco/miniconda3/envs/ndvi/lib/python3.11/site-packages/numpy/lib/_function_base_impl.py:4671: RuntimeWarning: invalid value encountered in subtract
  diff_b_a = subtract(b, a)
/home/francesco/miniconda3/envs/ndvi/lib/python3.11/site-packages/numpy/lib/_function_base_impl.py:4671: RuntimeWarning: invalid value encountered in subtract
  diff_b_a = subtract(b, a)
/home/francesco/miniconda3/envs/ndvi/lib/python3.11/site-packages/numpy/lib/_function_base_impl.py:4671: RuntimeWarning: invalid value encountered in subtract
  diff_b_a = subtract(b, a)
/home/francesco/miniconda3/envs/ndvi/lib/python3.11/site-packages/numpy/lib/_function_base_impl.py:4671: RuntimeWarning: invalid value encountered in subtract
  diff_b_a = subtract(b, a)
/home/francesco/miniconda3/envs/ndvi/lib/python3.11/site-packages/numpy/lib/_function_base_impl.py:4671: RuntimeWarning: invalid value encountered in subtract
  diff_b_a = subtract(b, a)
/home/francesco/miniconda3/envs/ndvi/lib/python3.11/site-packages/numpy/lib/_function_base_impl.py:4671: RuntimeWarning: invalid value encountered in subtract
  diff_b_a = subtract(b, a)
/home/francesco/miniconda3/envs/ndvi/lib/python3.11/site-packages/numpy/lib/_function_base_impl.py:4671: RuntimeWarning: invalid value encountered in subtract
  diff_b_a = subtract(b, a)
/home/francesco/miniconda3/envs/ndvi/lib/python3.11/site-packages/numpy/lib/_function_base_impl.py:4671: RuntimeWarning: invalid value encountered in subtract
  diff_b_a = subtract(b, a)
/home/francesco/miniconda3/envs/ndvi/lib/python3.11/site-packages/numpy/lib/_function_base_impl.py:4671: RuntimeWarning: invalid value encountered in subtract
  diff_b_a = subtract(b, a)
/home/francesco/miniconda3/envs/ndvi/lib/python3.11/site-packages/numpy/lib/_function_base_impl.py:4671: RuntimeWarning: invalid value encountered in subtract
  diff_b_a = subtract(b, a)
/home/francesco/miniconda3/envs/ndvi/lib/python3.11/site-packages/numpy/lib/_function_base_impl.py:4671: RuntimeWarning: invalid value encountered in subtract
  diff_b_a = subtract(b, a)
/home/francesco/miniconda3/envs/ndvi/lib/python3.11/site-packages/numpy/lib/_function_base_impl.py:4671: RuntimeWarning: invalid value encountered in subtract
  diff_b_a = subtract(b, a)
/home/francesco/miniconda3/envs/ndvi/lib/python3.11/site-packages/numpy/lib/_function_base_impl.py:4671: RuntimeWarning: invalid value encountered in subtract
  diff_b_a = subtract(b, a)
/home/francesco/miniconda3/envs/ndvi/lib/python3.11/site-packages/numpy/lib/_function_base_impl.py:4671: RuntimeWarning: invalid value encountered in subtract
  diff_b_a = subtract(b, a)
/home/francesco/miniconda3/envs/ndvi/lib/python3.11/site-packages/numpy/lib/_function_base_impl.py:4671: RuntimeWarning: invalid value encountered in subtract
  diff_b_a = subtract(b, a)
/home/francesco/miniconda3/envs/ndvi/lib/python3.11/site-packages/numpy/lib/_function_base_impl.py:4671: RuntimeWarning: invalid value encountered in subtract
  diff_b_a = subtract(b, a)
/home/francesco/miniconda3/envs/ndvi/lib/python3.11/site-packages/numpy/lib/_function_base_impl.py:4671: RuntimeWarning: invalid value encountered in subtract
  diff_b_a = subtract(b, a)
/home/francesco/miniconda3/envs/ndvi/lib/python3.11/site-packages/numpy/lib/_function_base_impl.py:4671: RuntimeWarning: invalid value encountered in subtract
  diff_b_a = subtract(b, a)
/home/francesco/miniconda3/envs/ndvi/lib/python3.11/site-packages/numpy/lib/_function_base_impl.py:4671: RuntimeWarning: invalid value encountered in subtract
  diff_b_a = subtract(b, a)
/home/francesco/miniconda3/envs/ndvi/lib/python3.11/site-packages/numpy/lib/_function_base_impl.py:4671: RuntimeWarning: invalid value encountered in subtract
  diff_b_a = subtract(b, a)
/home/francesco/miniconda3/envs/ndvi/lib/python3.11/site-packages/numpy/lib/_function_base_impl.py:4671: RuntimeWarning: invalid value encountered in subtract
  diff_b_a = subtract(b, a)
/home/francesco/miniconda3/envs/ndvi/lib/python3.11/site-packages/numpy/lib/_function_base_impl.py:4671: RuntimeWarning: invalid value encountered in subtract
  diff_b_a = subtract(b, a)
/home/francesco/miniconda3/envs/ndvi/lib/python3.11/site-packages/numpy/lib/_function_base_impl.py:4671: RuntimeWarning: invalid value encountered in subtract
  diff_b_a = subtract(b, a)
/home/francesco/miniconda3/envs/ndvi/lib/python3.11/site-packages/numpy/lib/_function_base_impl.py:4671: RuntimeWarning: invalid value encountered in subtract
  diff_b_a = subtract(b, a)
/home/francesco/miniconda3/envs/ndvi/lib/python3.11/site-packages/numpy/lib/_function_base_impl.py:4671: RuntimeWarning: invalid value encountered in subtract
  diff_b_a = subtract(b, a)
/home/francesco/miniconda3/envs/ndvi/lib/python3.11/site-packages/numpy/lib/_function_base_impl.py:4671: RuntimeWarning: invalid value encountered in subtract
  diff_b_a = subtract(b, a)
/home/francesco/miniconda3/envs/ndvi/lib/python3.11/site-packages/numpy/lib/_function_base_impl.py:4671: RuntimeWarning: invalid value encountered in subtract
  diff_b_a = subtract(b, a)
/home/francesco/miniconda3/envs/ndvi/lib/python3.11/site-packages/numpy/lib/_function_base_impl.py:4671: RuntimeWarning: invalid value encountered in subtract
  diff_b_a = subtract(b, a)
/home/francesco/miniconda3/envs/ndvi/lib/python3.11/site-packages/numpy/lib/_function_base_impl.py:4671: RuntimeWarning: invalid value encountered in subtract
  diff_b_a = subtract(b, a)
/home/francesco/miniconda3/envs/ndvi/lib/python3.11/site-packages/numpy/lib/_function_base_impl.py:4671: RuntimeWarning: invalid value encountered in subtract
  diff_b_a = subtract(b, a)
/home/francesco/miniconda3/envs/ndvi/lib/python3.11/site-packages/numpy/lib/_function_base_impl.py:4671: RuntimeWarning: invalid value encountered in subtract
  diff_b_a = subtract(b, a)
/home/francesco/miniconda3/envs/ndvi/lib/python3.11/site-packages/numpy/lib/_function_base_impl.py:4671: RuntimeWarning: invalid value encountered in subtract
  diff_b_a = subtract(b, a)
/home/francesco/miniconda3/envs/ndvi/lib/python3.11/site-packages/numpy/lib/_function_base_impl.py:4671: RuntimeWarning: invalid value encountered in subtract
  diff_b_a = subtract(b, a)
/home/francesco/miniconda3/envs/ndvi/lib/python3.11/site-packages/numpy/lib/_function_base_impl.py:4671: RuntimeWarning: invalid value encountered in subtract
  diff_b_a = subtract(b, a)
/home/francesco/miniconda3/envs/ndvi/lib/python3.11/site-packages/numpy/lib/_function_base_impl.py:4671: RuntimeWarning: invalid value encountered in subtract
  diff_b_a = subtract(b, a)
/home/francesco/miniconda3/envs/ndvi/lib/python3.11/site-packages/numpy/lib/_function_base_impl.py:4671: RuntimeWarning: invalid value encountered in subtract
  diff_b_a = subtract(b, a)
/home/francesco/miniconda3/envs/ndvi/lib/python3.11/site-packages/numpy/lib/_function_base_impl.py:4671: RuntimeWarning: invalid value encountered in subtract
  diff_b_a = subtract(b, a)
/home/francesco/miniconda3/envs/ndvi/lib/python3.11/site-packages/numpy/lib/_function_base_impl.py:4671: RuntimeWarning: invalid value encountered in subtract
  diff_b_a = subtract(b, a)
/home/francesco/miniconda3/envs/ndvi/lib/python3.11/site-packages/numpy/lib/_function_base_impl.py:4671: RuntimeWarning: invalid value encountered in subtract
  diff_b_a = subtract(b, a)
/home/francesco/miniconda3/envs/ndvi/lib/python3.11/site-packages/numpy/lib/_function_base_impl.py:4671: RuntimeWarning: invalid value encountered in subtract
  diff_b_a = subtract(b, a)
/home/francesco/miniconda3/envs/ndvi/lib/python3.11/site-packages/numpy/lib/_function_base_impl.py:4671: RuntimeWarning: invalid value encountered in subtract
  diff_b_a = subtract(b, a)
/home/francesco/miniconda3/envs/ndvi/lib/python3.11/site-packages/numpy/lib/_function_base_impl.py:4671: RuntimeWarning: invalid value encountered in subtract
  diff_b_a = subtract(b, a)
/home/francesco/miniconda3/envs/ndvi/lib/python3.11/site-packages/numpy/lib/_function_base_impl.py:4671: RuntimeWarning: invalid value encountered in subtract
  diff_b_a = subtract(b, a)
/home/francesco/miniconda3/envs/ndvi/lib/python3.11/site-packages/numpy/lib/_function_base_impl.py:4671: RuntimeWarning: invalid value encountered in subtract
  diff_b_a = subtract(b, a)
/home/francesco/miniconda3/envs/ndvi/lib/python3.11/site-packages/numpy/lib/_function_base_impl.py:4671: RuntimeWarning: invalid value encountered in subtract
  diff_b_a = subtract(b, a)
/home/francesco/miniconda3/envs/ndvi/lib/python3.11/site-packages/numpy/lib/_function_base_impl.py:4671: RuntimeWarning: invalid value encountered in subtract
  diff_b_a = subtract(b, a)
/home/francesco/miniconda3/envs/ndvi/lib/python3.11/site-packages/numpy/lib/_function_base_impl.py:4671: RuntimeWarning: invalid value encountered in subtract
  diff_b_a = subtract(b, a)
/home/francesco/miniconda3/envs/ndvi/lib/python3.11/site-packages/numpy/lib/_function_base_impl.py:4671: RuntimeWarning: invalid value encountered in subtract
  diff_b_a = subtract(b, a)
/home/francesco/miniconda3/envs/ndvi/lib/python3.11/site-packages/numpy/lib/_function_base_impl.py:4671: RuntimeWarning: invalid value encountered in subtract
  diff_b_a = subtract(b, a)
/home/francesco/miniconda3/envs/ndvi/lib/python3.11/site-packages/numpy/lib/_function_base_impl.py:4671: RuntimeWarning: invalid value encountered in subtract
  diff_b_a = subtract(b, a)
/home/francesco/miniconda3/envs/ndvi/lib/python3.11/site-packages/numpy/lib/_function_base_impl.py:4671: RuntimeWarning: invalid value encountered in subtract
  diff_b_a = subtract(b, a)
/home/francesco/miniconda3/envs/ndvi/lib/python3.11/site-packages/numpy/lib/_function_base_impl.py:4671: RuntimeWarning: invalid value encountered in subtract
  diff_b_a = subtract(b, a)
/home/francesco/miniconda3/envs/ndvi/lib/python3.11/site-packages/numpy/lib/_function_base_impl.py:4671: RuntimeWarning: invalid value encountered in subtract
  diff_b_a = subtract(b, a)
/home/francesco/miniconda3/envs/ndvi/lib/python3.11/site-packages/numpy/lib/_function_base_impl.py:4671: RuntimeWarning: invalid value encountered in subtract
  diff_b_a = subtract(b, a)
/home/francesco/miniconda3/envs/ndvi/lib/python3.11/site-packages/numpy/lib/_function_base_impl.py:4671: RuntimeWarning: invalid value encountered in subtract
  diff_b_a = subtract(b, a)
/home/francesco/miniconda3/envs/ndvi/lib/python3.11/site-packages/numpy/lib/_function_base_impl.py:4671: RuntimeWarning: invalid value encountered in subtract
  diff_b_a = subtract(b, a)
/home/francesco/miniconda3/envs/ndvi/lib/python3.11/site-packages/numpy/lib/_function_base_impl.py:4671: RuntimeWarning: invalid value encountered in subtract
  diff_b_a = subtract(b, a)
/home/francesco/miniconda3/envs/ndvi/lib/python3.11/site-packages/numpy/lib/_function_base_impl.py:4671: RuntimeWarning: invalid value encountered in subtract
  diff_b_a = subtract(b, a)
/home/francesco/miniconda3/envs/ndvi/lib/python3.11/site-packages/numpy/lib/_function_base_impl.py:4671: RuntimeWarning: invalid value encountered in subtract
  diff_b_a = subtract(b, a)
/home/francesco/miniconda3/envs/ndvi/lib/python3.11/site-packages/numpy/lib/_function_base_impl.py:4671: RuntimeWarning: invalid value encountered in subtract
  diff_b_a = subtract(b, a)
/home/francesco/miniconda3/envs/ndvi/lib/python3.11/site-packages/numpy/lib/_function_base_impl.py:4671: RuntimeWarning: invalid value encountered in subtract
  diff_b_a = subtract(b, a)
/home/francesco/miniconda3/envs/ndvi/lib/python3.11/site-packages/numpy/lib/_function_base_impl.py:4671: RuntimeWarning: invalid value encountered in subtract
  diff_b_a = subtract(b, a)
/home/francesco/miniconda3/envs/ndvi/lib/python3.11/site-packages/numpy/lib/_function_base_impl.py:4671: RuntimeWarning: invalid value encountered in subtract
  diff_b_a = subtract(b, a)
/home/francesco/miniconda3/envs/ndvi/lib/python3.11/site-packages/numpy/lib/_function_base_impl.py:4671: RuntimeWarning: invalid value encountered in subtract
  diff_b_a = subtract(b, a)
/home/francesco/miniconda3/envs/ndvi/lib/python3.11/site-packages/numpy/lib/_function_base_impl.py:4671: RuntimeWarning: invalid value encountered in subtract
  diff_b_a = subtract(b, a)
/home/francesco/miniconda3/envs/ndvi/lib/python3.11/site-packages/numpy/lib/_function_base_impl.py:4671: RuntimeWarning: invalid value encountered in subtract
  diff_b_a = subtract(b, a)
/home/francesco/miniconda3/envs/ndvi/lib/python3.11/site-packages/numpy/lib/_function_base_impl.py:4671: RuntimeWarning: invalid value encountered in subtract
  diff_b_a = subtract(b, a)
/home/francesco/miniconda3/envs/ndvi/lib/python3.11/site-packages/numpy/lib/_function_base_impl.py:4671: RuntimeWarning: invalid value encountered in subtract
  diff_b_a = subtract(b, a)
/home/francesco/miniconda3/envs/ndvi/lib/python3.11/site-packages/numpy/lib/_function_base_impl.py:4671: RuntimeWarning: invalid value encountered in subtract
  diff_b_a = subtract(b, a)
/home/francesco/miniconda3/envs/ndvi/lib/python3.11/site-packages/numpy/lib/_function_base_impl.py:4671: RuntimeWarning: invalid value encountered in subtract
  diff_b_a = subtract(b, a)
/home/francesco/miniconda3/envs/ndvi/lib/python3.11/site-packages/numpy/lib/_function_base_impl.py:4671: RuntimeWarning: invalid value encountered in subtract
  diff_b_a = subtract(b, a)
/home/francesco/miniconda3/envs/ndvi/lib/python3.11/site-packages/numpy/lib/_function_base_impl.py:4671: RuntimeWarning: invalid value encountered in subtract
  diff_b_a = subtract(b, a)
/home/francesco/miniconda3/envs/ndvi/lib/python3.11/site-packages/numpy/lib/_function_base_impl.py:4671: RuntimeWarning: invalid value encountered in subtract
  diff_b_a = subtract(b, a)
/home/francesco/miniconda3/envs/ndvi/lib/python3.11/site-packages/numpy/lib/_function_base_impl.py:4671: RuntimeWarning: invalid value encountered in subtract
  diff_b_a = subtract(b, a)
/home/francesco/miniconda3/envs/ndvi/lib/python3.11/site-packages/numpy/lib/_function_base_impl.py:4671: RuntimeWarning: invalid value encountered in subtract
  diff_b_a = subtract(b, a)
/home/francesco/miniconda3/envs/ndvi/lib/python3.11/site-packages/numpy/lib/_function_base_impl.py:4671: RuntimeWarning: invalid value encountered in subtract
  diff_b_a = subtract(b, a)
/home/francesco/miniconda3/envs/ndvi/lib/python3.11/site-packages/numpy/lib/_function_base_impl.py:4671: RuntimeWarning: invalid value encountered in subtract
  diff_b_a = subtract(b, a)
/home/francesco/miniconda3/envs/ndvi/lib/python3.11/site-packages/numpy/lib/_function_base_impl.py:4671: RuntimeWarning: invalid value encountered in subtract
  diff_b_a = subtract(b, a)
/home/francesco/miniconda3/envs/ndvi/lib/python3.11/site-packages/numpy/lib/_function_base_impl.py:4671: RuntimeWarning: invalid value encountered in subtract
  diff_b_a = subtract(b, a)
/home/francesco/miniconda3/envs/ndvi/lib/python3.11/site-packages/numpy/lib/_function_base_impl.py:4671: RuntimeWarning: invalid value encountered in subtract
  diff_b_a = subtract(b, a)
/home/francesco/miniconda3/envs/ndvi/lib/python3.11/site-packages/numpy/lib/_function_base_impl.py:4671: RuntimeWarning: invalid value encountered in subtract
  diff_b_a = subtract(b, a)
/home/francesco/miniconda3/envs/ndvi/lib/python3.11/site-packages/numpy/lib/_function_base_impl.py:4671: RuntimeWarning: invalid value encountered in subtract
  diff_b_a = subtract(b, a)
/home/francesco/miniconda3/envs/ndvi/lib/python3.11/site-packages/numpy/lib/_function_base_impl.py:4671: RuntimeWarning: invalid value encountered in subtract
  diff_b_a = subtract(b, a)
/home/francesco/miniconda3/envs/ndvi/lib/python3.11/site-packages/numpy/lib/_function_base_impl.py:4671: RuntimeWarning: invalid value encountered in subtract
  diff_b_a = subtract(b, a)
/home/francesco/miniconda3/envs/ndvi/lib/python3.11/site-packages/numpy/lib/_function_base_impl.py:4671: RuntimeWarning: invalid value encountered in subtract
  diff_b_a = subtract(b, a)
/home/francesco/miniconda3/envs/ndvi/lib/python3.11/site-packages/numpy/lib/_function_base_impl.py:4671: RuntimeWarning: invalid value encountered in subtract
  diff_b_a = subtract(b, a)
/home/francesco/miniconda3/envs/ndvi/lib/python3.11/site-packages/numpy/lib/_function_base_impl.py:4671: RuntimeWarning: invalid value encountered in subtract
  diff_b_a = subtract(b, a)
/home/francesco/miniconda3/envs/ndvi/lib/python3.11/site-packages/numpy/lib/_function_base_impl.py:4671: RuntimeWarning: invalid value encountered in subtract
  diff_b_a = subtract(b, a)
/home/francesco/miniconda3/envs/ndvi/lib/python3.11/site-packages/numpy/lib/_function_base_impl.py:4671: RuntimeWarning: invalid value encountered in subtract
  diff_b_a = subtract(b, a)
/home/francesco/miniconda3/envs/ndvi/lib/python3.11/site-packages/numpy/lib/_function_base_impl.py:4671: RuntimeWarning: invalid value encountered in subtract
  diff_b_a = subtract(b, a)
/home/francesco/miniconda3/envs/ndvi/lib/python3.11/site-packages/numpy/lib/_function_base_impl.py:4671: RuntimeWarning: invalid value encountered in subtract
  diff_b_a = subtract(b, a)
/home/francesco/miniconda3/envs/ndvi/lib/python3.11/site-packages/numpy/lib/_function_base_impl.py:4671: RuntimeWarning: invalid value encountered in subtract
  diff_b_a = subtract(b, a)
/home/francesco/miniconda3/envs/ndvi/lib/python3.11/site-packages/numpy/lib/_function_base_impl.py:4671: RuntimeWarning: invalid value encountered in subtract
  diff_b_a = subtract(b, a)
/home/francesco/miniconda3/envs/ndvi/lib/python3.11/site-packages/numpy/lib/_function_base_impl.py:4671: RuntimeWarning: invalid value encountered in subtract
  diff_b_a = subtract(b, a)
/home/francesco/miniconda3/envs/ndvi/lib/python3.11/site-packages/numpy/lib/_function_base_impl.py:4671: RuntimeWarning: invalid value encountered in subtract
  diff_b_a = subtract(b, a)
/home/francesco/miniconda3/envs/ndvi/lib/python3.11/site-packages/numpy/lib/_function_base_impl.py:4671: RuntimeWarning: invalid value encountered in subtract
  diff_b_a = subtract(b, a)
/home/francesco/miniconda3/envs/ndvi/lib/python3.11/site-packages/numpy/lib/_function_base_impl.py:4671: RuntimeWarning: invalid value encountered in subtract
  diff_b_a = subtract(b, a)
/home/francesco/miniconda3/envs/ndvi/lib/python3.11/site-packages/numpy/lib/_function_base_impl.py:4671: RuntimeWarning: invalid value encountered in subtract
  diff_b_a = subtract(b, a)
/home/francesco/miniconda3/envs/ndvi/lib/python3.11/site-packages/numpy/lib/_function_base_impl.py:4671: RuntimeWarning: invalid value encountered in subtract
  diff_b_a = subtract(b, a)
/home/francesco/miniconda3/envs/ndvi/lib/python3.11/site-packages/numpy/lib/_function_base_impl.py:4671: RuntimeWarning: invalid value encountered in subtract
  diff_b_a = subtract(b, a)
/home/francesco/miniconda3/envs/ndvi/lib/python3.11/site-packages/numpy/lib/_function_base_impl.py:4671: RuntimeWarning: invalid value encountered in subtract
  diff_b_a = subtract(b, a)
/home/francesco/miniconda3/envs/ndvi/lib/python3.11/site-packages/numpy/lib/_function_base_impl.py:4671: RuntimeWarning: invalid value encountered in subtract
  diff_b_a = subtract(b, a)
/home/francesco/miniconda3/envs/ndvi/lib/python3.11/site-packages/numpy/lib/_function_base_impl.py:4671: RuntimeWarning: invalid value encountered in subtract
  diff_b_a = subtract(b, a)
/home/francesco/miniconda3/envs/ndvi/lib/python3.11/site-packages/numpy/lib/_function_base_impl.py:4671: RuntimeWarning: invalid value encountered in subtract
  diff_b_a = subtract(b, a)
/home/francesco/miniconda3/envs/ndvi/lib/python3.11/site-packages/numpy/lib/_function_base_impl.py:4671: RuntimeWarning: invalid value encountered in subtract
  diff_b_a = subtract(b, a)
/home/francesco/miniconda3/envs/ndvi/lib/python3.11/site-packages/numpy/lib/_function_base_impl.py:4671: RuntimeWarning: invalid value encountered in subtract
  diff_b_a = subtract(b, a)
/home/francesco/miniconda3/envs/ndvi/lib/python3.11/site-packages/numpy/lib/_function_base_impl.py:4671: RuntimeWarning: invalid value encountered in subtract
  diff_b_a = subtract(b, a)
/home/francesco/miniconda3/envs/ndvi/lib/python3.11/site-packages/numpy/lib/_function_base_impl.py:4671: RuntimeWarning: invalid value encountered in subtract
  diff_b_a = subtract(b, a)
/home/francesco/miniconda3/envs/ndvi/lib/python3.11/site-packages/numpy/lib/_function_base_impl.py:4671: RuntimeWarning: invalid value encountered in subtract
  diff_b_a = subtract(b, a)
/home/francesco/miniconda3/envs/ndvi/lib/python3.11/site-packages/numpy/lib/_function_base_impl.py:4671: RuntimeWarning: invalid value encountered in subtract
  diff_b_a = subtract(b, a)
/home/francesco/miniconda3/envs/ndvi/lib/python3.11/site-packages/numpy/lib/_function_base_impl.py:4671: RuntimeWarning: invalid value encountered in subtract
  diff_b_a = subtract(b, a)
/home/francesco/miniconda3/envs/ndvi/lib/python3.11/site-packages/numpy/lib/_function_base_impl.py:4671: RuntimeWarning: invalid value encountered in subtract
  diff_b_a = subtract(b, a)
/home/francesco/miniconda3/envs/ndvi/lib/python3.11/site-packages/numpy/lib/_function_base_impl.py:4671: RuntimeWarning: invalid value encountered in subtract
  diff_b_a = subtract(b, a)
/home/francesco/miniconda3/envs/ndvi/lib/python3.11/site-packages/numpy/lib/_function_base_impl.py:4671: RuntimeWarning: invalid value encountered in subtract
  diff_b_a = subtract(b, a)
/home/francesco/miniconda3/envs/ndvi/lib/python3.11/site-packages/numpy/lib/_function_base_impl.py:4671: RuntimeWarning: invalid value encountered in subtract
  diff_b_a = subtract(b, a)
/home/francesco/miniconda3/envs/ndvi/lib/python3.11/site-packages/numpy/lib/_function_base_impl.py:4671: RuntimeWarning: invalid value encountered in subtract
  diff_b_a = subtract(b, a)
/home/francesco/miniconda3/envs/ndvi/lib/python3.11/site-packages/numpy/lib/_function_base_impl.py:4671: RuntimeWarning: invalid value encountered in subtract
  diff_b_a = subtract(b, a)
/home/francesco/miniconda3/envs/ndvi/lib/python3.11/site-packages/numpy/lib/_function_base_impl.py:4671: RuntimeWarning: invalid value encountered in subtract
  diff_b_a = subtract(b, a)
/home/francesco/miniconda3/envs/ndvi/lib/python3.11/site-packages/numpy/lib/_function_base_impl.py:4671: RuntimeWarning: invalid value encountered in subtract
  diff_b_a = subtract(b, a)
/home/francesco/miniconda3/envs/ndvi/lib/python3.11/site-packages/numpy/lib/_function_base_impl.py:4671: RuntimeWarning: invalid value encountered in subtract
  diff_b_a = subtract(b, a)
/home/francesco/miniconda3/envs/ndvi/lib/python3.11/site-packages/numpy/lib/_function_base_impl.py:4671: RuntimeWarning: invalid value encountered in subtract
  diff_b_a = subtract(b, a)
/home/francesco/miniconda3/envs/ndvi/lib/python3.11/site-packages/numpy/lib/_function_base_impl.py:4671: RuntimeWarning: invalid value encountered in subtract
  diff_b_a = subtract(b, a)
/home/francesco/miniconda3/envs/ndvi/lib/python3.11/site-packages/numpy/lib/_function_base_impl.py:4671: RuntimeWarning: invalid value encountered in subtract
  diff_b_a = subtract(b, a)
/home/francesco/miniconda3/envs/ndvi/lib/python3.11/site-packages/numpy/lib/_function_base_impl.py:4671: RuntimeWarning: invalid value encountered in subtract
  diff_b_a = subtract(b, a)
/home/francesco/miniconda3/envs/ndvi/lib/python3.11/site-packages/numpy/lib/_function_base_impl.py:4671: RuntimeWarning: invalid value encountered in subtract
  diff_b_a = subtract(b, a)
/home/francesco/miniconda3/envs/ndvi/lib/python3.11/site-packages/numpy/lib/_function_base_impl.py:4671: RuntimeWarning: invalid value encountered in subtract
  diff_b_a = subtract(b, a)
/home/francesco/miniconda3/envs/ndvi/lib/python3.11/site-packages/numpy/lib/_function_base_impl.py:4671: RuntimeWarning: invalid value encountered in subtract
  diff_b_a = subtract(b, a)
/home/francesco/miniconda3/envs/ndvi/lib/python3.11/site-packages/numpy/lib/_function_base_impl.py:4671: RuntimeWarning: invalid value encountered in subtract
  diff_b_a = subtract(b, a)
/home/francesco/miniconda3/envs/ndvi/lib/python3.11/site-packages/numpy/lib/_function_base_impl.py:4671: RuntimeWarning: invalid value encountered in subtract
  diff_b_a = subtract(b, a)
/home/francesco/miniconda3/envs/ndvi/lib/python3.11/site-packages/numpy/lib/_function_base_impl.py:4671: RuntimeWarning: invalid value encountered in subtract
  diff_b_a = subtract(b, a)
/home/francesco/miniconda3/envs/ndvi/lib/python3.11/site-packages/numpy/lib/_function_base_impl.py:4671: RuntimeWarning: invalid value encountered in subtract
  diff_b_a = subtract(b, a)
/home/francesco/miniconda3/envs/ndvi/lib/python3.11/site-packages/numpy/lib/_function_base_impl.py:4671: RuntimeWarning: invalid value encountered in subtract
  diff_b_a = subtract(b, a)
/home/francesco/miniconda3/envs/ndvi/lib/python3.11/site-packages/numpy/lib/_function_base_impl.py:4671: RuntimeWarning: invalid value encountered in subtract
  diff_b_a = subtract(b, a)
/home/francesco/miniconda3/envs/ndvi/lib/python3.11/site-packages/numpy/lib/_function_base_impl.py:4671: RuntimeWarning: invalid value encountered in subtract
  diff_b_a = subtract(b, a)
/home/francesco/miniconda3/envs/ndvi/lib/python3.11/site-packages/numpy/lib/_function_base_impl.py:4671: RuntimeWarning: invalid value encountered in subtract
  diff_b_a = subtract(b, a)
/home/francesco/miniconda3/envs/ndvi/lib/python3.11/site-packages/numpy/lib/_function_base_impl.py:4671: RuntimeWarning: invalid value encountered in subtract
  diff_b_a = subtract(b, a)
/home/francesco/miniconda3/envs/ndvi/lib/python3.11/site-packages/numpy/lib/_function_base_impl.py:4671: RuntimeWarning: invalid value encountered in subtract
  diff_b_a = subtract(b, a)
/home/francesco/miniconda3/envs/ndvi/lib/python3.11/site-packages/numpy/lib/_function_base_impl.py:4671: RuntimeWarning: invalid value encountered in subtract
  diff_b_a = subtract(b, a)
/home/francesco/miniconda3/envs/ndvi/lib/python3.11/site-packages/numpy/lib/_function_base_impl.py:4671: RuntimeWarning: invalid value encountered in subtract
  diff_b_a = subtract(b, a)
/home/francesco/miniconda3/envs/ndvi/lib/python3.11/site-packages/numpy/lib/_function_base_impl.py:4671: RuntimeWarning: invalid value encountered in subtract
  diff_b_a = subtract(b, a)
/home/francesco/miniconda3/envs/ndvi/lib/python3.11/site-packages/numpy/lib/_function_base_impl.py:4671: RuntimeWarning: invalid value encountered in subtract
  diff_b_a = subtract(b, a)
/home/francesco/miniconda3/envs/ndvi/lib/python3.11/site-packages/numpy/lib/_function_base_impl.py:4671: RuntimeWarning: invalid value encountered in subtract
  diff_b_a = subtract(b, a)
/home/francesco/miniconda3/envs/ndvi/lib/python3.11/site-packages/numpy/lib/_function_base_impl.py:4671: RuntimeWarning: invalid value encountered in subtract
  diff_b_a = subtract(b, a)
/home/francesco/miniconda3/envs/ndvi/lib/python3.11/site-packages/numpy/lib/_function_base_impl.py:4671: RuntimeWarning: invalid value encountered in subtract
  diff_b_a = subtract(b, a)
/home/francesco/miniconda3/envs/ndvi/lib/python3.11/site-packages/numpy/lib/_function_base_impl.py:4671: RuntimeWarning: invalid value encountered in subtract
  diff_b_a = subtract(b, a)
/home/francesco/miniconda3/envs/ndvi/lib/python3.11/site-packages/numpy/lib/_function_base_impl.py:4671: RuntimeWarning: invalid value encountered in subtract
  diff_b_a = subtract(b, a)
/home/francesco/miniconda3/envs/ndvi/lib/python3.11/site-packages/numpy/lib/_function_base_impl.py:4671: RuntimeWarning: invalid value encountered in subtract
  diff_b_a = subtract(b, a)
/home/francesco/miniconda3/envs/ndvi/lib/python3.11/site-packages/numpy/lib/_function_base_impl.py:4671: RuntimeWarning: invalid value encountered in subtract
  diff_b_a = subtract(b, a)
/home/francesco/miniconda3/envs/ndvi/lib/python3.11/site-packages/numpy/lib/_function_base_impl.py:4671: RuntimeWarning: invalid value encountered in subtract
  diff_b_a = subtract(b, a)
/home/francesco/miniconda3/envs/ndvi/lib/python3.11/site-packages/numpy/lib/_function_base_impl.py:4671: RuntimeWarning: invalid value encountered in subtract
  diff_b_a = subtract(b, a)
/home/francesco/miniconda3/envs/ndvi/lib/python3.11/site-packages/numpy/lib/_function_base_impl.py:4671: RuntimeWarning: invalid value encountered in subtract
  diff_b_a = subtract(b, a)
/home/francesco/miniconda3/envs/ndvi/lib/python3.11/site-packages/numpy/lib/_function_base_impl.py:4671: RuntimeWarning: invalid value encountered in subtract
  diff_b_a = subtract(b, a)
/home/francesco/miniconda3/envs/ndvi/lib/python3.11/site-packages/numpy/lib/_function_base_impl.py:4671: RuntimeWarning: invalid value encountered in subtract
  diff_b_a = subtract(b, a)
/home/francesco/miniconda3/envs/ndvi/lib/python3.11/site-packages/numpy/lib/_function_base_impl.py:4671: RuntimeWarning: invalid value encountered in subtract
  diff_b_a = subtract(b, a)
/home/francesco/miniconda3/envs/ndvi/lib/python3.11/site-packages/numpy/lib/_function_base_impl.py:4671: RuntimeWarning: invalid value encountered in subtract
  diff_b_a = subtract(b, a)
/home/francesco/miniconda3/envs/ndvi/lib/python3.11/site-packages/numpy/lib/_function_base_impl.py:4671: RuntimeWarning: invalid value encountered in subtract
  diff_b_a = subtract(b, a)
/home/francesco/miniconda3/envs/ndvi/lib/python3.11/site-packages/numpy/lib/_function_base_impl.py:4671: RuntimeWarning: invalid value encountered in subtract
  diff_b_a = subtract(b, a)
/home/francesco/miniconda3/envs/ndvi/lib/python3.11/site-packages/numpy/lib/_function_base_impl.py:4671: RuntimeWarning: invalid value encountered in subtract
  diff_b_a = subtract(b, a)
/home/francesco/miniconda3/envs/ndvi/lib/python3.11/site-packages/numpy/lib/_function_base_impl.py:4671: RuntimeWarning: invalid value encountered in subtract
  diff_b_a = subtract(b, a)
/home/francesco/miniconda3/envs/ndvi/lib/python3.11/site-packages/numpy/lib/_function_base_impl.py:4671: RuntimeWarning: invalid value encountered in subtract
  diff_b_a = subtract(b, a)
/home/francesco/miniconda3/envs/ndvi/lib/python3.11/site-packages/numpy/lib/_function_base_impl.py:4671: RuntimeWarning: invalid value encountered in subtract
  diff_b_a = subtract(b, a)
/home/francesco/miniconda3/envs/ndvi/lib/python3.11/site-packages/numpy/lib/_function_base_impl.py:4671: RuntimeWarning: invalid value encountered in subtract
  diff_b_a = subtract(b, a)
/home/francesco/miniconda3/envs/ndvi/lib/python3.11/site-packages/numpy/lib/_function_base_impl.py:4671: RuntimeWarning: invalid value encountered in subtract
  diff_b_a = subtract(b, a)
/home/francesco/miniconda3/envs/ndvi/lib/python3.11/site-packages/numpy/lib/_function_base_impl.py:4671: RuntimeWarning: invalid value encountered in subtract
  diff_b_a = subtract(b, a)
/home/francesco/miniconda3/envs/ndvi/lib/python3.11/site-packages/numpy/lib/_function_base_impl.py:4671: RuntimeWarning: invalid value encountered in subtract
  diff_b_a = subtract(b, a)
/home/francesco/miniconda3/envs/ndvi/lib/python3.11/site-packages/numpy/lib/_function_base_impl.py:4671: RuntimeWarning: invalid value encountered in subtract
  diff_b_a = subtract(b, a)
/home/francesco/miniconda3/envs/ndvi/lib/python3.11/site-packages/numpy/lib/_function_base_impl.py:4671: RuntimeWarning: invalid value encountered in subtract
  diff_b_a = subtract(b, a)
/home/francesco/miniconda3/envs/ndvi/lib/python3.11/site-packages/numpy/lib/_function_base_impl.py:4671: RuntimeWarning: invalid value encountered in subtract
  diff_b_a = subtract(b, a)
/home/francesco/miniconda3/envs/ndvi/lib/python3.11/site-packages/numpy/lib/_function_base_impl.py:4671: RuntimeWarning: invalid value encountered in subtract
  diff_b_a = subtract(b, a)
/home/francesco/miniconda3/envs/ndvi/lib/python3.11/site-packages/numpy/lib/_function_base_impl.py:4671: RuntimeWarning: invalid value encountered in subtract
  diff_b_a = subtract(b, a)
/home/francesco/miniconda3/envs/ndvi/lib/python3.11/site-packages/numpy/lib/_function_base_impl.py:4671: RuntimeWarning: invalid value encountered in subtract
  diff_b_a = subtract(b, a)
/home/francesco/miniconda3/envs/ndvi/lib/python3.11/site-packages/numpy/lib/_function_base_impl.py:4671: RuntimeWarning: invalid value encountered in subtract
  diff_b_a = subtract(b, a)
/home/francesco/miniconda3/envs/ndvi/lib/python3.11/site-packages/numpy/lib/_function_base_impl.py:4671: RuntimeWarning: invalid value encountered in subtract
  diff_b_a = subtract(b, a)
/home/francesco/miniconda3/envs/ndvi/lib/python3.11/site-packages/numpy/lib/_function_base_impl.py:4671: RuntimeWarning: invalid value encountered in subtract
  diff_b_a = subtract(b, a)
/home/francesco/miniconda3/envs/ndvi/lib/python3.11/site-packages/numpy/lib/_function_base_impl.py:4671: RuntimeWarning: invalid value encountered in subtract
  diff_b_a = subtract(b, a)
/home/francesco/miniconda3/envs/ndvi/lib/python3.11/site-packages/numpy/lib/_function_base_impl.py:4671: RuntimeWarning: invalid value encountered in subtract
  diff_b_a = subtract(b, a)
/home/francesco/miniconda3/envs/ndvi/lib/python3.11/site-packages/numpy/lib/_function_base_impl.py:4671: RuntimeWarning: invalid value encountered in subtract
  diff_b_a = subtract(b, a)
/home/francesco/miniconda3/envs/ndvi/lib/python3.11/site-packages/numpy/lib/_function_base_impl.py:4671: RuntimeWarning: invalid value encountered in subtract
  diff_b_a = subtract(b, a)
/home/francesco/miniconda3/envs/ndvi/lib/python3.11/site-packages/numpy/lib/_function_base_impl.py:4671: RuntimeWarning: invalid value encountered in subtract
  diff_b_a = subtract(b, a)
/home/francesco/miniconda3/envs/ndvi/lib/python3.11/site-packages/numpy/lib/_function_base_impl.py:4671: RuntimeWarning: invalid value encountered in subtract
  diff_b_a = subtract(b, a)
/home/francesco/miniconda3/envs/ndvi/lib/python3.11/site-packages/numpy/lib/_function_base_impl.py:4671: RuntimeWarning: invalid value encountered in subtract
  diff_b_a = subtract(b, a)
/home/francesco/miniconda3/envs/ndvi/lib/python3.11/site-packages/numpy/lib/_function_base_impl.py:4671: RuntimeWarning: invalid value encountered in subtract
  diff_b_a = subtract(b, a)
/home/francesco/miniconda3/envs/ndvi/lib/python3.11/site-packages/numpy/lib/_function_base_impl.py:4671: RuntimeWarning: invalid value encountered in subtract
  diff_b_a = subtract(b, a)
/home/francesco/miniconda3/envs/ndvi/lib/python3.11/site-packages/numpy/lib/_function_base_impl.py:4671: RuntimeWarning: invalid value encountered in subtract
  diff_b_a = subtract(b, a)
/home/francesco/miniconda3/envs/ndvi/lib/python3.11/site-packages/numpy/lib/_function_base_impl.py:4671: RuntimeWarning: invalid value encountered in subtract
  diff_b_a = subtract(b, a)
/home/francesco/miniconda3/envs/ndvi/lib/python3.11/site-packages/numpy/lib/_function_base_impl.py:4671: RuntimeWarning: invalid value encountered in subtract
  diff_b_a = subtract(b, a)
/home/francesco/miniconda3/envs/ndvi/lib/python3.11/site-packages/numpy/lib/_function_base_impl.py:4671: RuntimeWarning: invalid value encountered in subtract
  diff_b_a = subtract(b, a)
/home/francesco/miniconda3/envs/ndvi/lib/python3.11/site-packages/numpy/lib/_function_base_impl.py:4671: RuntimeWarning: invalid value encountered in subtract
  diff_b_a = subtract(b, a)
/home/francesco/miniconda3/envs/ndvi/lib/python3.11/site-packages/numpy/lib/_function_base_impl.py:4671: RuntimeWarning: invalid value encountered in subtract
  diff_b_a = subtract(b, a)
/home/francesco/miniconda3/envs/ndvi/lib/python3.11/site-packages/numpy/lib/_function_base_impl.py:4671: RuntimeWarning: invalid value encountered in subtract
  diff_b_a = subtract(b, a)
/home/francesco/miniconda3/envs/ndvi/lib/python3.11/site-packages/numpy/lib/_function_base_impl.py:4671: RuntimeWarning: invalid value encountered in subtract
  diff_b_a = subtract(b, a)
/home/francesco/miniconda3/envs/ndvi/lib/python3.11/site-packages/numpy/lib/_function_base_impl.py:4671: RuntimeWarning: invalid value encountered in subtract
  diff_b_a = subtract(b, a)
/home/francesco/miniconda3/envs/ndvi/lib/python3.11/site-packages/numpy/lib/_function_base_impl.py:4671: RuntimeWarning: invalid value encountered in subtract
  diff_b_a = subtract(b, a)
/home/francesco/miniconda3/envs/ndvi/lib/python3.11/site-packages/numpy/lib/_function_base_impl.py:4671: RuntimeWarning: invalid value encountered in subtract
  diff_b_a = subtract(b, a)
/home/francesco/miniconda3/envs/ndvi/lib/python3.11/site-packages/numpy/lib/_function_base_impl.py:4671: RuntimeWarning: invalid value encountered in subtract
  diff_b_a = subtract(b, a)
/home/francesco/miniconda3/envs/ndvi/lib/python3.11/site-packages/numpy/lib/_function_base_impl.py:4671: RuntimeWarning: invalid value encountered in subtract
  diff_b_a = subtract(b, a)
/home/francesco/miniconda3/envs/ndvi/lib/python3.11/site-packages/numpy/lib/_function_base_impl.py:4671: RuntimeWarning: invalid value encountered in subtract
  diff_b_a = subtract(b, a)
/home/francesco/miniconda3/envs/ndvi/lib/python3.11/site-packages/numpy/lib/_function_base_impl.py:4671: RuntimeWarning: invalid value encountered in subtract
  diff_b_a = subtract(b, a)
/home/francesco/miniconda3/envs/ndvi/lib/python3.11/site-packages/numpy/lib/_function_base_impl.py:4671: RuntimeWarning: invalid value encountered in subtract
  diff_b_a = subtract(b, a)
/home/francesco/miniconda3/envs/ndvi/lib/python3.11/site-packages/numpy/lib/_function_base_impl.py:4671: RuntimeWarning: invalid value encountered in subtract
  diff_b_a = subtract(b, a)
/home/francesco/miniconda3/envs/ndvi/lib/python3.11/site-packages/numpy/lib/_function_base_impl.py:4671: RuntimeWarning: invalid value encountered in subtract
  diff_b_a = subtract(b, a)
/home/francesco/miniconda3/envs/ndvi/lib/python3.11/site-packages/numpy/lib/_function_base_impl.py:4671: RuntimeWarning: invalid value encountered in subtract
  diff_b_a = subtract(b, a)
/home/francesco/miniconda3/envs/ndvi/lib/python3.11/site-packages/numpy/lib/_function_base_impl.py:4671: RuntimeWarning: invalid value encountered in subtract
  diff_b_a = subtract(b, a)
/home/francesco/miniconda3/envs/ndvi/lib/python3.11/site-packages/numpy/lib/_function_base_impl.py:4671: RuntimeWarning: invalid value encountered in subtract
  diff_b_a = subtract(b, a)
/home/francesco/miniconda3/envs/ndvi/lib/python3.11/site-packages/numpy/lib/_function_base_impl.py:4671: RuntimeWarning: invalid value encountered in subtract
  diff_b_a = subtract(b, a)
/home/francesco/miniconda3/envs/ndvi/lib/python3.11/site-packages/numpy/lib/_function_base_impl.py:4671: RuntimeWarning: invalid value encountered in subtract
  diff_b_a = subtract(b, a)
/home/francesco/miniconda3/envs/ndvi/lib/python3.11/site-packages/numpy/lib/_function_base_impl.py:4671: RuntimeWarning: invalid value encountered in subtract
  diff_b_a = subtract(b, a)
/home/francesco/miniconda3/envs/ndvi/lib/python3.11/site-packages/numpy/lib/_function_base_impl.py:4671: RuntimeWarning: invalid value encountered in subtract
  diff_b_a = subtract(b, a)
/home/francesco/miniconda3/envs/ndvi/lib/python3.11/site-packages/numpy/lib/_function_base_impl.py:4671: RuntimeWarning: invalid value encountered in subtract
  diff_b_a = subtract(b, a)
/home/francesco/miniconda3/envs/ndvi/lib/python3.11/site-packages/numpy/lib/_function_base_impl.py:4671: RuntimeWarning: invalid value encountered in subtract
  diff_b_a = subtract(b, a)
/home/francesco/miniconda3/envs/ndvi/lib/python3.11/site-packages/numpy/lib/_function_base_impl.py:4671: RuntimeWarning: invalid value encountered in subtract
  diff_b_a = subtract(b, a)
/home/francesco/miniconda3/envs/ndvi/lib/python3.11/site-packages/numpy/lib/_function_base_impl.py:4671: RuntimeWarning: invalid value encountered in subtract
  diff_b_a = subtract(b, a)
/home/francesco/miniconda3/envs/ndvi/lib/python3.11/site-packages/numpy/lib/_function_base_impl.py:4671: RuntimeWarning: invalid value encountered in subtract
  diff_b_a = subtract(b, a)
/home/francesco/miniconda3/envs/ndvi/lib/python3.11/site-packages/numpy/lib/_function_base_impl.py:4671: RuntimeWarning: invalid value encountered in subtract
  diff_b_a = subtract(b, a)
/home/francesco/miniconda3/envs/ndvi/lib/python3.11/site-packages/numpy/lib/_function_base_impl.py:4671: RuntimeWarning: invalid value encountered in subtract
  diff_b_a = subtract(b, a)
/home/francesco/miniconda3/envs/ndvi/lib/python3.11/site-packages/numpy/lib/_function_base_impl.py:4671: RuntimeWarning: invalid value encountered in subtract
  diff_b_a = subtract(b, a)
/home/francesco/miniconda3/envs/ndvi/lib/python3.11/site-packages/numpy/lib/_function_base_impl.py:4671: RuntimeWarning: invalid value encountered in subtract
  diff_b_a = subtract(b, a)
/home/francesco/miniconda3/envs/ndvi/lib/python3.11/site-packages/numpy/lib/_function_base_impl.py:4671: RuntimeWarning: invalid value encountered in subtract
  diff_b_a = subtract(b, a)
/home/francesco/miniconda3/envs/ndvi/lib/python3.11/site-packages/numpy/lib/_function_base_impl.py:4671: RuntimeWarning: invalid value encountered in subtract
  diff_b_a = subtract(b, a)
/home/francesco/miniconda3/envs/ndvi/lib/python3.11/site-packages/numpy/lib/_function_base_impl.py:4671: RuntimeWarning: invalid value encountered in subtract
  diff_b_a = subtract(b, a)
/home/francesco/miniconda3/envs/ndvi/lib/python3.11/site-packages/numpy/lib/_function_base_impl.py:4671: RuntimeWarning: invalid value encountered in subtract
  diff_b_a = subtract(b, a)
/home/francesco/miniconda3/envs/ndvi/lib/python3.11/site-packages/numpy/lib/_function_base_impl.py:4671: RuntimeWarning: invalid value encountered in subtract
  diff_b_a = subtract(b, a)
/home/francesco/miniconda3/envs/ndvi/lib/python3.11/site-packages/numpy/lib/_function_base_impl.py:4671: RuntimeWarning: invalid value encountered in subtract
  diff_b_a = subtract(b, a)
/home/francesco/miniconda3/envs/ndvi/lib/python3.11/site-packages/numpy/lib/_function_base_impl.py:4671: RuntimeWarning: invalid value encountered in subtract
  diff_b_a = subtract(b, a)
/home/francesco/miniconda3/envs/ndvi/lib/python3.11/site-packages/numpy/lib/_function_base_impl.py:4671: RuntimeWarning: invalid value encountered in subtract
  diff_b_a = subtract(b, a)
/home/francesco/miniconda3/envs/ndvi/lib/python3.11/site-packages/numpy/lib/_function_base_impl.py:4671: RuntimeWarning: invalid value encountered in subtract
  diff_b_a = subtract(b, a)
/home/francesco/miniconda3/envs/ndvi/lib/python3.11/site-packages/numpy/lib/_function_base_impl.py:4671: RuntimeWarning: invalid value encountered in subtract
  diff_b_a = subtract(b, a)
/home/francesco/miniconda3/envs/ndvi/lib/python3.11/site-packages/numpy/lib/_function_base_impl.py:4671: RuntimeWarning: invalid value encountered in subtract
  diff_b_a = subtract(b, a)
/home/francesco/miniconda3/envs/ndvi/lib/python3.11/site-packages/numpy/lib/_function_base_impl.py:4671: RuntimeWarning: invalid value encountered in subtract
  diff_b_a = subtract(b, a)
/home/francesco/miniconda3/envs/ndvi/lib/python3.11/site-packages/numpy/lib/_function_base_impl.py:4671: RuntimeWarning: invalid value encountered in subtract
  diff_b_a = subtract(b, a)
/home/francesco/miniconda3/envs/ndvi/lib/python3.11/site-packages/numpy/lib/_function_base_impl.py:4671: RuntimeWarning: invalid value encountered in subtract
  diff_b_a = subtract(b, a)
/home/francesco/miniconda3/envs/ndvi/lib/python3.11/site-packages/numpy/lib/_function_base_impl.py:4671: RuntimeWarning: invalid value encountered in subtract
  diff_b_a = subtract(b, a)
/home/francesco/miniconda3/envs/ndvi/lib/python3.11/site-packages/numpy/lib/_function_base_impl.py:4671: RuntimeWarning: invalid value encountered in subtract
  diff_b_a = subtract(b, a)
/home/francesco/miniconda3/envs/ndvi/lib/python3.11/site-packages/numpy/lib/_function_base_impl.py:4671: RuntimeWarning: invalid value encountered in subtract
  diff_b_a = subtract(b, a)
/home/francesco/miniconda3/envs/ndvi/lib/python3.11/site-packages/numpy/lib/_function_base_impl.py:4671: RuntimeWarning: invalid value encountered in subtract
  diff_b_a = subtract(b, a)
/home/francesco/miniconda3/envs/ndvi/lib/python3.11/site-packages/numpy/lib/_function_base_impl.py:4671: RuntimeWarning: invalid value encountered in subtract
  diff_b_a = subtract(b, a)
/home/francesco/miniconda3/envs/ndvi/lib/python3.11/site-packages/numpy/lib/_function_base_impl.py:4671: RuntimeWarning: invalid value encountered in subtract
  diff_b_a = subtract(b, a)
/home/francesco/miniconda3/envs/ndvi/lib/python3.11/site-packages/numpy/lib/_function_base_impl.py:4671: RuntimeWarning: invalid value encountered in subtract
  diff_b_a = subtract(b, a)
/home/francesco/miniconda3/envs/ndvi/lib/python3.11/site-packages/numpy/lib/_function_base_impl.py:4671: RuntimeWarning: invalid value encountered in subtract
  diff_b_a = subtract(b, a)
/home/francesco/miniconda3/envs/ndvi/lib/python3.11/site-packages/numpy/lib/_function_base_impl.py:4671: RuntimeWarning: invalid value encountered in subtract
  diff_b_a = subtract(b, a)
/home/francesco/miniconda3/envs/ndvi/lib/python3.11/site-packages/numpy/lib/_function_base_impl.py:4671: RuntimeWarning: invalid value encountered in subtract
  diff_b_a = subtract(b, a)
/home/francesco/miniconda3/envs/ndvi/lib/python3.11/site-packages/numpy/lib/_function_base_impl.py:4671: RuntimeWarning: invalid value encountered in subtract
  diff_b_a = subtract(b, a)
/home/francesco/miniconda3/envs/ndvi/lib/python3.11/site-packages/numpy/lib/_function_base_impl.py:4671: RuntimeWarning: invalid value encountered in subtract
  diff_b_a = subtract(b, a)
/home/francesco/miniconda3/envs/ndvi/lib/python3.11/site-packages/numpy/lib/_function_base_impl.py:4671: RuntimeWarning: invalid value encountered in subtract
  diff_b_a = subtract(b, a)
/home/francesco/miniconda3/envs/ndvi/lib/python3.11/site-packages/numpy/lib/_function_base_impl.py:4671: RuntimeWarning: invalid value encountered in subtract
  diff_b_a = subtract(b, a)
/home/francesco/miniconda3/envs/ndvi/lib/python3.11/site-packages/numpy/lib/_function_base_impl.py:4671: RuntimeWarning: invalid value encountered in subtract
  diff_b_a = subtract(b, a)
/home/francesco/miniconda3/envs/ndvi/lib/python3.11/site-packages/numpy/lib/_function_base_impl.py:4671: RuntimeWarning: invalid value encountered in subtract
  diff_b_a = subtract(b, a)
/home/francesco/miniconda3/envs/ndvi/lib/python3.11/site-packages/numpy/lib/_function_base_impl.py:4671: RuntimeWarning: invalid value encountered in subtract
  diff_b_a = subtract(b, a)
/home/francesco/miniconda3/envs/ndvi/lib/python3.11/site-packages/numpy/lib/_function_base_impl.py:4671: RuntimeWarning: invalid value encountered in subtract
  diff_b_a = subtract(b, a)
Gapfilling pixel 1500/7543
Gapfilling pixel 2000/7543
Gapfilling pixel 2500/7543
Gapfilling pixel 3000/7543
Gapfilling pixel 3500/7543
Gapfilling pixel 4000/7543
Gapfilling pixel 4500/7543
Gapfilling pixel 5000/7543
Gapfilling pixel 5500/7543
Gapfilling pixel 6000/7543
Gapfilling pixel 6500/7543
Gapfilling pixel 7000/7543
Gapfilling pixel 7500/7543
finished gapfilling
Step: 0 / 2649
Step: 50 / 2649
Step: 100 / 2649
Step: 150 / 2649
Step: 200 / 2649
Step: 250 / 2649
Step: 300 / 2649
Step: 350 / 2649
Step: 400 / 2649
Step: 450 / 2649
Step: 500 / 2649
Step: 550 / 2649
Step: 600 / 2649
Step: 650 / 2649
Step: 700 / 2649
Step: 750 / 2649
Step: 800 / 2649
Step: 850 / 2649
Step: 900 / 2649
Step: 950 / 2649
Step: 1000 / 2649
Step: 1050 / 2649
Step: 1100 / 2649
Step: 1150 / 2649
Step: 1200 / 2649
Step: 1250 / 2649
Step: 1300 / 2649
Step: 1350 / 2649
Step: 1400 / 2649
Step: 1450 / 2649
Step: 1500 / 2649
Step: 1550 / 2649
Step: 1600 / 2649
Step: 1650 / 2649
Step: 1700 / 2649
Step: 1750 / 2649
Step: 1800 / 2649
Step: 1850 / 2649
Step: 1900 / 2649
Step: 1950 / 2649
Step: 2000 / 2649
Step: 2050 / 2649
Step: 2100 / 2649
Step: 2150 / 2649
Step: 2200 / 2649
Step: 2250 / 2649
Step: 2300 / 2649
Step: 2350 / 2649
Step: 2400 / 2649
Step: 2450 / 2649
Step: 2500 / 2649
Step: 2550 / 2649
Step: 2600 / 2649
done
