/home/francesco/miniconda3/envs/ndvi/lib/python3.11/site-packages/zarr/codecs/vlen_utf8.py:44: UserWarning: The codec `vlen-utf8` is currently not part in the Zarr format 3 specification. It may not be supported by other zarr implementations and may change in the future.
  return cls(**configuration_parsed)
Window cols 30694..30794 (101), rows 12705..12805 (101)
Mask has 105715396 True pixels.
Pixels in window: 10201, masked pixels: 6024
Mask has 105715396 True pixels.
Pixels in window: 10201, masked pixels: 6024
Window extent: (2781030.0, 2782040.0, 1182470.0, 1183480.0)
win_rows, win_cols: 101 101
Masked pixels in window: 6024
Gapfilling pixel 0/6024
Gapfilling pixel 500/6024
Gapfilling pixel 1000/6024
Gapfilling pixel 1500/6024
Gapfilling pixel 2000/6024
Gapfilling pixel 2500/6024
Gapfilling pixel 3000/6024
Gapfilling pixel 3500/6024
Gapfilling pixel 4000/6024
Gapfilling pixel 4500/6024
Gapfilling pixel 5000/6024
Gapfilling pixel 5500/6024
Gapfilling pixel 6000/6024
finished gapfilling
Step: 0 / 2649
Multiple -pix_fmt options specified for stream 0, only the last option '-pix_fmt yuv420p' will be used.
Step: 50 / 2649
Step: 100 / 2649
Step: 150 / 2649
Step: 200 / 2649
Step: 250 / 2649
Step: 300 / 2649
Step: 350 / 2649
Step: 400 / 2649
Step: 450 / 2649
Step: 500 / 2649
Step: 550 / 2649
Step: 600 / 2649
Step: 650 / 2649
Step: 700 / 2649
Step: 750 / 2649
Step: 800 / 2649
Step: 850 / 2649
Step: 900 / 2649
Step: 950 / 2649
Step: 1000 / 2649
Step: 1050 / 2649
Step: 1100 / 2649
Step: 1150 / 2649
Step: 1200 / 2649
Step: 1250 / 2649
Step: 1300 / 2649
Step: 1350 / 2649
Step: 1400 / 2649
Step: 1450 / 2649
Step: 1500 / 2649
Step: 1550 / 2649
Step: 1600 / 2649
Step: 1650 / 2649
Step: 1700 / 2649
Step: 1750 / 2649
Step: 1800 / 2649
Step: 1850 / 2649
Step: 1900 / 2649
Step: 1950 / 2649
Step: 2000 / 2649
Step: 2050 / 2649
Step: 2100 / 2649
Step: 2150 / 2649
Step: 2200 / 2649
Step: 2250 / 2649
Step: 2300 / 2649
Step: 2350 / 2649
Step: 2400 / 2649
Step: 2450 / 2649
Step: 2500 / 2649
Step: 2550 / 2649
Step: 2600 / 2649
done
