/home/francesco/miniconda3/envs/ndvi/lib/python3.11/site-packages/zarr/codecs/vlen_utf8.py:99: UserWarning: The codec `vlen-bytes` is currently not part in the Zarr format 3 specification. It may not be supported by other zarr implementations and may change in the future.
  return cls(**configuration_parsed)
/home/francesco/miniconda3/envs/ndvi/lib/python3.11/site-packages/zarr/codecs/vlen_utf8.py:99: UserWarning: The codec `vlen-bytes` is currently not part in the Zarr format 3 specification. It may not be supported by other zarr implementations and may change in the future.
  return cls(**configuration_parsed)
Processing day 1/3073 -> 2017-04-03
Traceback (most recent call last):
  File "/home/francesco/data_scratch/swiss-ndvi-processing/workflow_implementation/03_test_with_df.py", line 617, in <module>
    last_dates_zarr[6, pixel] = ld_bytes
    ~~~~~~~~~~~~~~~^^^^^^^^^^
  File "/home/francesco/miniconda3/envs/ndvi/lib/python3.11/site-packages/zarr/core/array.py", line 2526, in __setitem__
    self.set_basic_selection(cast(BasicSelection, pure_selection), value, fields=fields)
  File "/home/francesco/miniconda3/envs/ndvi/lib/python3.11/site-packages/zarr/_compat.py", line 43, in inner_f
    return f(*args, **kwargs)
           ^^^^^^^^^^^^^^^^^^
  File "/home/francesco/miniconda3/envs/ndvi/lib/python3.11/site-packages/zarr/core/array.py", line 2746, in set_basic_selection
    sync(self._async_array._set_selection(indexer, value, fields=fields, prototype=prototype))
  File "/home/francesco/miniconda3/envs/ndvi/lib/python3.11/site-packages/zarr/core/sync.py", line 163, in sync
    raise return_result
  File "/home/francesco/miniconda3/envs/ndvi/lib/python3.11/site-packages/zarr/core/sync.py", line 119, in _runner
    return await coro
           ^^^^^^^^^^
  File "/home/francesco/miniconda3/envs/ndvi/lib/python3.11/site-packages/zarr/core/array.py", line 1415, in _set_selection
    await self.codec_pipeline.write(
  File "/home/francesco/miniconda3/envs/ndvi/lib/python3.11/site-packages/zarr/core/codec_pipeline.py", line 479, in write
    await concurrent_map(
  File "/home/francesco/miniconda3/envs/ndvi/lib/python3.11/site-packages/zarr/core/common.py", line 68, in concurrent_map
    return await asyncio.gather(*[asyncio.ensure_future(run(item)) for item in items])
           ^^^^^^^^^^^^^^^^^^^^^^^^^^^^^^^^^^^^^^^^^^^^^^^^^^^^^^^^^^^^^^^^^^^^^^^^^^^
  File "/home/francesco/miniconda3/envs/ndvi/lib/python3.11/site-packages/zarr/core/common.py", line 66, in run
    return await func(*item)
           ^^^^^^^^^^^^^^^^^
  File "/home/francesco/miniconda3/envs/ndvi/lib/python3.11/site-packages/zarr/core/codec_pipeline.py", line 414, in write_batch
    chunk_bytes_batch = await self.encode_batch(
                        ^^^^^^^^^^^^^^^^^^^^^^^^
  File "/home/francesco/miniconda3/envs/ndvi/lib/python3.11/site-packages/zarr/core/codec_pipeline.py", line 223, in encode_batch
    chunk_bytes_batch = await self.array_bytes_codec.encode(
                        ^^^^^^^^^^^^^^^^^^^^^^^^^^^^^^^^^^^^
  File "/home/francesco/miniconda3/envs/ndvi/lib/python3.11/site-packages/zarr/abc/codec.py", line 152, in encode
    return await _batching_helper(self._encode_single, chunks_and_specs)
           ^^^^^^^^^^^^^^^^^^^^^^^^^^^^^^^^^^^^^^^^^^^^^^^^^^^^^^^^^^^^^
  File "/home/francesco/miniconda3/envs/ndvi/lib/python3.11/site-packages/zarr/abc/codec.py", line 407, in _batching_helper
    return await concurrent_map(
           ^^^^^^^^^^^^^^^^^^^^^
  File "/home/francesco/miniconda3/envs/ndvi/lib/python3.11/site-packages/zarr/core/common.py", line 68, in concurrent_map
    return await asyncio.gather(*[asyncio.ensure_future(run(item)) for item in items])
           ^^^^^^^^^^^^^^^^^^^^^^^^^^^^^^^^^^^^^^^^^^^^^^^^^^^^^^^^^^^^^^^^^^^^^^^^^^^
  File "/home/francesco/miniconda3/envs/ndvi/lib/python3.11/site-packages/zarr/core/common.py", line 66, in run
    return await func(*item)
           ^^^^^^^^^^^^^^^^^
  File "/home/francesco/miniconda3/envs/ndvi/lib/python3.11/site-packages/zarr/abc/codec.py", line 420, in wrap
    return await func(chunk, chunk_spec)
           ^^^^^^^^^^^^^^^^^^^^^^^^^^^^^
  File "/home/francesco/miniconda3/envs/ndvi/lib/python3.11/site-packages/zarr/codecs/vlen_utf8.py", line 127, in _encode_single
    _vlen_bytes_codec.encode(chunk_array.as_numpy_array())
  File "numcodecs/vlen.pyx", line 234, in numcodecs.vlen.VLenBytes.encode
TypeError: expected byte string, found array(b'1900-01-01', dtype=object)
