/home/francesco/miniconda3/envs/ndvi/lib/python3.11/site-packages/zarr/codecs/vlen_utf8.py:99: UserWarning: The codec `vlen-bytes` is currently not part in the Zarr format 3 specification. It may not be supported by other zarr implementations and may change in the future.
  return cls(**configuration_parsed)
Loaded NDVI with shape (105715396, 1137), 1137 unique dates.
Generated 3073 daily dates from 2017-04-03 to 2025-08-31
Window cols 21390..22690, rows 17800..19100
Selected 1000014 masked pixels
Subset has 1000014 pixels.
NDVI array shape: (105715396, 1137)
Detected (pixel, time)
/home/francesco/data_scratch/swiss-ndvi-processing/workflow_implementation/00_create_demo_zarr_folder.py:117: DeprecationWarning: Use Group.create_array instead.
  subset_group.create_dataset("dates", data=dates_data, shape=dates_data.shape, dtype="S10")
/home/francesco/miniconda3/envs/ndvi/lib/python3.11/site-packages/zarr/codecs/vlen_utf8.py:99: UserWarning: The codec `vlen-bytes` is currently not part in the Zarr format 3 specification. It may not be supported by other zarr implementations and may change in the future.
  return cls(**configuration_parsed)
/home/francesco/miniconda3/envs/ndvi/lib/python3.11/site-packages/zarr/core/array.py:3989: UserWarning: The dtype `|S10` is currently not part in the Zarr format 3 specification. It may not be supported by other zarr implementations and may change in the future.
  meta = AsyncArray._create_metadata_v3(
/home/francesco/data_scratch/swiss-ndvi-processing/workflow_implementation/00_create_demo_zarr_folder.py:120: DeprecationWarning: Use Group.create_array instead.
  subset_group.create_dataset(
/home/francesco/data_scratch/swiss-ndvi-processing/workflow_implementation/00_create_demo_zarr_folder.py:129: DeprecationWarning: Use Group.create_array instead.
  subset_group.create_dataset(
/home/francesco/data_scratch/swiss-ndvi-processing/workflow_implementation/00_create_demo_zarr_folder.py:143: DeprecationWarning: Use Group.create_array instead.
  param_group.create_dataset(
/home/francesco/data_scratch/swiss-ndvi-processing/workflow_implementation/00_create_demo_zarr_folder.py:149: DeprecationWarning: Use Group.create_array instead.
  param_group.create_dataset(
/home/francesco/data_scratch/swiss-ndvi-processing/workflow_implementation/00_create_demo_zarr_folder.py:160: DeprecationWarning: Use Group.create_array instead.
  subset_group.create_dataset(
/home/francesco/miniconda3/envs/ndvi/lib/python3.11/site-packages/zarr/codecs/vlen_utf8.py:99: UserWarning: The codec `vlen-bytes` is currently not part in the Zarr format 3 specification. It may not be supported by other zarr implementations and may change in the future.
  return cls(**configuration_parsed)
/home/francesco/miniconda3/envs/ndvi/lib/python3.11/site-packages/zarr/core/array.py:3989: UserWarning: The dtype `|S10` is currently not part in the Zarr format 3 specification. It may not be supported by other zarr implementations and may change in the future.
  meta = AsyncArray._create_metadata_v3(
✅ Daily NDVI Zarr created at: /data_2/scratch/francesco/zarr_demo_daily/
Total time: 56.9 s
